/root/HW/RL_qizhi-main/PPO-Humanoid/ENTER/envs/BHW/lib/python3.10/site-packages/jax/_src/interpreters/xla.py:119: RuntimeWarning: overflow encountered in cast
  return np.asarray(x, dtypes.canonicalize_dtype(x.dtype))
2025-12-22 11:44:35.196814: W external/xla/xla/service/gpu/autotuning/dot_search_space.cc:200] All configs were filtered out because none of them sufficiently match the hints. Maybe the hints set does not contain a good representative set of valid configs?Working around this by using the full hints set instead.
2025-12-22 11:44:35.196932: W external/xla/xla/service/gpu/autotuning/dot_search_space.cc:200] All configs were filtered out because none of them sufficiently match the hints. Maybe the hints set does not contain a good representative set of valid configs?Working around this by using the full hints set instead.
2025-12-22 11:44:35.196958: W external/xla/xla/service/gpu/autotuning/dot_search_space.cc:200] All configs were filtered out because none of them sufficiently match the hints. Maybe the hints set does not contain a good representative set of valid configs?Working around this by using the full hints set instead.
MuJoCo Playground Leap Cube Reorient 训练程序
============================================================

[第一部分] 环境设置
------------------------------
=== 检查和安装Python依赖包 ===
✓ MuJoCo物理模拟引擎 已安装
Failed to import warp: No module named 'warp'
Failed to import mujoco_warp: No module named 'warp'
✓ MuJoCo JAX加速版本 已安装
✓ Brax强化学习框架 已安装
✓ 虚拟显示器 已安装
✓ OpenCV计算机视觉库 已安装
✓ 媒体处理库 已安装
✓ MuJoCo Playground环境 已安装
=== 检查和安装系统依赖包 ===
正在执行: 更新包列表
✓ apt update
Hit:1 https://mirrors.cqupt.edu.cn/ubuntu jammy InRelease
Hit:2 https://mirrors.cqupt.edu.cn/ubuntu jammy-updates InRelease
Hit:3 https://mirrors.cqupt.edu.cn/ubuntu jammy-backports InRelease
Hit:4 http://security.ubuntu.com/ubuntu jammy-security InRelease
Reading package lists...
Building dependency tree...
Reading state information...
139 packages can be upgraded. Run 'apt list --upgradable' to see them.
正在执行: 安装FFmpeg
✓ apt install -y ffmpeg
Reading package lists...
Building dependency tree...
Reading state information...
The following additional packages will be installed:
  i965-va-driver intel-media-va-driver libaacs0 libaom3 libass9 libasyncns0
  libavc1394-0 libavcodec58 libavdevice58 libavfilter7 libavformat58
  libavutil56 libbdplus0 libbluray2 libbs2b0 libcaca0 libcairo-gobject2
  libcdio-cdda2 libcdio-paranoia2 libcdio19 libchromaprint1 libcodec2-1.0
  libdav1d5 libdc1394-25 libdecor-0-0 libdecor-0-plugin-1-cairo libflite1
  libgbm1 libgdk-pixbuf-2.0-0 libgdk-pixbuf2.0-bin libgdk-pixbuf2.0-common
  libgme0 libiec61883-0 libigdgmm12 libjack-jackd2-0 liblilv-0-0 libmfx1
  libmp3lame0 libmpg123-0 libmysofa1 libnorm1 libopenal-data libopenal1
  libopenmpt0 libpgm-5.3-0 libpocketsphinx3 libpostproc55 libpulse0
  librabbitmq4 libraw1394-11 librsvg2-2 librsvg2-common librubberband2
  libsamplerate0 libsdl2-2.0-0 libserd-0-0 libshine3 libslang2 libsndio7.0
  libsord-0-0 libsoxr0 libspeex1 libsphinxbase3 libsratom-0-0 libsrt1.4-gnutls
  libssh-gcrypt-4 libswresample3 libswscale5 libtheora0 libtwolame0
  libudfread0 libusb-1.0-0 libva-drm2 libva-x11-2 libva2 libvdpau1
  libvidstab1.1 libvpx7 libwayland-client0 libwayland-cursor0 libwayland-egl1
  libwayland-server0 libx264-163 libx265-199 libxcb-shape0 libxcursor1 libxi6
  libxinerama1 libxkbcommon0 libxrandr2 libxss1 libxv1 libxvidcore4 libzimg2
  libzmq5 libzvbi-common libzvbi0 mesa-va-drivers mesa-vdpau-drivers
  ocl-icd-libopencl1 pocketsphinx-en-us shared-mime-info va-driver-all
  vdpau-driver-all x11-common xkb-data
Suggested packages:
  ffmpeg-doc i965-va-driver-shaders libcuda1 libnvcuvid1 libnvidia-encode1
  libbluray-bdj jackd2 libportaudio2 pulseaudio libraw1394-doc librsvg2-bin
  xdg-utils serdi sndiod sordi speex opencl-icd libvdpau-va-gl1
The following NEW packages will be installed:
  ffmpeg i965-va-driver intel-media-va-driver libaacs0 libaom3 libass9
  libasyncns0 libavc1394-0 libavcodec58 libavdevice58 libavfilter7
  libavformat58 libavutil56 libbdplus0 libbluray2 libbs2b0 libcaca0
  libcairo-gobject2 libcdio-cdda2 libcdio-paranoia2 libcdio19 libchromaprint1
  libcodec2-1.0 libdav1d5 libdc1394-25 libdecor-0-0 libdecor-0-plugin-1-cairo
  libflite1 libgbm1 libgdk-pixbuf-2.0-0 libgdk-pixbuf2.0-bin
  libgdk-pixbuf2.0-common libgme0 libiec61883-0 libigdgmm12 libjack-jackd2-0
  liblilv-0-0 libmfx1 libmp3lame0 libmpg123-0 libmysofa1 libnorm1
  libopenal-data libopenal1 libopenmpt0 libpgm-5.3-0 libpocketsphinx3
  libpostproc55 libpulse0 librabbitmq4 libraw1394-11 librsvg2-2
  librsvg2-common librubberband2 libsamplerate0 libsdl2-2.0-0 libserd-0-0
  libshine3 libslang2 libsndio7.0 libsord-0-0 libsoxr0 libspeex1
  libsphinxbase3 libsratom-0-0 libsrt1.4-gnutls libssh-gcrypt-4 libswresample3
  libswscale5 libtheora0 libtwolame0 libudfread0 libusb-1.0-0 libva-drm2
  libva-x11-2 libva2 libvdpau1 libvidstab1.1 libvpx7 libwayland-client0
  libwayland-cursor0 libwayland-egl1 libwayland-server0 libx264-163
  libx265-199 libxcb-shape0 libxcursor1 libxi6 libxinerama1 libxkbcommon0
  libxrandr2 libxss1 libxv1 libxvidcore4 libzimg2 libzmq5 libzvbi-common
  libzvbi0 mesa-va-drivers mesa-vdpau-drivers ocl-icd-libopencl1
  pocketsphinx-en-us shared-mime-info va-driver-all vdpau-driver-all
  x11-common xkb-data
0 upgraded, 107 newly installed, 0 to remove and 139 not upgraded.
Need to get 93.4 MB of archives.
After this operation, 247 MB of additional disk space will be used.
Get:1 https://mirrors.cqupt.edu.cn/ubuntu jammy/main amd64 libslang2 amd64 2.3.2-5build4 [468 kB]
Get:2 https://mirrors.cqupt.edu.cn/ubuntu jammy/main amd64 shared-mime-info amd64 2.1-2 [454 kB]
Get:3 https://mirrors.cqupt.edu.cn/ubuntu jammy/main amd64 xkb-data all 2.33-1 [394 kB]
Get:4 https://mirrors.cqupt.edu.cn/ubuntu jammy-updates/main amd64 libusb-1.0-0 amd64 2:1.0.25-1ubuntu2 [52.7 kB]
Get:5 https://mirrors.cqupt.edu.cn/ubuntu jammy-updates/universe amd64 libaom3 amd64 3.3.0-1ubuntu0.1 [1748 kB]
Get:6 https://mirrors.cqupt.edu.cn/ubuntu jammy/universe amd64 libva2 amd64 2.14.0-1 [65.0 kB]
Get:7 https://mirrors.cqupt.edu.cn/ubuntu jammy/universe amd64 libmfx1 amd64 22.3.0-1 [3105 kB]
Get:8 https://mirrors.cqupt.edu.cn/ubuntu jammy/universe amd64 libva-drm2 amd64 2.14.0-1 [7502 B]
Get:9 https://mirrors.cqupt.edu.cn/ubuntu jammy/universe amd64 libva-x11-2 amd64 2.14.0-1 [12.6 kB]
Get:10 https://mirrors.cqupt.edu.cn/ubuntu jammy/main amd64 libvdpau1 amd64 1.4-3build2 [27.0 kB]
Get:11 https://mirrors.cqupt.edu.cn/ubuntu jammy/universe amd64 ocl-icd-libopencl1 amd64 2.2.14-3 [39.1 kB]
Get:12 https://mirrors.cqupt.edu.cn/ubuntu jammy-updates/universe amd64 libavutil56 amd64 7:4.4.2-0ubuntu0.22.04.1 [290 kB]
Get:13 https://mirrors.cqupt.edu.cn/ubuntu jammy/universe amd64 libcodec2-1.0 amd64 1.0.1-3 [8435 kB]
Get:14 https://mirrors.cqupt.edu.cn/ubuntu jammy/universe amd64 libdav1d5 amd64 0.9.2-1 [463 kB]
Get:15 https://mirrors.cqupt.edu.cn/ubuntu jammy/main amd64 libmp3lame0 amd64 3.100-3build2 [141 kB]
Get:16 https://mirrors.cqupt.edu.cn/ubuntu jammy/main amd64 libcairo-gobject2 amd64 1.16.0-5ubuntu2 [19.4 kB]
Get:17 https://mirrors.cernet.edu.cn/ubuntu jammy-updates/main amd64 libgdk-pixbuf2.0-common all 2.42.8+dfsg-1ubuntu0.4 [5546 B]
Get:18 https://mirrors.cernet.edu.cn/ubuntu jammy-updates/main amd64 libgdk-pixbuf-2.0-0 amd64 2.42.8+dfsg-1ubuntu0.4 [148 kB]
Get:19 https://mirrors.cernet.edu.cn/ubuntu jammy-updates/main amd64 librsvg2-2 amd64 2.52.5+dfsg-3ubuntu0.2 [2974 kB]
Get:20 https://mirrors.cqupt.edu.cn/ubuntu jammy/universe amd64 libshine3 amd64 3.1.1-2 [23.2 kB]
Get:21 https://mirrors.cernet.edu.cn/ubuntu jammy/main amd64 libspeex1 amd64 1.2~rc1.2-1.1ubuntu3 [57.9 kB]
Get:22 https://mirrors.cqupt.edu.cn/ubuntu jammy/main amd64 libsoxr0 amd64 0.1.3-4build2 [79.8 kB]
Get:23 https://mirrors.cqupt.edu.cn/ubuntu jammy-updates/universe amd64 libswresample3 amd64 7:4.4.2-0ubuntu0.22.04.1 [62.2 kB]
Get:24 https://mirrors.cernet.edu.cn/ubuntu jammy/main amd64 libtheora0 amd64 1.1.1+dfsg.1-15ubuntu4 [209 kB]
Get:25 https://mirrors.cqupt.edu.cn/ubuntu jammy/main amd64 libtwolame0 amd64 0.4.0-2build2 [52.5 kB]
Get:26 https://mirrors.cqupt.edu.cn/ubuntu jammy-updates/main amd64 libvpx7 amd64 1.11.0-2ubuntu2.4 [1078 kB]
Get:27 https://mirrors.cernet.edu.cn/ubuntu jammy/universe amd64 libx264-163 amd64 2:0.163.3060+git5db6aa6-2build1 [591 kB]
Get:28 https://mirrors.cqupt.edu.cn/ubuntu jammy/universe amd64 libx265-199 amd64 3.5-2 [1170 kB]
Get:29 https://mirrors.cqupt.edu.cn/ubuntu jammy/universe amd64 libxvidcore4 amd64 2:1.3.7-1 [201 kB]
Get:30 https://mirrors.cqupt.edu.cn/ubuntu jammy/universe amd64 libzvbi-common all 0.2.35-19 [35.5 kB]
Get:31 https://mirrors.cqupt.edu.cn/ubuntu jammy/universe amd64 libzvbi0 amd64 0.2.35-19 [262 kB]
Get:32 https://mirrors.cqupt.edu.cn/ubuntu jammy-updates/universe amd64 libavcodec58 amd64 7:4.4.2-0ubuntu0.22.04.1 [5567 kB]
Get:33 https://mirrors.cqupt.edu.cn/ubuntu jammy/main amd64 libraw1394-11 amd64 2.1.2-2build2 [27.0 kB]
Get:34 https://mirrors.cqupt.edu.cn/ubuntu jammy/main amd64 libavc1394-0 amd64 0.5.4-5build2 [17.0 kB]
Get:35 https://mirrors.cqupt.edu.cn/ubuntu jammy/universe amd64 libass9 amd64 1:0.15.2-1 [97.5 kB]
Get:36 https://mirrors.cqupt.edu.cn/ubuntu jammy/universe amd64 libudfread0 amd64 1.1.2-1 [16.2 kB]
Get:37 https://mirrors.cqupt.edu.cn/ubuntu jammy/universe amd64 libbluray2 amd64 1:1.3.1-1 [159 kB]
Get:38 https://mirrors.cqupt.edu.cn/ubuntu jammy/universe amd64 libchromaprint1 amd64 1.5.1-2 [28.4 kB]
Get:39 https://mirrors.cqupt.edu.cn/ubuntu jammy/universe amd64 libgme0 amd64 0.6.3-2 [127 kB]
Get:40 https://mirrors.cqupt.edu.cn/ubuntu jammy-updates/main amd64 libmpg123-0 amd64 1.29.3-1ubuntu0.1 [172 kB]
Get:41 https://mirrors.cqupt.edu.cn/ubuntu jammy/universe amd64 libopenmpt0 amd64 0.6.1-1 [592 kB]
Get:42 https://mirrors.cqupt.edu.cn/ubuntu jammy/main amd64 librabbitmq4 amd64 0.10.0-1ubuntu2 [39.3 kB]
Get:43 https://mirrors.cqupt.edu.cn/ubuntu jammy/universe amd64 libsrt1.4-gnutls amd64 1.4.4-4 [309 kB]
Get:44 https://mirrors.cqupt.edu.cn/ubuntu jammy-updates/main amd64 libssh-gcrypt-4 amd64 0.9.6-2ubuntu0.22.04.5 [224 kB]
Get:45 https://mirrors.cernet.edu.cn/ubuntu jammy/universe amd64 libnorm1 amd64 1.5.9+dfsg-2 [221 kB]
Get:46 https://mirrors.cernet.edu.cn/ubuntu jammy/universe amd64 libpgm-5.3-0 amd64 5.3.128~dfsg-2 [161 kB]
Get:47 https://mirrors.cqupt.edu.cn/ubuntu jammy/universe amd64 libzmq5 amd64 4.3.4-2 [256 kB]
Get:48 https://mirrors.cqupt.edu.cn/ubuntu jammy-updates/universe amd64 libavformat58 amd64 7:4.4.2-0ubuntu0.22.04.1 [1103 kB]
Get:49 https://mirrors.cernet.edu.cn/ubuntu jammy/universe amd64 libbs2b0 amd64 3.1.0+dfsg-2.2build1 [10.2 kB]
Get:50 https://mirrors.cqupt.edu.cn/ubuntu jammy/universe amd64 libflite1 amd64 2.2-3 [13.7 MB]
Get:51 https://mirrors.cqupt.edu.cn/ubuntu jammy/universe amd64 libserd-0-0 amd64 0.30.10-2 [40.8 kB]
Get:52 https://mirrors.cqupt.edu.cn/ubuntu jammy/universe amd64 libsord-0-0 amd64 0.16.8-2 [21.2 kB]
Get:53 https://mirrors.cqupt.edu.cn/ubuntu jammy/universe amd64 libsratom-0-0 amd64 0.6.8-1 [17.0 kB]
Get:54 https://mirrors.cqupt.edu.cn/ubuntu jammy/universe amd64 liblilv-0-0 amd64 0.24.12-2 [42.8 kB]
Get:55 https://mirrors.cernet.edu.cn/ubuntu jammy/universe amd64 libmysofa1 amd64 1.2.1~dfsg0-1 [1157 kB]
Get:56 https://mirrors.cqupt.edu.cn/ubuntu jammy/main amd64 libasyncns0 amd64 0.8-6build2 [12.8 kB]
Get:57 https://mirrors.cernet.edu.cn/ubuntu jammy-updates/main amd64 libpulse0 amd64 1:15.99.1+dfsg1-1ubuntu2.2 [298 kB]
Get:58 https://mirrors.cernet.edu.cn/ubuntu jammy/universe amd64 libsphinxbase3 amd64 0.8+5prealpha+1-13build1 [126 kB]
Get:59 https://mirrors.cernet.edu.cn/ubuntu jammy/universe amd64 libpocketsphinx3 amd64 0.8.0+real5prealpha+1-14ubuntu1 [132 kB]
Get:60 https://mirrors.cqupt.edu.cn/ubuntu jammy-updates/universe amd64 libpostproc55 amd64 7:4.4.2-0ubuntu0.22.04.1 [60.1 kB]
Get:61 https://mirrors.cqupt.edu.cn/ubuntu jammy/main amd64 libsamplerate0 amd64 0.2.2-1build1 [1359 kB]
Get:62 https://mirrors.cqupt.edu.cn/ubuntu jammy/universe amd64 librubberband2 amd64 2.0.0-2 [90.0 kB]
Get:63 https://mirrors.cqupt.edu.cn/ubuntu jammy-updates/universe amd64 libswscale5 amd64 7:4.4.2-0ubuntu0.22.04.1 [180 kB]
Get:64 https://mirrors.cqupt.edu.cn/ubuntu jammy/universe amd64 libvidstab1.1 amd64 1.1.0-2 [35.0 kB]
Get:65 https://mirrors.cernet.edu.cn/ubuntu jammy/universe amd64 libzimg2 amd64 3.0.3+ds1-1 [241 kB]
Get:66 https://mirrors.cqupt.edu.cn/ubuntu jammy-updates/universe amd64 libavfilter7 amd64 7:4.4.2-0ubuntu0.22.04.1 [1496 kB]
Get:67 https://mirrors.cqupt.edu.cn/ubuntu jammy/main amd64 libcaca0 amd64 0.99.beta19-2.2ubuntu4 [224 kB]
Get:68 https://mirrors.cqupt.edu.cn/ubuntu jammy-updates/main amd64 libcdio19 amd64 2.1.0-3ubuntu0.2 [63.6 kB]
Get:69 https://mirrors.cernet.edu.cn/ubuntu jammy/main amd64 libcdio-cdda2 amd64 10.2+2.0.0-1build3 [16.7 kB]
Get:70 https://mirrors.cernet.edu.cn/ubuntu jammy/main amd64 libcdio-paranoia2 amd64 10.2+2.0.0-1build3 [15.9 kB]
Get:71 https://mirrors.cqupt.edu.cn/ubuntu jammy/universe amd64 libdc1394-25 amd64 2.2.6-4 [88.8 kB]
Get:72 https://mirrors.cqupt.edu.cn/ubuntu jammy/main amd64 libiec61883-0 amd64 1.2.0-4build3 [25.9 kB]
Get:73 https://mirrors.cernet.edu.cn/ubuntu jammy/main amd64 libjack-jackd2-0 amd64 1.9.20~dfsg-1 [293 kB]
Get:74 https://mirrors.cqupt.edu.cn/ubuntu jammy/universe amd64 libopenal-data all 1:1.19.1-2build3 [164 kB]
Get:75 https://mirrors.cqupt.edu.cn/ubuntu jammy/universe amd64 libsndio7.0 amd64 1.8.1-1.1 [29.3 kB]
Get:76 https://mirrors.cqupt.edu.cn/ubuntu jammy/universe amd64 libopenal1 amd64 1:1.19.1-2build3 [535 kB]
Get:77 https://mirrors.cqupt.edu.cn/ubuntu jammy-updates/main amd64 libwayland-client0 amd64 1.20.0-1ubuntu0.1 [25.9 kB]
Get:78 https://mirrors.cqupt.edu.cn/ubuntu jammy/main amd64 libdecor-0-0 amd64 0.1.0-3build1 [15.1 kB]
Get:79 https://mirrors.cqupt.edu.cn/ubuntu jammy-updates/main amd64 libwayland-server0 amd64 1.20.0-1ubuntu0.1 [34.3 kB]
Get:80 https://mirrors.cernet.edu.cn/ubuntu jammy-updates/main amd64 libgbm1 amd64 23.2.1-1ubuntu3.1~22.04.3 [33.5 kB]
Get:81 https://mirrors.cqupt.edu.cn/ubuntu jammy-updates/main amd64 libwayland-cursor0 amd64 1.20.0-1ubuntu0.1 [10.7 kB]
Get:82 https://mirrors.cqupt.edu.cn/ubuntu jammy-updates/main amd64 libwayland-egl1 amd64 1.20.0-1ubuntu0.1 [5582 B]
Get:83 https://mirrors.cqupt.edu.cn/ubuntu jammy/main amd64 libxcursor1 amd64 1:1.2.0-2build4 [20.9 kB]
Get:84 https://mirrors.cqupt.edu.cn/ubuntu jammy/main amd64 libxi6 amd64 2:1.8-1build1 [32.6 kB]
Get:85 https://mirrors.cqupt.edu.cn/ubuntu jammy/main amd64 libxinerama1 amd64 2:1.1.4-3 [7382 B]
Get:86 https://mirrors.cqupt.edu.cn/ubuntu jammy/main amd64 libxkbcommon0 amd64 1.4.0-1 [125 kB]
Get:87 https://mirrors.cqupt.edu.cn/ubuntu jammy/main amd64 libxrandr2 amd64 2:1.5.2-1build1 [20.4 kB]
Get:88 https://mirrors.cernet.edu.cn/ubuntu jammy/main amd64 x11-common all 1:7.7+23ubuntu2 [23.4 kB]
Get:89 https://mirrors.cqupt.edu.cn/ubuntu jammy/main amd64 libxss1 amd64 1:1.2.3-1build2 [8476 B]
Get:90 https://mirrors.cernet.edu.cn/ubuntu jammy-updates/main amd64 libsdl2-2.0-0 amd64 2.0.20+dfsg-2ubuntu1.22.04.1 [582 kB]
Get:91 https://mirrors.cqupt.edu.cn/ubuntu jammy/main amd64 libxcb-shape0 amd64 1.14-3ubuntu3 [6158 B]
Get:92 https://mirrors.cqupt.edu.cn/ubuntu jammy/main amd64 libxv1 amd64 2:1.0.11-1build2 [11.2 kB]
Get:93 https://mirrors.cqupt.edu.cn/ubuntu jammy-updates/universe amd64 libavdevice58 amd64 7:4.4.2-0ubuntu0.22.04.1 [87.5 kB]
Get:94 https://mirrors.cqupt.edu.cn/ubuntu jammy-updates/universe amd64 ffmpeg amd64 7:4.4.2-0ubuntu0.22.04.1 [1696 kB]
Get:95 https://mirrors.cernet.edu.cn/ubuntu jammy/universe amd64 libigdgmm12 amd64 22.1.2+ds1-1 [139 kB]
Get:96 https://mirrors.cernet.edu.cn/ubuntu jammy-updates/universe amd64 intel-media-va-driver amd64 22.3.1+dfsg1-1ubuntu2 [2283 kB]
Get:97 https://mirrors.cqupt.edu.cn/ubuntu jammy/universe amd64 libaacs0 amd64 0.11.1-1 [64.1 kB]
Get:98 https://mirrors.cqupt.edu.cn/ubuntu jammy/universe amd64 libbdplus0 amd64 0.2.0-1 [52.2 kB]
Get:99 https://mirrors.cqupt.edu.cn/ubuntu jammy/main amd64 libdecor-0-plugin-1-cairo amd64 0.1.0-3build1 [20.4 kB]
Get:100 https://mirrors.cernet.edu.cn/ubuntu jammy-updates/main amd64 libgdk-pixbuf2.0-bin amd64 2.42.8+dfsg-1ubuntu0.4 [14.1 kB]
Get:101 https://mirrors.cernet.edu.cn/ubuntu jammy-updates/main amd64 librsvg2-common amd64 2.52.5+dfsg-3ubuntu0.2 [17.7 kB]
Get:102 https://mirrors.cernet.edu.cn/ubuntu jammy-updates/universe amd64 mesa-va-drivers amd64 23.2.1-1ubuntu3.1~22.04.3 [4100 kB]
Get:103 https://mirrors.cernet.edu.cn/ubuntu jammy-updates/main amd64 mesa-vdpau-drivers amd64 23.2.1-1ubuntu3.1~22.04.3 [3820 kB]
Get:104 https://mirrors.cernet.edu.cn/ubuntu jammy/universe amd64 i965-va-driver amd64 2.4.1+dfsg1-1 [302 kB]
Get:105 https://mirrors.cqupt.edu.cn/ubuntu jammy/universe amd64 va-driver-all amd64 2.14.0-1 [3984 B]
Get:106 https://mirrors.cqupt.edu.cn/ubuntu jammy/main amd64 vdpau-driver-all amd64 1.4-3build2 [4510 B]
Get:107 https://mirrors.cernet.edu.cn/ubuntu jammy/universe amd64 pocketsphinx-en-us all 0.8.0+real5prealpha+1-14ubuntu1 [27.6 MB]
Fetched 93.4 MB in 3min 34s (436 kB/s)
Selecting previously unselected package libslang2:amd64.
(Reading database ... 
(Reading database ... 5%
(Reading database ... 10%
(Reading database ... 15%
(Reading database ... 20%
(Reading database ... 25%
(Reading database ... 30%
(Reading database ... 35%
(Reading database ... 40%
(Reading database ... 45%
(Reading database ... 50%
(Reading database ... 55%
(Reading database ... 60%
(Reading database ... 65%
(Reading database ... 70%
(Reading database ... 75%
(Reading database ... 80%
(Reading database ... 85%
(Reading database ... 90%
(Reading database ... 95%
(Reading database ... 100%
(Reading database ... 33842 files and directories currently installed.)
Preparing to unpack .../000-libslang2_2.3.2-5build4_amd64.deb ...
Unpacking libslang2:amd64 (2.3.2-5build4) ...
Selecting previously unselected package shared-mime-info.
Preparing to unpack .../001-shared-mime-info_2.1-2_amd64.deb ...
Unpacking shared-mime-info (2.1-2) ...
Selecting previously unselected package xkb-data.
Preparing to unpack .../002-xkb-data_2.33-1_all.deb ...
Unpacking xkb-data (2.33-1) ...
Selecting previously unselected package libusb-1.0-0:amd64.
Preparing to unpack .../003-libusb-1.0-0_2%3a1.0.25-1ubuntu2_amd64.deb ...
Unpacking libusb-1.0-0:amd64 (2:1.0.25-1ubuntu2) ...
Selecting previously unselected package libaom3:amd64.
Preparing to unpack .../004-libaom3_3.3.0-1ubuntu0.1_amd64.deb ...
Unpacking libaom3:amd64 (3.3.0-1ubuntu0.1) ...
Selecting previously unselected package libva2:amd64.
Preparing to unpack .../005-libva2_2.14.0-1_amd64.deb ...
Unpacking libva2:amd64 (2.14.0-1) ...
Selecting previously unselected package libmfx1:amd64.
Preparing to unpack .../006-libmfx1_22.3.0-1_amd64.deb ...
Unpacking libmfx1:amd64 (22.3.0-1) ...
Selecting previously unselected package libva-drm2:amd64.
Preparing to unpack .../007-libva-drm2_2.14.0-1_amd64.deb ...
Unpacking libva-drm2:amd64 (2.14.0-1) ...
Selecting previously unselected package libva-x11-2:amd64.
Preparing to unpack .../008-libva-x11-2_2.14.0-1_amd64.deb ...
Unpacking libva-x11-2:amd64 (2.14.0-1) ...
Selecting previously unselected package libvdpau1:amd64.
Preparing to unpack .../009-libvdpau1_1.4-3build2_amd64.deb ...
Unpacking libvdpau1:amd64 (1.4-3build2) ...
Selecting previously unselected package ocl-icd-libopencl1:amd64.
Preparing to unpack .../010-ocl-icd-libopencl1_2.2.14-3_amd64.deb ...
Unpacking ocl-icd-libopencl1:amd64 (2.2.14-3) ...
Selecting previously unselected package libavutil56:amd64.
Preparing to unpack .../011-libavutil56_7%3a4.4.2-0ubuntu0.22.04.1_amd64.deb ...
Unpacking libavutil56:amd64 (7:4.4.2-0ubuntu0.22.04.1) ...
Selecting previously unselected package libcodec2-1.0:amd64.
Preparing to unpack .../012-libcodec2-1.0_1.0.1-3_amd64.deb ...
Unpacking libcodec2-1.0:amd64 (1.0.1-3) ...
Selecting previously unselected package libdav1d5:amd64.
Preparing to unpack .../013-libdav1d5_0.9.2-1_amd64.deb ...
Unpacking libdav1d5:amd64 (0.9.2-1) ...
Selecting previously unselected package libmp3lame0:amd64.
Preparing to unpack .../014-libmp3lame0_3.100-3build2_amd64.deb ...
Unpacking libmp3lame0:amd64 (3.100-3build2) ...
Selecting previously unselected package libcairo-gobject2:amd64.
Preparing to unpack .../015-libcairo-gobject2_1.16.0-5ubuntu2_amd64.deb ...
Unpacking libcairo-gobject2:amd64 (1.16.0-5ubuntu2) ...
Selecting previously unselected package libgdk-pixbuf2.0-common.
Preparing to unpack .../016-libgdk-pixbuf2.0-common_2.42.8+dfsg-1ubuntu0.4_all.deb ...
Unpacking libgdk-pixbuf2.0-common (2.42.8+dfsg-1ubuntu0.4) ...
Selecting previously unselected package libgdk-pixbuf-2.0-0:amd64.
Preparing to unpack .../017-libgdk-pixbuf-2.0-0_2.42.8+dfsg-1ubuntu0.4_amd64.deb ...
Unpacking libgdk-pixbuf-2.0-0:amd64 (2.42.8+dfsg-1ubuntu0.4) ...
Selecting previously unselected package librsvg2-2:amd64.
Preparing to unpack .../018-librsvg2-2_2.52.5+dfsg-3ubuntu0.2_amd64.deb ...
Unpacking librsvg2-2:amd64 (2.52.5+dfsg-3ubuntu0.2) ...
Selecting previously unselected package libshine3:amd64.
Preparing to unpack .../019-libshine3_3.1.1-2_amd64.deb ...
Unpacking libshine3:amd64 (3.1.1-2) ...
Selecting previously unselected package libspeex1:amd64.
Preparing to unpack .../020-libspeex1_1.2~rc1.2-1.1ubuntu3_amd64.deb ...
Unpacking libspeex1:amd64 (1.2~rc1.2-1.1ubuntu3) ...
Selecting previously unselected package libsoxr0:amd64.
Preparing to unpack .../021-libsoxr0_0.1.3-4build2_amd64.deb ...
Unpacking libsoxr0:amd64 (0.1.3-4build2) ...
Selecting previously unselected package libswresample3:amd64.
Preparing to unpack .../022-libswresample3_7%3a4.4.2-0ubuntu0.22.04.1_amd64.deb ...
Unpacking libswresample3:amd64 (7:4.4.2-0ubuntu0.22.04.1) ...
Selecting previously unselected package libtheora0:amd64.
Preparing to unpack .../023-libtheora0_1.1.1+dfsg.1-15ubuntu4_amd64.deb ...
Unpacking libtheora0:amd64 (1.1.1+dfsg.1-15ubuntu4) ...
Selecting previously unselected package libtwolame0:amd64.
Preparing to unpack .../024-libtwolame0_0.4.0-2build2_amd64.deb ...
Unpacking libtwolame0:amd64 (0.4.0-2build2) ...
Selecting previously unselected package libvpx7:amd64.
Preparing to unpack .../025-libvpx7_1.11.0-2ubuntu2.4_amd64.deb ...
Unpacking libvpx7:amd64 (1.11.0-2ubuntu2.4) ...
Selecting previously unselected package libx264-163:amd64.
Preparing to unpack .../026-libx264-163_2%3a0.163.3060+git5db6aa6-2build1_amd64.deb ...
Unpacking libx264-163:amd64 (2:0.163.3060+git5db6aa6-2build1) ...
Selecting previously unselected package libx265-199:amd64.
Preparing to unpack .../027-libx265-199_3.5-2_amd64.deb ...
Unpacking libx265-199:amd64 (3.5-2) ...
Selecting previously unselected package libxvidcore4:amd64.
Preparing to unpack .../028-libxvidcore4_2%3a1.3.7-1_amd64.deb ...
Unpacking libxvidcore4:amd64 (2:1.3.7-1) ...
Selecting previously unselected package libzvbi-common.
Preparing to unpack .../029-libzvbi-common_0.2.35-19_all.deb ...
Unpacking libzvbi-common (0.2.35-19) ...
Selecting previously unselected package libzvbi0:amd64.
Preparing to unpack .../030-libzvbi0_0.2.35-19_amd64.deb ...
Unpacking libzvbi0:amd64 (0.2.35-19) ...
Selecting previously unselected package libavcodec58:amd64.
Preparing to unpack .../031-libavcodec58_7%3a4.4.2-0ubuntu0.22.04.1_amd64.deb ...
Unpacking libavcodec58:amd64 (7:4.4.2-0ubuntu0.22.04.1) ...
Selecting previously unselected package libraw1394-11:amd64.
Preparing to unpack .../032-libraw1394-11_2.1.2-2build2_amd64.deb ...
Unpacking libraw1394-11:amd64 (2.1.2-2build2) ...
Selecting previously unselected package libavc1394-0:amd64.
Preparing to unpack .../033-libavc1394-0_0.5.4-5build2_amd64.deb ...
Unpacking libavc1394-0:amd64 (0.5.4-5build2) ...
Selecting previously unselected package libass9:amd64.
Preparing to unpack .../034-libass9_1%3a0.15.2-1_amd64.deb ...
Unpacking libass9:amd64 (1:0.15.2-1) ...
Selecting previously unselected package libudfread0:amd64.
Preparing to unpack .../035-libudfread0_1.1.2-1_amd64.deb ...
Unpacking libudfread0:amd64 (1.1.2-1) ...
Selecting previously unselected package libbluray2:amd64.
Preparing to unpack .../036-libbluray2_1%3a1.3.1-1_amd64.deb ...
Unpacking libbluray2:amd64 (1:1.3.1-1) ...
Selecting previously unselected package libchromaprint1:amd64.
Preparing to unpack .../037-libchromaprint1_1.5.1-2_amd64.deb ...
Unpacking libchromaprint1:amd64 (1.5.1-2) ...
Selecting previously unselected package libgme0:amd64.
Preparing to unpack .../038-libgme0_0.6.3-2_amd64.deb ...
Unpacking libgme0:amd64 (0.6.3-2) ...
Selecting previously unselected package libmpg123-0:amd64.
Preparing to unpack .../039-libmpg123-0_1.29.3-1ubuntu0.1_amd64.deb ...
Unpacking libmpg123-0:amd64 (1.29.3-1ubuntu0.1) ...
Selecting previously unselected package libopenmpt0:amd64.
Preparing to unpack .../040-libopenmpt0_0.6.1-1_amd64.deb ...
Unpacking libopenmpt0:amd64 (0.6.1-1) ...
Selecting previously unselected package librabbitmq4:amd64.
Preparing to unpack .../041-librabbitmq4_0.10.0-1ubuntu2_amd64.deb ...
Unpacking librabbitmq4:amd64 (0.10.0-1ubuntu2) ...
Selecting previously unselected package libsrt1.4-gnutls:amd64.
Preparing to unpack .../042-libsrt1.4-gnutls_1.4.4-4_amd64.deb ...
Unpacking libsrt1.4-gnutls:amd64 (1.4.4-4) ...
Selecting previously unselected package libssh-gcrypt-4:amd64.
Preparing to unpack .../043-libssh-gcrypt-4_0.9.6-2ubuntu0.22.04.5_amd64.deb ...
Unpacking libssh-gcrypt-4:amd64 (0.9.6-2ubuntu0.22.04.5) ...
Selecting previously unselected package libnorm1:amd64.
Preparing to unpack .../044-libnorm1_1.5.9+dfsg-2_amd64.deb ...
Unpacking libnorm1:amd64 (1.5.9+dfsg-2) ...
Selecting previously unselected package libpgm-5.3-0:amd64.
Preparing to unpack .../045-libpgm-5.3-0_5.3.128~dfsg-2_amd64.deb ...
Unpacking libpgm-5.3-0:amd64 (5.3.128~dfsg-2) ...
Selecting previously unselected package libzmq5:amd64.
Preparing to unpack .../046-libzmq5_4.3.4-2_amd64.deb ...
Unpacking libzmq5:amd64 (4.3.4-2) ...
Selecting previously unselected package libavformat58:amd64.
Preparing to unpack .../047-libavformat58_7%3a4.4.2-0ubuntu0.22.04.1_amd64.deb ...
Unpacking libavformat58:amd64 (7:4.4.2-0ubuntu0.22.04.1) ...
Selecting previously unselected package libbs2b0:amd64.
Preparing to unpack .../048-libbs2b0_3.1.0+dfsg-2.2build1_amd64.deb ...
Unpacking libbs2b0:amd64 (3.1.0+dfsg-2.2build1) ...
Selecting previously unselected package libflite1:amd64.
Preparing to unpack .../049-libflite1_2.2-3_amd64.deb ...
Unpacking libflite1:amd64 (2.2-3) ...
Selecting previously unselected package libserd-0-0:amd64.
Preparing to unpack .../050-libserd-0-0_0.30.10-2_amd64.deb ...
Unpacking libserd-0-0:amd64 (0.30.10-2) ...
Selecting previously unselected package libsord-0-0:amd64.
Preparing to unpack .../051-libsord-0-0_0.16.8-2_amd64.deb ...
Unpacking libsord-0-0:amd64 (0.16.8-2) ...
Selecting previously unselected package libsratom-0-0:amd64.
Preparing to unpack .../052-libsratom-0-0_0.6.8-1_amd64.deb ...
Unpacking libsratom-0-0:amd64 (0.6.8-1) ...
Selecting previously unselected package liblilv-0-0:amd64.
Preparing to unpack .../053-liblilv-0-0_0.24.12-2_amd64.deb ...
Unpacking liblilv-0-0:amd64 (0.24.12-2) ...
Selecting previously unselected package libmysofa1:amd64.
Preparing to unpack .../054-libmysofa1_1.2.1~dfsg0-1_amd64.deb ...
Unpacking libmysofa1:amd64 (1.2.1~dfsg0-1) ...
Selecting previously unselected package libasyncns0:amd64.
Preparing to unpack .../055-libasyncns0_0.8-6build2_amd64.deb ...
Unpacking libasyncns0:amd64 (0.8-6build2) ...
Selecting previously unselected package libpulse0:amd64.
Preparing to unpack .../056-libpulse0_1%3a15.99.1+dfsg1-1ubuntu2.2_amd64.deb ...
Unpacking libpulse0:amd64 (1:15.99.1+dfsg1-1ubuntu2.2) ...
Selecting previously unselected package libsphinxbase3:amd64.
Preparing to unpack .../057-libsphinxbase3_0.8+5prealpha+1-13build1_amd64.deb ...
Unpacking libsphinxbase3:amd64 (0.8+5prealpha+1-13build1) ...
Selecting previously unselected package libpocketsphinx3:amd64.
Preparing to unpack .../058-libpocketsphinx3_0.8.0+real5prealpha+1-14ubuntu1_amd64.deb ...
Unpacking libpocketsphinx3:amd64 (0.8.0+real5prealpha+1-14ubuntu1) ...
Selecting previously unselected package libpostproc55:amd64.
Preparing to unpack .../059-libpostproc55_7%3a4.4.2-0ubuntu0.22.04.1_amd64.deb ...
Unpacking libpostproc55:amd64 (7:4.4.2-0ubuntu0.22.04.1) ...
Selecting previously unselected package libsamplerate0:amd64.
Preparing to unpack .../060-libsamplerate0_0.2.2-1build1_amd64.deb ...
Unpacking libsamplerate0:amd64 (0.2.2-1build1) ...
Selecting previously unselected package librubberband2:amd64.
Preparing to unpack .../061-librubberband2_2.0.0-2_amd64.deb ...
Unpacking librubberband2:amd64 (2.0.0-2) ...
Selecting previously unselected package libswscale5:amd64.
Preparing to unpack .../062-libswscale5_7%3a4.4.2-0ubuntu0.22.04.1_amd64.deb ...
Unpacking libswscale5:amd64 (7:4.4.2-0ubuntu0.22.04.1) ...
Selecting previously unselected package libvidstab1.1:amd64.
Preparing to unpack .../063-libvidstab1.1_1.1.0-2_amd64.deb ...
Unpacking libvidstab1.1:amd64 (1.1.0-2) ...
Selecting previously unselected package libzimg2:amd64.
Preparing to unpack .../064-libzimg2_3.0.3+ds1-1_amd64.deb ...
Unpacking libzimg2:amd64 (3.0.3+ds1-1) ...
Selecting previously unselected package libavfilter7:amd64.
Preparing to unpack .../065-libavfilter7_7%3a4.4.2-0ubuntu0.22.04.1_amd64.deb ...
Unpacking libavfilter7:amd64 (7:4.4.2-0ubuntu0.22.04.1) ...
Selecting previously unselected package libcaca0:amd64.
Preparing to unpack .../066-libcaca0_0.99.beta19-2.2ubuntu4_amd64.deb ...
Unpacking libcaca0:amd64 (0.99.beta19-2.2ubuntu4) ...
Selecting previously unselected package libcdio19:amd64.
Preparing to unpack .../067-libcdio19_2.1.0-3ubuntu0.2_amd64.deb ...
Unpacking libcdio19:amd64 (2.1.0-3ubuntu0.2) ...
Selecting previously unselected package libcdio-cdda2:amd64.
Preparing to unpack .../068-libcdio-cdda2_10.2+2.0.0-1build3_amd64.deb ...
Unpacking libcdio-cdda2:amd64 (10.2+2.0.0-1build3) ...
Selecting previously unselected package libcdio-paranoia2:amd64.
Preparing to unpack .../069-libcdio-paranoia2_10.2+2.0.0-1build3_amd64.deb ...
Unpacking libcdio-paranoia2:amd64 (10.2+2.0.0-1build3) ...
Selecting previously unselected package libdc1394-25:amd64.
Preparing to unpack .../070-libdc1394-25_2.2.6-4_amd64.deb ...
Unpacking libdc1394-25:amd64 (2.2.6-4) ...
Selecting previously unselected package libiec61883-0:amd64.
Preparing to unpack .../071-libiec61883-0_1.2.0-4build3_amd64.deb ...
Unpacking libiec61883-0:amd64 (1.2.0-4build3) ...
Selecting previously unselected package libjack-jackd2-0:amd64.
Preparing to unpack .../072-libjack-jackd2-0_1.9.20~dfsg-1_amd64.deb ...
Unpacking libjack-jackd2-0:amd64 (1.9.20~dfsg-1) ...
Selecting previously unselected package libopenal-data.
Preparing to unpack .../073-libopenal-data_1%3a1.19.1-2build3_all.deb ...
Unpacking libopenal-data (1:1.19.1-2build3) ...
Selecting previously unselected package libsndio7.0:amd64.
Preparing to unpack .../074-libsndio7.0_1.8.1-1.1_amd64.deb ...
Unpacking libsndio7.0:amd64 (1.8.1-1.1) ...
Selecting previously unselected package libopenal1:amd64.
Preparing to unpack .../075-libopenal1_1%3a1.19.1-2build3_amd64.deb ...
Unpacking libopenal1:amd64 (1:1.19.1-2build3) ...
Selecting previously unselected package libwayland-client0:amd64.
Preparing to unpack .../076-libwayland-client0_1.20.0-1ubuntu0.1_amd64.deb ...
Unpacking libwayland-client0:amd64 (1.20.0-1ubuntu0.1) ...
Selecting previously unselected package libdecor-0-0:amd64.
Preparing to unpack .../077-libdecor-0-0_0.1.0-3build1_amd64.deb ...
Unpacking libdecor-0-0:amd64 (0.1.0-3build1) ...
Selecting previously unselected package libwayland-server0:amd64.
Preparing to unpack .../078-libwayland-server0_1.20.0-1ubuntu0.1_amd64.deb ...
Unpacking libwayland-server0:amd64 (1.20.0-1ubuntu0.1) ...
Selecting previously unselected package libgbm1:amd64.
Preparing to unpack .../079-libgbm1_23.2.1-1ubuntu3.1~22.04.3_amd64.deb ...
Unpacking libgbm1:amd64 (23.2.1-1ubuntu3.1~22.04.3) ...
Selecting previously unselected package libwayland-cursor0:amd64.
Preparing to unpack .../080-libwayland-cursor0_1.20.0-1ubuntu0.1_amd64.deb ...
Unpacking libwayland-cursor0:amd64 (1.20.0-1ubuntu0.1) ...
Selecting previously unselected package libwayland-egl1:amd64.
Preparing to unpack .../081-libwayland-egl1_1.20.0-1ubuntu0.1_amd64.deb ...
Unpacking libwayland-egl1:amd64 (1.20.0-1ubuntu0.1) ...
Selecting previously unselected package libxcursor1:amd64.
Preparing to unpack .../082-libxcursor1_1%3a1.2.0-2build4_amd64.deb ...
Unpacking libxcursor1:amd64 (1:1.2.0-2build4) ...
Selecting previously unselected package libxi6:amd64.
Preparing to unpack .../083-libxi6_2%3a1.8-1build1_amd64.deb ...
Unpacking libxi6:amd64 (2:1.8-1build1) ...
Selecting previously unselected package libxinerama1:amd64.
Preparing to unpack .../084-libxinerama1_2%3a1.1.4-3_amd64.deb ...
Unpacking libxinerama1:amd64 (2:1.1.4-3) ...
Selecting previously unselected package libxkbcommon0:amd64.
Preparing to unpack .../085-libxkbcommon0_1.4.0-1_amd64.deb ...
Unpacking libxkbcommon0:amd64 (1.4.0-1) ...
Selecting previously unselected package libxrandr2:amd64.
Preparing to unpack .../086-libxrandr2_2%3a1.5.2-1build1_amd64.deb ...
Unpacking libxrandr2:amd64 (2:1.5.2-1build1) ...
Selecting previously unselected package x11-common.
Preparing to unpack .../087-x11-common_1%3a7.7+23ubuntu2_all.deb ...
Unpacking x11-common (1:7.7+23ubuntu2) ...
Selecting previously unselected package libxss1:amd64.
Preparing to unpack .../088-libxss1_1%3a1.2.3-1build2_amd64.deb ...
Unpacking libxss1:amd64 (1:1.2.3-1build2) ...
Selecting previously unselected package libsdl2-2.0-0:amd64.
Preparing to unpack .../089-libsdl2-2.0-0_2.0.20+dfsg-2ubuntu1.22.04.1_amd64.deb ...
Unpacking libsdl2-2.0-0:amd64 (2.0.20+dfsg-2ubuntu1.22.04.1) ...
Selecting previously unselected package libxcb-shape0:amd64.
Preparing to unpack .../090-libxcb-shape0_1.14-3ubuntu3_amd64.deb ...
Unpacking libxcb-shape0:amd64 (1.14-3ubuntu3) ...
Selecting previously unselected package libxv1:amd64.
Preparing to unpack .../091-libxv1_2%3a1.0.11-1build2_amd64.deb ...
Unpacking libxv1:amd64 (2:1.0.11-1build2) ...
Selecting previously unselected package libavdevice58:amd64.
Preparing to unpack .../092-libavdevice58_7%3a4.4.2-0ubuntu0.22.04.1_amd64.deb ...
Unpacking libavdevice58:amd64 (7:4.4.2-0ubuntu0.22.04.1) ...
Selecting previously unselected package ffmpeg.
Preparing to unpack .../093-ffmpeg_7%3a4.4.2-0ubuntu0.22.04.1_amd64.deb ...
Unpacking ffmpeg (7:4.4.2-0ubuntu0.22.04.1) ...
Selecting previously unselected package libigdgmm12:amd64.
Preparing to unpack .../094-libigdgmm12_22.1.2+ds1-1_amd64.deb ...
Unpacking libigdgmm12:amd64 (22.1.2+ds1-1) ...
Selecting previously unselected package intel-media-va-driver:amd64.
Preparing to unpack .../095-intel-media-va-driver_22.3.1+dfsg1-1ubuntu2_amd64.deb ...
Unpacking intel-media-va-driver:amd64 (22.3.1+dfsg1-1ubuntu2) ...
Selecting previously unselected package libaacs0:amd64.
Preparing to unpack .../096-libaacs0_0.11.1-1_amd64.deb ...
Unpacking libaacs0:amd64 (0.11.1-1) ...
Selecting previously unselected package libbdplus0:amd64.
Preparing to unpack .../097-libbdplus0_0.2.0-1_amd64.deb ...
Unpacking libbdplus0:amd64 (0.2.0-1) ...
Selecting previously unselected package libdecor-0-plugin-1-cairo:amd64.
Preparing to unpack .../098-libdecor-0-plugin-1-cairo_0.1.0-3build1_amd64.deb ...
Unpacking libdecor-0-plugin-1-cairo:amd64 (0.1.0-3build1) ...
Selecting previously unselected package libgdk-pixbuf2.0-bin.
Preparing to unpack .../099-libgdk-pixbuf2.0-bin_2.42.8+dfsg-1ubuntu0.4_amd64.deb ...
Unpacking libgdk-pixbuf2.0-bin (2.42.8+dfsg-1ubuntu0.4) ...
Selecting previously unselected package librsvg2-common:amd64.
Preparing to unpack .../100-librsvg2-common_2.52.5+dfsg-3ubuntu0.2_amd64.deb ...
Unpacking librsvg2-common:amd64 (2.52.5+dfsg-3ubuntu0.2) ...
Selecting previously unselected package mesa-va-drivers:amd64.
Preparing to unpack .../101-mesa-va-drivers_23.2.1-1ubuntu3.1~22.04.3_amd64.deb ...
Unpacking mesa-va-drivers:amd64 (23.2.1-1ubuntu3.1~22.04.3) ...
Selecting previously unselected package mesa-vdpau-drivers:amd64.
Preparing to unpack .../102-mesa-vdpau-drivers_23.2.1-1ubuntu3.1~22.04.3_amd64.deb ...
Unpacking mesa-vdpau-drivers:amd64 (23.2.1-1ubuntu3.1~22.04.3) ...
Selecting previously unselected package i965-va-driver:amd64.
Preparing to unpack .../103-i965-va-driver_2.4.1+dfsg1-1_amd64.deb ...
Unpacking i965-va-driver:amd64 (2.4.1+dfsg1-1) ...
Selecting previously unselected package va-driver-all:amd64.
Preparing to unpack .../104-va-driver-all_2.14.0-1_amd64.deb ...
Unpacking va-driver-all:amd64 (2.14.0-1) ...
Selecting previously unselected package vdpau-driver-all:amd64.
Preparing to unpack .../105-vdpau-driver-all_1.4-3build2_amd64.deb ...
Unpacking vdpau-driver-all:amd64 (1.4-3build2) ...
Selecting previously unselected package pocketsphinx-en-us.
Preparing to unpack .../106-pocketsphinx-en-us_0.8.0+real5prealpha+1-14ubuntu1_all.deb ...
Unpacking pocketsphinx-en-us (0.8.0+real5prealpha+1-14ubuntu1) ...
Setting up libgme0:amd64 (0.6.3-2) ...
Setting up libssh-gcrypt-4:amd64 (0.9.6-2ubuntu0.22.04.5) ...
Setting up libsrt1.4-gnutls:amd64 (1.4.4-4) ...
Setting up libudfread0:amd64 (1.1.2-1) ...
Setting up libwayland-server0:amd64 (1.20.0-1ubuntu0.1) ...
Setting up libaom3:amd64 (3.3.0-1ubuntu0.1) ...
Setting up librabbitmq4:amd64 (0.10.0-1ubuntu2) ...
Setting up libraw1394-11:amd64 (2.1.2-2build2) ...
Setting up libcodec2-1.0:amd64 (1.0.1-3) ...
Setting up libmpg123-0:amd64 (1.29.3-1ubuntu0.1) ...
Setting up libspeex1:amd64 (1.2~rc1.2-1.1ubuntu3) ...
Setting up libshine3:amd64 (3.1.1-2) ...
Setting up libxi6:amd64 (2:1.8-1build1) ...
Setting up libtwolame0:amd64 (0.4.0-2build2) ...
Setting up libgbm1:amd64 (23.2.1-1ubuntu3.1~22.04.3) ...
Setting up libsoxr0:amd64 (0.1.3-4build2) ...
Setting up libpgm-5.3-0:amd64 (5.3.128~dfsg-2) ...
Setting up libxcursor1:amd64 (1:1.2.0-2build4) ...
Setting up libgdk-pixbuf2.0-common (2.42.8+dfsg-1ubuntu0.4) ...
Setting up libnorm1:amd64 (1.5.9+dfsg-2) ...
Setting up libmysofa1:amd64 (1.2.1~dfsg0-1) ...
Setting up libxcb-shape0:amd64 (1.14-3ubuntu3) ...
Setting up x11-common (1:7.7+23ubuntu2) ...
invoke-rc.d: could not determine current runlevel
invoke-rc.d: policy-rc.d denied execution of start.
Setting up xkb-data (2.33-1) ...
Setting up libigdgmm12:amd64 (22.1.2+ds1-1) ...
Setting up libcdio19:amd64 (2.1.0-3ubuntu0.2) ...
Setting up libxvidcore4:amd64 (2:1.3.7-1) ...
Setting up libass9:amd64 (1:0.15.2-1) ...
Setting up libslang2:amd64 (2.3.2-5build4) ...
Setting up libva2:amd64 (2.14.0-1) ...
Setting up libx264-163:amd64 (2:0.163.3060+git5db6aa6-2build1) ...
Setting up shared-mime-info (2.1-2) ...
Setting up libxinerama1:amd64 (2:1.1.4-3) ...
Setting up intel-media-va-driver:amd64 (22.3.1+dfsg1-1ubuntu2) ...
Setting up libxv1:amd64 (2:1.0.11-1build2) ...
Setting up libxrandr2:amd64 (2:1.5.2-1build1) ...
Setting up libaacs0:amd64 (0.11.1-1) ...
Setting up pocketsphinx-en-us (0.8.0+real5prealpha+1-14ubuntu1) ...
Setting up libx265-199:amd64 (3.5-2) ...
Setting up libsndio7.0:amd64 (1.8.1-1.1) ...
Setting up libbdplus0:amd64 (0.2.0-1) ...
Setting up libvidstab1.1:amd64 (1.1.0-2) ...
Setting up libflite1:amd64 (2.2-3) ...
Setting up libva-drm2:amd64 (2.14.0-1) ...
Setting up ocl-icd-libopencl1:amd64 (2.2.14-3) ...
Setting up libasyncns0:amd64 (0.8-6build2) ...
Setting up libvdpau1:amd64 (1.4-3build2) ...
Setting up libbs2b0:amd64 (3.1.0+dfsg-2.2build1) ...
Setting up libtheora0:amd64 (1.1.1+dfsg.1-15ubuntu4) ...
Setting up libzimg2:amd64 (3.0.3+ds1-1) ...
Setting up libopenal-data (1:1.19.1-2build3) ...
Setting up libgdk-pixbuf-2.0-0:amd64 (2.42.8+dfsg-1ubuntu0.4) ...
Setting up libvpx7:amd64 (1.11.0-2ubuntu2.4) ...
Setting up libcairo-gobject2:amd64 (1.16.0-5ubuntu2) ...
Setting up libwayland-egl1:amd64 (1.20.0-1ubuntu0.1) ...
Setting up libxss1:amd64 (1:1.2.3-1build2) ...
Setting up libusb-1.0-0:amd64 (2:1.0.25-1ubuntu2) ...
Setting up mesa-va-drivers:amd64 (23.2.1-1ubuntu3.1~22.04.3) ...
Setting up libdav1d5:amd64 (0.9.2-1) ...
Setting up libmfx1:amd64 (22.3.0-1) ...
Setting up libbluray2:amd64 (1:1.3.1-1) ...
Setting up libsamplerate0:amd64 (0.2.2-1build1) ...
Setting up libva-x11-2:amd64 (2.14.0-1) ...
Setting up libopenmpt0:amd64 (0.6.1-1) ...
Setting up libzvbi-common (0.2.35-19) ...
Setting up libmp3lame0:amd64 (3.100-3build2) ...
Setting up i965-va-driver:amd64 (2.4.1+dfsg1-1) ...
Setting up libiec61883-0:amd64 (1.2.0-4build3) ...
Setting up libserd-0-0:amd64 (0.30.10-2) ...
Setting up libxkbcommon0:amd64 (1.4.0-1) ...
Setting up libwayland-client0:amd64 (1.20.0-1ubuntu0.1) ...
Setting up libavc1394-0:amd64 (0.5.4-5build2) ...
Setting up mesa-vdpau-drivers:amd64 (23.2.1-1ubuntu3.1~22.04.3) ...
Setting up libzvbi0:amd64 (0.2.35-19) ...
Setting up libzmq5:amd64 (4.3.4-2) ...
Setting up libcaca0:amd64 (0.99.beta19-2.2ubuntu4) ...
Setting up libpulse0:amd64 (1:15.99.1+dfsg1-1ubuntu2.2) ...
Setting up libcdio-cdda2:amd64 (10.2+2.0.0-1build3) ...
Setting up libcdio-paranoia2:amd64 (10.2+2.0.0-1build3) ...
Setting up libopenal1:amd64 (1:1.19.1-2build3) ...
Setting up libavutil56:amd64 (7:4.4.2-0ubuntu0.22.04.1) ...
Setting up librsvg2-2:amd64 (2.52.5+dfsg-3ubuntu0.2) ...
Setting up va-driver-all:amd64 (2.14.0-1) ...
Setting up libdc1394-25:amd64 (2.2.6-4) ...
Setting up libpostproc55:amd64 (7:4.4.2-0ubuntu0.22.04.1) ...
Setting up librsvg2-common:amd64 (2.52.5+dfsg-3ubuntu0.2) ...
Setting up librubberband2:amd64 (2.0.0-2) ...
Setting up libjack-jackd2-0:amd64 (1.9.20~dfsg-1) ...
Setting up vdpau-driver-all:amd64 (1.4-3build2) ...
Setting up libgdk-pixbuf2.0-bin (2.42.8+dfsg-1ubuntu0.4) ...
Setting up libsord-0-0:amd64 (0.16.8-2) ...
Setting up libwayland-cursor0:amd64 (1.20.0-1ubuntu0.1) ...
Setting up libsratom-0-0:amd64 (0.6.8-1) ...
Setting up libdecor-0-0:amd64 (0.1.0-3build1) ...
Setting up libswscale5:amd64 (7:4.4.2-0ubuntu0.22.04.1) ...
Setting up libsdl2-2.0-0:amd64 (2.0.20+dfsg-2ubuntu1.22.04.1) ...
Setting up liblilv-0-0:amd64 (0.24.12-2) ...
Setting up libsphinxbase3:amd64 (0.8+5prealpha+1-13build1) ...
Setting up libswresample3:amd64 (7:4.4.2-0ubuntu0.22.04.1) ...
Setting up libpocketsphinx3:amd64 (0.8.0+real5prealpha+1-14ubuntu1) ...
Setting up libdecor-0-plugin-1-cairo:amd64 (0.1.0-3build1) ...
Setting up libavcodec58:amd64 (7:4.4.2-0ubuntu0.22.04.1) ...
Setting up libchromaprint1:amd64 (1.5.1-2) ...
Setting up libavformat58:amd64 (7:4.4.2-0ubuntu0.22.04.1) ...
Setting up libavfilter7:amd64 (7:4.4.2-0ubuntu0.22.04.1) ...
Setting up libavdevice58:amd64 (7:4.4.2-0ubuntu0.22.04.1) ...
Setting up ffmpeg (7:4.4.2-0ubuntu0.22.04.1) ...
Processing triggers for man-db (2.10.2-1) ...
Processing triggers for libc-bin (2.35-0ubuntu3.8) ...
Processing triggers for libgdk-pixbuf-2.0-0:amd64 (2.42.8+dfsg-1ubuntu0.4) ...
正在执行: 安装OpenGL开发库
✓ apt install -y libegl1-mesa-dev libgl1-mesa-glx libosmesa6-dev --fix-missing
Reading package lists...
Building dependency tree...
Reading state information...
The following additional packages will be installed:
  libegl-dev libegl-mesa0 libegl1 libgl-dev libgl1-mesa-dri libglapi-mesa
  libgles-dev libgles1 libgles2 libglvnd-core-dev libglvnd-dev libglx-dev
  libglx-mesa0 libopengl-dev libopengl0 libosmesa6 libpthread-stubs0-dev
  libx11-dev libxau-dev libxcb1-dev libxdmcp-dev x11proto-dev
  xorg-sgml-doctools xtrans-dev
Suggested packages:
  libx11-doc libxcb-doc
The following NEW packages will be installed:
  libegl-dev libegl-mesa0 libegl1 libegl1-mesa-dev libgl-dev libgl1-mesa-glx
  libgles-dev libgles1 libgles2 libglvnd-core-dev libglvnd-dev libglx-dev
  libopengl-dev libopengl0 libosmesa6 libosmesa6-dev libpthread-stubs0-dev
  libx11-dev libxau-dev libxcb1-dev libxdmcp-dev x11proto-dev
  xorg-sgml-doctools xtrans-dev
The following packages will be upgraded:
  libgl1-mesa-dri libglapi-mesa libglx-mesa0
3 upgraded, 24 newly installed, 0 to remove and 136 not upgraded.
Need to get 14.2 MB of archives.
After this operation, 21.7 MB of additional disk space will be used.
Get:1 https://mirrors.cernet.edu.cn/ubuntu jammy-updates/main amd64 libgl1-mesa-dri amd64 23.2.1-1ubuntu3.1~22.04.3 [8860 kB]
Get:2 https://mirrors.cernet.edu.cn/ubuntu jammy-updates/main amd64 libglx-mesa0 amd64 23.2.1-1ubuntu3.1~22.04.3 [158 kB]
Get:3 https://mirrors.cernet.edu.cn/ubuntu jammy-updates/main amd64 libglapi-mesa amd64 23.2.1-1ubuntu3.1~22.04.3 [35.4 kB]
Get:4 https://mirrors.cernet.edu.cn/ubuntu jammy-updates/main amd64 libegl-mesa0 amd64 23.2.1-1ubuntu3.1~22.04.3 [118 kB]
Get:5 https://mirrors.cqupt.edu.cn/ubuntu jammy/main amd64 libegl1 amd64 1.4.0-1 [28.6 kB]
Get:6 https://mirrors.cqupt.edu.cn/ubuntu jammy/main amd64 xorg-sgml-doctools all 1:1.11-1.1 [10.9 kB]
Get:7 https://mirrors.cqupt.edu.cn/ubuntu jammy/main amd64 x11proto-dev all 2021.5-1 [604 kB]
Get:8 https://mirrors.cqupt.edu.cn/ubuntu jammy/main amd64 libxau-dev amd64 1:1.0.9-1build5 [9724 B]
Get:9 https://mirrors.cqupt.edu.cn/ubuntu jammy/main amd64 libxdmcp-dev amd64 1:1.1.3-0ubuntu5 [26.5 kB]
Get:10 https://mirrors.cqupt.edu.cn/ubuntu jammy/main amd64 xtrans-dev all 1.4.0-1 [68.9 kB]
Get:11 https://mirrors.cqupt.edu.cn/ubuntu jammy/main amd64 libpthread-stubs0-dev amd64 0.4-1build2 [5516 B]
Get:12 https://mirrors.cqupt.edu.cn/ubuntu jammy/main amd64 libxcb1-dev amd64 1.14-3ubuntu3 [86.5 kB]
Get:13 https://mirrors.cqupt.edu.cn/ubuntu jammy-updates/main amd64 libx11-dev amd64 2:1.7.5-1ubuntu0.3 [744 kB]
Get:14 https://mirrors.cqupt.edu.cn/ubuntu jammy/main amd64 libglx-dev amd64 1.4.0-1 [14.1 kB]
Get:15 https://mirrors.cqupt.edu.cn/ubuntu jammy/main amd64 libgl-dev amd64 1.4.0-1 [101 kB]
Get:16 https://mirrors.cqupt.edu.cn/ubuntu jammy/main amd64 libegl-dev amd64 1.4.0-1 [18.0 kB]
Get:17 https://mirrors.cqupt.edu.cn/ubuntu jammy/main amd64 libglvnd-core-dev amd64 1.4.0-1 [12.7 kB]
Get:18 https://mirrors.cqupt.edu.cn/ubuntu jammy/main amd64 libgles1 amd64 1.4.0-1 [11.5 kB]
Get:19 https://mirrors.cqupt.edu.cn/ubuntu jammy/main amd64 libgles2 amd64 1.4.0-1 [18.0 kB]
Get:20 https://mirrors.cqupt.edu.cn/ubuntu jammy/main amd64 libgles-dev amd64 1.4.0-1 [49.4 kB]
Get:21 https://mirrors.cqupt.edu.cn/ubuntu jammy/main amd64 libopengl0 amd64 1.4.0-1 [36.5 kB]
Get:22 https://mirrors.cqupt.edu.cn/ubuntu jammy/main amd64 libopengl-dev amd64 1.4.0-1 [3400 B]
Get:23 https://mirrors.cqupt.edu.cn/ubuntu jammy/main amd64 libglvnd-dev amd64 1.4.0-1 [3162 B]
Get:24 https://mirrors.cernet.edu.cn/ubuntu jammy-updates/main amd64 libegl1-mesa-dev amd64 23.2.1-1ubuntu3.1~22.04.3 [11.1 kB]
Get:25 https://mirrors.cernet.edu.cn/ubuntu jammy-updates/universe amd64 libgl1-mesa-glx amd64 23.0.4-0ubuntu1~22.04.1 [5584 B]
Get:26 https://mirrors.cernet.edu.cn/ubuntu jammy-updates/main amd64 libosmesa6 amd64 23.2.1-1ubuntu3.1~22.04.3 [3115 kB]
Get:27 https://mirrors.cernet.edu.cn/ubuntu jammy-updates/main amd64 libosmesa6-dev amd64 23.2.1-1ubuntu3.1~22.04.3 [8984 B]
Fetched 14.2 MB in 28s (499 kB/s)
(Reading database ... 
(Reading database ... 5%
(Reading database ... 10%
(Reading database ... 15%
(Reading database ... 20%
(Reading database ... 25%
(Reading database ... 30%
(Reading database ... 35%
(Reading database ... 40%
(Reading database ... 45%
(Reading database ... 50%
(Reading database ... 55%
(Reading database ... 60%
(Reading database ... 65%
(Reading database ... 70%
(Reading database ... 75%
(Reading database ... 80%
(Reading database ... 85%
(Reading database ... 90%
(Reading database ... 95%
(Reading database ... 100%
(Reading database ... 34982 files and directories currently installed.)
Preparing to unpack .../00-libgl1-mesa-dri_23.2.1-1ubuntu3.1~22.04.3_amd64.deb ...
Unpacking libgl1-mesa-dri:amd64 (23.2.1-1ubuntu3.1~22.04.3) over (23.2.1-1ubuntu3.1~22.04.2) ...
Preparing to unpack .../01-libglx-mesa0_23.2.1-1ubuntu3.1~22.04.3_amd64.deb ...
Unpacking libglx-mesa0:amd64 (23.2.1-1ubuntu3.1~22.04.3) over (23.2.1-1ubuntu3.1~22.04.2) ...
Preparing to unpack .../02-libglapi-mesa_23.2.1-1ubuntu3.1~22.04.3_amd64.deb ...
Unpacking libglapi-mesa:amd64 (23.2.1-1ubuntu3.1~22.04.3) over (23.2.1-1ubuntu3.1~22.04.2) ...
Selecting previously unselected package libegl-mesa0:amd64.
Preparing to unpack .../03-libegl-mesa0_23.2.1-1ubuntu3.1~22.04.3_amd64.deb ...
Unpacking libegl-mesa0:amd64 (23.2.1-1ubuntu3.1~22.04.3) ...
Selecting previously unselected package libegl1:amd64.
Preparing to unpack .../04-libegl1_1.4.0-1_amd64.deb ...
Unpacking libegl1:amd64 (1.4.0-1) ...
Selecting previously unselected package xorg-sgml-doctools.
Preparing to unpack .../05-xorg-sgml-doctools_1%3a1.11-1.1_all.deb ...
Unpacking xorg-sgml-doctools (1:1.11-1.1) ...
Selecting previously unselected package x11proto-dev.
Preparing to unpack .../06-x11proto-dev_2021.5-1_all.deb ...
Unpacking x11proto-dev (2021.5-1) ...
Selecting previously unselected package libxau-dev:amd64.
Preparing to unpack .../07-libxau-dev_1%3a1.0.9-1build5_amd64.deb ...
Unpacking libxau-dev:amd64 (1:1.0.9-1build5) ...
Selecting previously unselected package libxdmcp-dev:amd64.
Preparing to unpack .../08-libxdmcp-dev_1%3a1.1.3-0ubuntu5_amd64.deb ...
Unpacking libxdmcp-dev:amd64 (1:1.1.3-0ubuntu5) ...
Selecting previously unselected package xtrans-dev.
Preparing to unpack .../09-xtrans-dev_1.4.0-1_all.deb ...
Unpacking xtrans-dev (1.4.0-1) ...
Selecting previously unselected package libpthread-stubs0-dev:amd64.
Preparing to unpack .../10-libpthread-stubs0-dev_0.4-1build2_amd64.deb ...
Unpacking libpthread-stubs0-dev:amd64 (0.4-1build2) ...
Selecting previously unselected package libxcb1-dev:amd64.
Preparing to unpack .../11-libxcb1-dev_1.14-3ubuntu3_amd64.deb ...
Unpacking libxcb1-dev:amd64 (1.14-3ubuntu3) ...
Selecting previously unselected package libx11-dev:amd64.
Preparing to unpack .../12-libx11-dev_2%3a1.7.5-1ubuntu0.3_amd64.deb ...
Unpacking libx11-dev:amd64 (2:1.7.5-1ubuntu0.3) ...
Selecting previously unselected package libglx-dev:amd64.
Preparing to unpack .../13-libglx-dev_1.4.0-1_amd64.deb ...
Unpacking libglx-dev:amd64 (1.4.0-1) ...
Selecting previously unselected package libgl-dev:amd64.
Preparing to unpack .../14-libgl-dev_1.4.0-1_amd64.deb ...
Unpacking libgl-dev:amd64 (1.4.0-1) ...
Selecting previously unselected package libegl-dev:amd64.
Preparing to unpack .../15-libegl-dev_1.4.0-1_amd64.deb ...
Unpacking libegl-dev:amd64 (1.4.0-1) ...
Selecting previously unselected package libglvnd-core-dev:amd64.
Preparing to unpack .../16-libglvnd-core-dev_1.4.0-1_amd64.deb ...
Unpacking libglvnd-core-dev:amd64 (1.4.0-1) ...
Selecting previously unselected package libgles1:amd64.
Preparing to unpack .../17-libgles1_1.4.0-1_amd64.deb ...
Unpacking libgles1:amd64 (1.4.0-1) ...
Selecting previously unselected package libgles2:amd64.
Preparing to unpack .../18-libgles2_1.4.0-1_amd64.deb ...
Unpacking libgles2:amd64 (1.4.0-1) ...
Selecting previously unselected package libgles-dev:amd64.
Preparing to unpack .../19-libgles-dev_1.4.0-1_amd64.deb ...
Unpacking libgles-dev:amd64 (1.4.0-1) ...
Selecting previously unselected package libopengl0:amd64.
Preparing to unpack .../20-libopengl0_1.4.0-1_amd64.deb ...
Unpacking libopengl0:amd64 (1.4.0-1) ...
Selecting previously unselected package libopengl-dev:amd64.
Preparing to unpack .../21-libopengl-dev_1.4.0-1_amd64.deb ...
Unpacking libopengl-dev:amd64 (1.4.0-1) ...
Selecting previously unselected package libglvnd-dev:amd64.
Preparing to unpack .../22-libglvnd-dev_1.4.0-1_amd64.deb ...
Unpacking libglvnd-dev:amd64 (1.4.0-1) ...
Selecting previously unselected package libegl1-mesa-dev:amd64.
Preparing to unpack .../23-libegl1-mesa-dev_23.2.1-1ubuntu3.1~22.04.3_amd64.deb ...
Unpacking libegl1-mesa-dev:amd64 (23.2.1-1ubuntu3.1~22.04.3) ...
Selecting previously unselected package libgl1-mesa-glx:amd64.
Preparing to unpack .../24-libgl1-mesa-glx_23.0.4-0ubuntu1~22.04.1_amd64.deb ...
Unpacking libgl1-mesa-glx:amd64 (23.0.4-0ubuntu1~22.04.1) ...
Selecting previously unselected package libosmesa6:amd64.
Preparing to unpack .../25-libosmesa6_23.2.1-1ubuntu3.1~22.04.3_amd64.deb ...
Unpacking libosmesa6:amd64 (23.2.1-1ubuntu3.1~22.04.3) ...
Selecting previously unselected package libosmesa6-dev:amd64.
Preparing to unpack .../26-libosmesa6-dev_23.2.1-1ubuntu3.1~22.04.3_amd64.deb ...
Unpacking libosmesa6-dev:amd64 (23.2.1-1ubuntu3.1~22.04.3) ...
Setting up libglvnd-core-dev:amd64 (1.4.0-1) ...
Setting up libpthread-stubs0-dev:amd64 (0.4-1build2) ...
Setting up libopengl0:amd64 (1.4.0-1) ...
Setting up xtrans-dev (1.4.0-1) ...
Setting up libgles2:amd64 (1.4.0-1) ...
Setting up libgles1:amd64 (1.4.0-1) ...
Setting up libglapi-mesa:amd64 (23.2.1-1ubuntu3.1~22.04.3) ...
Setting up xorg-sgml-doctools (1:1.11-1.1) ...
Setting up libopengl-dev:amd64 (1.4.0-1) ...
Setting up libosmesa6:amd64 (23.2.1-1ubuntu3.1~22.04.3) ...
Setting up x11proto-dev (2021.5-1) ...
Setting up libxau-dev:amd64 (1:1.0.9-1build5) ...
Setting up libgl1-mesa-dri:amd64 (23.2.1-1ubuntu3.1~22.04.3) ...
Setting up libxdmcp-dev:amd64 (1:1.1.3-0ubuntu5) ...
Setting up libegl-mesa0:amd64 (23.2.1-1ubuntu3.1~22.04.3) ...
Setting up libegl1:amd64 (1.4.0-1) ...
Setting up libglx-mesa0:amd64 (23.2.1-1ubuntu3.1~22.04.3) ...
Setting up libxcb1-dev:amd64 (1.14-3ubuntu3) ...
Setting up libx11-dev:amd64 (2:1.7.5-1ubuntu0.3) ...
Setting up libgl1-mesa-glx:amd64 (23.0.4-0ubuntu1~22.04.1) ...
Setting up libglx-dev:amd64 (1.4.0-1) ...
Setting up libgl-dev:amd64 (1.4.0-1) ...
Setting up libegl-dev:amd64 (1.4.0-1) ...
Setting up libosmesa6-dev:amd64 (23.2.1-1ubuntu3.1~22.04.3) ...
Setting up libgles-dev:amd64 (1.4.0-1) ...
Setting up libglvnd-dev:amd64 (1.4.0-1) ...
Setting up libegl1-mesa-dev:amd64 (23.2.1-1ubuntu3.1~22.04.3) ...
Processing triggers for man-db (2.10.2-1) ...
Processing triggers for libc-bin (2.35-0ubuntu3.8) ...
✓ 安装OpenGL GLX库 已安装
✓ 安装OSMesa开发库 已安装
=== 设置运行环境 ===
✓ 检测到NVIDIA GPU
设置虚拟显示器...
警告: 虚拟显示器启动失败，继续尝试...
强制使用OSMesa渲染后端（避免EGL配置问题）
✓ 设置MuJoCo使用OSMesa渲染后端
✓ 设置PyOpenGL平台为OSMesa
✓ 配置XLA使用Triton GEMM
✓ 设置XLA内存分配器为platform

[第二部分] 环境测试
------------------------------

============================================================
开始完整环境测试...
============================================================

--- 测试: 基础库导入 ---

=== 测试基础库导入 ===
导入基础Python库...
✓ 基础Python库导入成功
✓ numpy配置完成
✅ 基础库导入 测试通过

--- 测试: MuJoCo安装 ---

=== 测试MuJoCo安装 ===
✓ 成功导入mujoco
测试MuJoCo基本功能...
✓ MuJoCo模型创建成功
✓ MuJoCo数据创建成功
✓ MuJoCo物理引擎测试成功
✓ MuJoCo安装验证通过
✅ MuJoCo安装 测试通过

--- 测试: JAX和Brax ---

=== 测试JAX和Brax ===
导入JAX相关库...
✓ JAX导入成功
导入Brax相关库...
✓ Brax导入成功
测试JAX基本功能...
✓ JAX随机数生成成功，形状: (10,)
✅ JAX和Brax 测试通过

--- 测试: Playground环境 ---

=== 测试MuJoCo Playground ===
导入MuJoCo Playground...
✓ MuJoCo Playground导入成功
可用的操作环境: ('AlohaHandOver', 'AlohaSinglePegInsertion', 'PandaPickCube', 'PandaPickCubeOrientation', 'PandaPickCubeCartesian', 'PandaOpenCabinet', 'PandaRobotiqPushCube', 'LeapCubeReorient', 'LeapCubeRotateZAxis')
测试加载环境: LeapCubeReorient
✓ 环境加载成功
✓ 获取PPO训练参数成功
环境配置:
  环境名称: LeapCubeReorient
  num_envs: 8192
  batch_size: 256
✅ Playground环境 测试通过

============================================================
测试总结: 4/4 通过
🎉 所有环境测试通过！可以开始训练。
============================================================

[第三部分] 实际训练
------------------------------

============================================================
开始执行训练代码...
============================================================
导入绘图和图形包...
Installing mediapy:
原始配置:
  num_envs: 8192
  batch_size: 256
  num_minibatches: 32
  unroll_length: 40

优化后配置:
  num_envs: 8192
  batch_size: 256
  num_minibatches: 32
  unroll_length: 40
预期内存减少: ~75%
开始训练...
[2K2025-12-22 11:45:39.778665: W external/xla/xla/service/gpu/autotuning/dot_search_space.cc:200] All configs were filtered out because none of them sufficiently match the hints. Maybe the hints set does not contain a good representative set of valid configs?Working around this by using the full hints set instead.
[2KFigure(640x480)
[2K[2KFigure(640x480)
[2K[2KFigure(640x480)
[2K[2KFigure(640x480)
[2K[2KFigure(640x480)
[2K[2KFigure(640x480)
[2K[2KFigure(640x480)
[2K[2KFigure(640x480)
[2K[2KFigure(640x480)
[2K[2KFigure(640x480)
[2K[2KFigure(640x480)
[2K[2KFigure(640x480)
[2K[2KFigure(640x480)
[2K[2KFigure(640x480)
[2K[2KFigure(640x480)
[2K[2KFigure(640x480)
[2K[2KFigure(640x480)
[2K[2KFigure(640x480)
[2K[2KFigure(640x480)
[2K2025-12-22 12:08:21.733947: W external/xla/xla/service/gpu/autotuning/dot_search_space.cc:200] All configs were filtered out because none of them sufficiently match the hints. Maybe the hints set does not contain a good representative set of valid configs?Working around this by using the full hints set instead.
/root/HW/RL_qizhi-main/PPO-Humanoid/ENTER/envs/BHW/lib/python3.10/site-packages/glfw/__init__.py:917: GLFWError: (65550) b'X11: The DISPLAY environment variable is missing'
  warnings.warn(message, GLFWError)
/root/HW/RL_qizhi-main/PPO-Humanoid/ENTER/envs/BHW/lib/python3.10/site-packages/glfw/__init__.py:917: GLFWError: (65537) b'The GLFW library is not initialized'
  warnings.warn(message, GLFWError)
Traceback (most recent call last):
  File "/root/HW/RL_qizhi-main/manipulation/re-orient_fixed.py", line 587, in main
    run_training()
  File "/root/HW/RL_qizhi-main/manipulation/re-orient_fixed.py", line 522, in run_training
    frames = env.render(rollout[::render_every])
  File "/root/HW/RL_qizhi-main/PPO-Humanoid/ENTER/envs/BHW/lib/python3.10/site-packages/mujoco_playground/_src/mjx_env.py", line 287, in render
    return render_array(
  File "/root/HW/RL_qizhi-main/PPO-Humanoid/ENTER/envs/BHW/lib/python3.10/site-packages/mujoco_playground/_src/mjx_env.py", line 315, in render_array
    renderer = mujoco.Renderer(mj_model, height=height, width=width)
  File "/root/HW/RL_qizhi-main/PPO-Humanoid/ENTER/envs/BHW/lib/python3.10/site-packages/mujoco/renderer.py", line 89, in __init__
    self._mjr_context = _render.MjrContext(model, font_scale.value)
mujoco.FatalError: gladLoadGL error
[2KFigure(640x480)
time to jit: 0:01:41.818706
time to train: 0:22:47.069248

❌ 训练过程中出现错误: gladLoadGL error
Exception ignored in: <function Renderer.__del__ at 0x7f590a496830>
Traceback (most recent call last):
  File "/root/HW/RL_qizhi-main/PPO-Humanoid/ENTER/envs/BHW/lib/python3.10/site-packages/mujoco/renderer.py", line 340, in __del__
    self.close()
  File "/root/HW/RL_qizhi-main/PPO-Humanoid/ENTER/envs/BHW/lib/python3.10/site-packages/mujoco/renderer.py", line 328, in close
    if self._mjr_context:
AttributeError: 'Renderer' object has no attribute '_mjr_context'
