/root/HW/RL_qizhi-main/PPO-Humanoid/ENTER/envs/BHW/lib/python3.10/site-packages/jax/_src/interpreters/xla.py:119: RuntimeWarning: overflow encountered in cast
  return np.asarray(x, dtypes.canonicalize_dtype(x.dtype))
2025-12-22 21:38:09.870107: W external/xla/xla/service/gpu/autotuning/dot_search_space.cc:200] All configs were filtered out because none of them sufficiently match the hints. Maybe the hints set does not contain a good representative set of valid configs?Working around this by using the full hints set instead.
2025-12-22 21:38:09.870177: W external/xla/xla/service/gpu/autotuning/dot_search_space.cc:200] All configs were filtered out because none of them sufficiently match the hints. Maybe the hints set does not contain a good representative set of valid configs?Working around this by using the full hints set instead.
2025-12-22 21:38:09.870194: W external/xla/xla/service/gpu/autotuning/dot_search_space.cc:200] All configs were filtered out because none of them sufficiently match the hints. Maybe the hints set does not contain a good representative set of valid configs?Working around this by using the full hints set instead.
Traceback (most recent call last):
  File "/root/HW/RL_qizhi-main/manipulation/re-orient_fixed_complete.py", line 318, in save_model_callback
    np.savez_compressed(checkpoint_path, **params_dict)
TypeError: numpy.savez_compressed() argument after ** must be a mapping, not function
Traceback (most recent call last):
  File "/root/HW/RL_qizhi-main/manipulation/re-orient_fixed_complete.py", line 318, in save_model_callback
    np.savez_compressed(checkpoint_path, **params_dict)
TypeError: numpy.savez_compressed() argument after ** must be a mapping, not function
WARNING:absl:Attempted to create temporary directory checkpoints/ppo_training/000010813440.orbax-checkpoint-tmp which already exists. Removing existing directory since it is not finalized.
WARNING:absl:[process=0][thread=MainThread][operation_id=1] _SignalingThread.join() waiting for signals ([]) blocking the main thread will slow down blocking save times. This is likely due to main thread calling result() on a CommitFuture.
ERROR:absl:[process=0][thread=array_type_handler][operation_id=1] _SignalingThread.run() raised an exception: Checkpoint path should be absolute. Got checkpoints/ppo_training/000010813440.orbax-checkpoint-tmp
Traceback (most recent call last):
  File "/root/HW/RL_qizhi-main/PPO-Humanoid/ENTER/envs/BHW/lib/python3.10/site-packages/orbax/checkpoint/_src/futures/future.py", line 312, in run
    super().run()
  File "/root/HW/RL_qizhi-main/PPO-Humanoid/ENTER/envs/BHW/lib/python3.10/threading.py", line 953, in run
    self._target(*self._args, **self._kwargs)
  File "/root/HW/RL_qizhi-main/PPO-Humanoid/ENTER/envs/BHW/lib/python3.10/site-packages/orbax/checkpoint/_src/futures/future.py", line 257, in _target_setting_result
    self._result = target()
  File "/root/HW/RL_qizhi-main/PPO-Humanoid/ENTER/envs/BHW/lib/python3.10/site-packages/orbax/checkpoint/_src/futures/future.py", line 391, in <lambda>
    target=lambda: asyncio_utils.run_sync(coro),
  File "/root/HW/RL_qizhi-main/PPO-Humanoid/ENTER/envs/BHW/lib/python3.10/site-packages/orbax/checkpoint/_src/asyncio_utils.py", line 36, in run_sync
    return asyncio.run(coro)
  File "/root/HW/RL_qizhi-main/PPO-Humanoid/ENTER/envs/BHW/lib/python3.10/asyncio/runners.py", line 44, in run
    return loop.run_until_complete(main)
  File "/root/HW/RL_qizhi-main/PPO-Humanoid/ENTER/envs/BHW/lib/python3.10/asyncio/base_events.py", line 649, in run_until_complete
    return future.result()
  File "/root/HW/RL_qizhi-main/PPO-Humanoid/ENTER/envs/BHW/lib/python3.10/site-packages/orbax/checkpoint/_src/serialization/jax_array_handlers.py", line 373, in _serialize_without_dispatcher
    await async_serialize_replica_slices_batch(
  File "/root/HW/RL_qizhi-main/PPO-Humanoid/ENTER/envs/BHW/lib/python3.10/site-packages/orbax/checkpoint/_src/serialization/jax_array_handlers.py", line 570, in _async_serialize_replica_slices
    array_write_spec = ts_utils.build_array_write_spec(
  File "/root/HW/RL_qizhi-main/PPO-Humanoid/ENTER/envs/BHW/lib/python3.10/site-packages/orbax/checkpoint/_src/serialization/tensorstore_utils.py", line 759, in build_array_write_spec
    return ArrayWriteSpec(
  File "/root/HW/RL_qizhi-main/PPO-Humanoid/ENTER/envs/BHW/lib/python3.10/site-packages/orbax/checkpoint/_src/serialization/tensorstore_utils.py", line 458, in __init__
    kvstore_tspec = build_kvstore_tspec(
  File "/root/HW/RL_qizhi-main/PPO-Humanoid/ENTER/envs/BHW/lib/python3.10/site-packages/orbax/checkpoint/_src/serialization/tensorstore_utils.py", line 170, in build_kvstore_tspec
    raise ValueError(f'Checkpoint path should be absolute. Got {directory}')
ValueError: Checkpoint path should be absolute. Got checkpoints/ppo_training/000010813440.orbax-checkpoint-tmp
ERROR:absl:[process=0][thread=write_metadata_after_commits][operation_id=1] _SignalingThread.run() raised an exception: Checkpoint path should be absolute. Got checkpoints/ppo_training/000010813440.orbax-checkpoint-tmp
Traceback (most recent call last):
  File "/root/HW/RL_qizhi-main/PPO-Humanoid/ENTER/envs/BHW/lib/python3.10/site-packages/orbax/checkpoint/_src/futures/future.py", line 312, in run
    super().run()
  File "/root/HW/RL_qizhi-main/PPO-Humanoid/ENTER/envs/BHW/lib/python3.10/threading.py", line 953, in run
    self._target(*self._args, **self._kwargs)
  File "/root/HW/RL_qizhi-main/PPO-Humanoid/ENTER/envs/BHW/lib/python3.10/site-packages/orbax/checkpoint/_src/futures/future.py", line 257, in _target_setting_result
    self._result = target()
  File "/root/HW/RL_qizhi-main/PPO-Humanoid/ENTER/envs/BHW/lib/python3.10/site-packages/orbax/checkpoint/_src/futures/future.py", line 391, in <lambda>
    target=lambda: asyncio_utils.run_sync(coro),
  File "/root/HW/RL_qizhi-main/PPO-Humanoid/ENTER/envs/BHW/lib/python3.10/site-packages/orbax/checkpoint/_src/asyncio_utils.py", line 36, in run_sync
    return asyncio.run(coro)
  File "/root/HW/RL_qizhi-main/PPO-Humanoid/ENTER/envs/BHW/lib/python3.10/asyncio/runners.py", line 44, in run
    return loop.run_until_complete(main)
  File "/root/HW/RL_qizhi-main/PPO-Humanoid/ENTER/envs/BHW/lib/python3.10/asyncio/base_events.py", line 649, in run_until_complete
    return future.result()
  File "/root/HW/RL_qizhi-main/PPO-Humanoid/ENTER/envs/BHW/lib/python3.10/site-packages/orbax/checkpoint/_src/handlers/base_pytree_checkpoint_handler.py", line 1189, in _write_metadata_after_commits
    await asyncio.to_thread(commit_future.result)
  File "/root/HW/RL_qizhi-main/PPO-Humanoid/ENTER/envs/BHW/lib/python3.10/asyncio/threads.py", line 25, in to_thread
    return await loop.run_in_executor(None, func_call)
  File "/root/HW/RL_qizhi-main/PPO-Humanoid/ENTER/envs/BHW/lib/python3.10/concurrent/futures/thread.py", line 58, in run
    result = self.fn(*self.args, **self.kwargs)
  File "/root/HW/RL_qizhi-main/PPO-Humanoid/ENTER/envs/BHW/lib/python3.10/site-packages/orbax/checkpoint/_src/futures/future.py", line 449, in result
    return self._f.result(timeout=timeout)
  File "/root/HW/RL_qizhi-main/PPO-Humanoid/ENTER/envs/BHW/lib/python3.10/site-packages/orbax/checkpoint/_src/futures/future.py", line 398, in result
    return self._t.result(timeout=timeout)
  File "/root/HW/RL_qizhi-main/PPO-Humanoid/ENTER/envs/BHW/lib/python3.10/site-packages/orbax/checkpoint/_src/futures/future.py", line 347, in result
    self.join(timeout=timeout)
  File "/root/HW/RL_qizhi-main/PPO-Humanoid/ENTER/envs/BHW/lib/python3.10/site-packages/orbax/checkpoint/_src/futures/future.py", line 344, in join
    raise self._exception
  File "/root/HW/RL_qizhi-main/PPO-Humanoid/ENTER/envs/BHW/lib/python3.10/site-packages/orbax/checkpoint/_src/futures/future.py", line 312, in run
    super().run()
  File "/root/HW/RL_qizhi-main/PPO-Humanoid/ENTER/envs/BHW/lib/python3.10/threading.py", line 953, in run
    self._target(*self._args, **self._kwargs)
  File "/root/HW/RL_qizhi-main/PPO-Humanoid/ENTER/envs/BHW/lib/python3.10/site-packages/orbax/checkpoint/_src/futures/future.py", line 257, in _target_setting_result
    self._result = target()
  File "/root/HW/RL_qizhi-main/PPO-Humanoid/ENTER/envs/BHW/lib/python3.10/site-packages/orbax/checkpoint/_src/futures/future.py", line 391, in <lambda>
    target=lambda: asyncio_utils.run_sync(coro),
  File "/root/HW/RL_qizhi-main/PPO-Humanoid/ENTER/envs/BHW/lib/python3.10/site-packages/orbax/checkpoint/_src/asyncio_utils.py", line 36, in run_sync
    return asyncio.run(coro)
  File "/root/HW/RL_qizhi-main/PPO-Humanoid/ENTER/envs/BHW/lib/python3.10/asyncio/runners.py", line 44, in run
    return loop.run_until_complete(main)
  File "/root/HW/RL_qizhi-main/PPO-Humanoid/ENTER/envs/BHW/lib/python3.10/asyncio/base_events.py", line 649, in run_until_complete
    return future.result()
  File "/root/HW/RL_qizhi-main/PPO-Humanoid/ENTER/envs/BHW/lib/python3.10/site-packages/orbax/checkpoint/_src/serialization/jax_array_handlers.py", line 373, in _serialize_without_dispatcher
    await async_serialize_replica_slices_batch(
  File "/root/HW/RL_qizhi-main/PPO-Humanoid/ENTER/envs/BHW/lib/python3.10/site-packages/orbax/checkpoint/_src/serialization/jax_array_handlers.py", line 570, in _async_serialize_replica_slices
    array_write_spec = ts_utils.build_array_write_spec(
  File "/root/HW/RL_qizhi-main/PPO-Humanoid/ENTER/envs/BHW/lib/python3.10/site-packages/orbax/checkpoint/_src/serialization/tensorstore_utils.py", line 759, in build_array_write_spec
    return ArrayWriteSpec(
  File "/root/HW/RL_qizhi-main/PPO-Humanoid/ENTER/envs/BHW/lib/python3.10/site-packages/orbax/checkpoint/_src/serialization/tensorstore_utils.py", line 458, in __init__
    kvstore_tspec = build_kvstore_tspec(
  File "/root/HW/RL_qizhi-main/PPO-Humanoid/ENTER/envs/BHW/lib/python3.10/site-packages/orbax/checkpoint/_src/serialization/tensorstore_utils.py", line 170, in build_kvstore_tspec
    raise ValueError(f'Checkpoint path should be absolute. Got {directory}')
ValueError: Checkpoint path should be absolute. Got checkpoints/ppo_training/000010813440.orbax-checkpoint-tmp
Traceback (most recent call last):
  File "/root/HW/RL_qizhi-main/manipulation/re-orient_fixed_complete.py", line 596, in train_with_checkpoint_saving
    inference_fn, params, metrics = train_fn(
  File "/root/HW/RL_qizhi-main/PPO-Humanoid/ENTER/envs/BHW/lib/python3.10/site-packages/brax/training/agents/ppo/train.py", line 736, in train
    checkpoint.save(
  File "/root/HW/RL_qizhi-main/PPO-Humanoid/ENTER/envs/BHW/lib/python3.10/site-packages/brax/training/agents/ppo/checkpoint.py", line 35, in save
    return checkpoint.save(path, step, params, config, _CONFIG_FNAME)
  File "/root/HW/RL_qizhi-main/PPO-Humanoid/ENTER/envs/BHW/lib/python3.10/site-packages/brax/training/checkpoint.py", line 133, in save
    orbax_checkpointer.save(ckpt_path, params, force=True, save_args=save_args)
  File "/root/HW/RL_qizhi-main/PPO-Humanoid/ENTER/envs/BHW/lib/python3.10/site-packages/orbax/checkpoint/_src/checkpointers/checkpointer.py", line 259, in save
    self._handler.save(tmpdir.get(), args=ckpt_args)
  File "/root/HW/RL_qizhi-main/PPO-Humanoid/ENTER/envs/BHW/lib/python3.10/site-packages/orbax/checkpoint/_src/handlers/pytree_checkpoint_handler.py", line 666, in save
    self._handler_impl.save(directory, args=args)
  File "/root/HW/RL_qizhi-main/PPO-Humanoid/ENTER/envs/BHW/lib/python3.10/site-packages/orbax/checkpoint/_src/handlers/base_pytree_checkpoint_handler.py", line 763, in save
    asyncio_utils.run_sync(async_save(directory, *args, **kwargs))
  File "/root/HW/RL_qizhi-main/PPO-Humanoid/ENTER/envs/BHW/lib/python3.10/site-packages/orbax/checkpoint/_src/asyncio_utils.py", line 36, in run_sync
    return asyncio.run(coro)
  File "/root/HW/RL_qizhi-main/PPO-Humanoid/ENTER/envs/BHW/lib/python3.10/asyncio/runners.py", line 44, in run
    return loop.run_until_complete(main)
  File "/root/HW/RL_qizhi-main/PPO-Humanoid/ENTER/envs/BHW/lib/python3.10/asyncio/base_events.py", line 649, in run_until_complete
    return future.result()
  File "/root/HW/RL_qizhi-main/PPO-Humanoid/ENTER/envs/BHW/lib/python3.10/site-packages/orbax/checkpoint/_src/handlers/base_pytree_checkpoint_handler.py", line 761, in async_save
    f.result()  # Block on result.
  File "/root/HW/RL_qizhi-main/PPO-Humanoid/ENTER/envs/BHW/lib/python3.10/site-packages/orbax/checkpoint/_src/futures/future.py", line 196, in result
    f.result(timeout=time_remaining)
  File "/root/HW/RL_qizhi-main/PPO-Humanoid/ENTER/envs/BHW/lib/python3.10/site-packages/orbax/checkpoint/_src/futures/future.py", line 449, in result
    return self._f.result(timeout=timeout)
  File "/root/HW/RL_qizhi-main/PPO-Humanoid/ENTER/envs/BHW/lib/python3.10/site-packages/orbax/checkpoint/_src/futures/future.py", line 398, in result
    return self._t.result(timeout=timeout)
  File "/root/HW/RL_qizhi-main/PPO-Humanoid/ENTER/envs/BHW/lib/python3.10/site-packages/orbax/checkpoint/_src/futures/future.py", line 347, in result
    self.join(timeout=timeout)
  File "/root/HW/RL_qizhi-main/PPO-Humanoid/ENTER/envs/BHW/lib/python3.10/site-packages/orbax/checkpoint/_src/futures/future.py", line 344, in join
    raise self._exception
  File "/root/HW/RL_qizhi-main/PPO-Humanoid/ENTER/envs/BHW/lib/python3.10/site-packages/orbax/checkpoint/_src/futures/future.py", line 312, in run
    super().run()
  File "/root/HW/RL_qizhi-main/PPO-Humanoid/ENTER/envs/BHW/lib/python3.10/threading.py", line 953, in run
    self._target(*self._args, **self._kwargs)
  File "/root/HW/RL_qizhi-main/PPO-Humanoid/ENTER/envs/BHW/lib/python3.10/site-packages/orbax/checkpoint/_src/futures/future.py", line 257, in _target_setting_result
    self._result = target()
  File "/root/HW/RL_qizhi-main/PPO-Humanoid/ENTER/envs/BHW/lib/python3.10/site-packages/orbax/checkpoint/_src/futures/future.py", line 391, in <lambda>
    target=lambda: asyncio_utils.run_sync(coro),
  File "/root/HW/RL_qizhi-main/PPO-Humanoid/ENTER/envs/BHW/lib/python3.10/site-packages/orbax/checkpoint/_src/asyncio_utils.py", line 36, in run_sync
    return asyncio.run(coro)
  File "/root/HW/RL_qizhi-main/PPO-Humanoid/ENTER/envs/BHW/lib/python3.10/asyncio/runners.py", line 44, in run
    return loop.run_until_complete(main)
  File "/root/HW/RL_qizhi-main/PPO-Humanoid/ENTER/envs/BHW/lib/python3.10/asyncio/base_events.py", line 649, in run_until_complete
    return future.result()
  File "/root/HW/RL_qizhi-main/PPO-Humanoid/ENTER/envs/BHW/lib/python3.10/site-packages/orbax/checkpoint/_src/handlers/base_pytree_checkpoint_handler.py", line 1189, in _write_metadata_after_commits
    await asyncio.to_thread(commit_future.result)
  File "/root/HW/RL_qizhi-main/PPO-Humanoid/ENTER/envs/BHW/lib/python3.10/asyncio/threads.py", line 25, in to_thread
    return await loop.run_in_executor(None, func_call)
  File "/root/HW/RL_qizhi-main/PPO-Humanoid/ENTER/envs/BHW/lib/python3.10/concurrent/futures/thread.py", line 58, in run
    result = self.fn(*self.args, **self.kwargs)
  File "/root/HW/RL_qizhi-main/PPO-Humanoid/ENTER/envs/BHW/lib/python3.10/site-packages/orbax/checkpoint/_src/futures/future.py", line 449, in result
    return self._f.result(timeout=timeout)
  File "/root/HW/RL_qizhi-main/PPO-Humanoid/ENTER/envs/BHW/lib/python3.10/site-packages/orbax/checkpoint/_src/futures/future.py", line 398, in result
    return self._t.result(timeout=timeout)
  File "/root/HW/RL_qizhi-main/PPO-Humanoid/ENTER/envs/BHW/lib/python3.10/site-packages/orbax/checkpoint/_src/futures/future.py", line 347, in result
    self.join(timeout=timeout)
  File "/root/HW/RL_qizhi-main/PPO-Humanoid/ENTER/envs/BHW/lib/python3.10/site-packages/orbax/checkpoint/_src/futures/future.py", line 344, in join
    raise self._exception
  File "/root/HW/RL_qizhi-main/PPO-Humanoid/ENTER/envs/BHW/lib/python3.10/site-packages/orbax/checkpoint/_src/futures/future.py", line 312, in run
    super().run()
  File "/root/HW/RL_qizhi-main/PPO-Humanoid/ENTER/envs/BHW/lib/python3.10/threading.py", line 953, in run
    self._target(*self._args, **self._kwargs)
  File "/root/HW/RL_qizhi-main/PPO-Humanoid/ENTER/envs/BHW/lib/python3.10/site-packages/orbax/checkpoint/_src/futures/future.py", line 257, in _target_setting_result
    self._result = target()
  File "/root/HW/RL_qizhi-main/PPO-Humanoid/ENTER/envs/BHW/lib/python3.10/site-packages/orbax/checkpoint/_src/futures/future.py", line 391, in <lambda>
    target=lambda: asyncio_utils.run_sync(coro),
  File "/root/HW/RL_qizhi-main/PPO-Humanoid/ENTER/envs/BHW/lib/python3.10/site-packages/orbax/checkpoint/_src/asyncio_utils.py", line 36, in run_sync
    return asyncio.run(coro)
  File "/root/HW/RL_qizhi-main/PPO-Humanoid/ENTER/envs/BHW/lib/python3.10/asyncio/runners.py", line 44, in run
    return loop.run_until_complete(main)
  File "/root/HW/RL_qizhi-main/PPO-Humanoid/ENTER/envs/BHW/lib/python3.10/asyncio/base_events.py", line 649, in run_until_complete
    return future.result()
  File "/root/HW/RL_qizhi-main/PPO-Humanoid/ENTER/envs/BHW/lib/python3.10/site-packages/orbax/checkpoint/_src/serialization/jax_array_handlers.py", line 373, in _serialize_without_dispatcher
    await async_serialize_replica_slices_batch(
  File "/root/HW/RL_qizhi-main/PPO-Humanoid/ENTER/envs/BHW/lib/python3.10/site-packages/orbax/checkpoint/_src/serialization/jax_array_handlers.py", line 570, in _async_serialize_replica_slices
    array_write_spec = ts_utils.build_array_write_spec(
  File "/root/HW/RL_qizhi-main/PPO-Humanoid/ENTER/envs/BHW/lib/python3.10/site-packages/orbax/checkpoint/_src/serialization/tensorstore_utils.py", line 759, in build_array_write_spec
    return ArrayWriteSpec(
  File "/root/HW/RL_qizhi-main/PPO-Humanoid/ENTER/envs/BHW/lib/python3.10/site-packages/orbax/checkpoint/_src/serialization/tensorstore_utils.py", line 458, in __init__
    kvstore_tspec = build_kvstore_tspec(
  File "/root/HW/RL_qizhi-main/PPO-Humanoid/ENTER/envs/BHW/lib/python3.10/site-packages/orbax/checkpoint/_src/serialization/tensorstore_utils.py", line 170, in build_kvstore_tspec
    raise ValueError(f'Checkpoint path should be absolute. Got {directory}')
ValueError: Checkpoint path should be absolute. Got checkpoints/ppo_training/000010813440.orbax-checkpoint-tmp
======================================================================
MuJoCo Playground Leap Cube Reorient 训练程序
======================================================================
======================================================================
MuJoCo Playground Leap Cube Reorient 完整修复版
======================================================================
修复内容：
  ✓ 保持原有训练参数（8192环境，256批次）
  ✓ 新增模型权重保存功能
  ✓ 新增真实控制视频生成
  ✓ 所有修改都有注释说明
======================================================================

[第一部分] 环境设置
------------------------------
=== 检查和安装Python依赖包 ===
✓ MuJoCo物理模拟引擎 已安装
✗ MuJoCo JAX加速版本 未安装，尝试安装...
✓ 安装 mujoco_mjx: 执行成功
Failed to import warp: No module named 'warp'
Failed to import mujoco_warp: No module named 'warp'
✓ Brax强化学习框架 已安装
✓ 虚拟显示器 已安装
✗ OpenCV计算机视觉库 未安装，尝试安装...
✓ 安装 opencv-python: 执行成功
✓ 媒体处理库 已安装
✓ 绘图库 已安装
✗ 模型检查点保存 未安装，尝试安装...
✓ 安装 orbax-checkpoint: 执行成功
=== 检查和安装系统依赖包 ===
正在执行: 更新包列表
✓ apt update: 执行成功
✓ 安装FFmpeg 已安装
✓ 安装OpenGL开发库 已安装
✓ 安装OpenGL GLX库 已安装
✓ 安装OSMesa开发库 已安装
=== 设置运行环境 ===
✗ 无法检测GPU，使用CPU
设置虚拟显示器...
⚠️ 虚拟显示器启动失败: [Errno 2] No such file or directory: 'Xvfb'
强制使用OSMesa渲染后端（避免EGL配置问题）
✓ 设置MuJoCo使用OSMesa渲染后端
✓ 设置PyOpenGL平台为OSMesa
✓ 配置XLA内存分配器
✓ 创建模型和视频保存目录

[第二部分] 环境测试
------------------------------
======================================================================
开始完整环境测试...
======================================================================

--- 测试: 基础库导入 ---
=== 测试基础库导入 ===
导入基础Python库...
✓ 基础Python库导入成功
✓ numpy配置完成
✅ 基础库导入 测试通过

--- 测试: MuJoCo安装 ---
=== 测试MuJoCo安装 ===
✓ 成功导入mujoco
测试MuJoCo基本功能...
✓ MuJoCo模型创建成功
✓ MuJoCo数据创建成功
✓ MuJoCo物理引擎测试成功
✓ MuJoCo安装验证通过
✅ MuJoCo安装 测试通过

--- 测试: JAX和Brax ---
=== 测试JAX和Brax ===
导入JAX相关库...
✓ JAX导入成功
导入Brax相关库...
✓ Brax导入成功
测试JAX基本功能...
✓ JAX随机数生成成功，形状: (10,)
✅ JAX和Brax 测试通过

--- 测试: Playground环境 ---
=== 测试MuJoCo Playground ===
导入MuJoCo Playground...
✓ MuJoCo Playground导入成功
可用环境数量: 53
可用的操作环境: ['AlohaHandOver', 'AlohaSinglePegInsertion', 'PandaPickCube', 'PandaPickCubeOrientation', 'PandaPickCubeCartesian', 'PandaOpenCabinet', 'PandaRobotiqPushCube', 'LeapCubeReorient', 'LeapCubeRotateZAxis']
测试加载环境: LeapCubeReorient
✓ 环境加载成功
✓ 获取PPO训练参数成功
环境配置:
  环境名称: LeapCubeReorient
  num_envs: 8192
  batch_size: 256
  num_minibatches: 32
  unroll_length: 40
✅ Playground环境 测试通过

======================================================================
测试总结: 4/4 通过
🎉 所有环境测试通过！可以开始训练。
======================================================================

[第三部分] 实际训练（带模型保存）
------------------------------
======================================================================
开始执行训练代码...
======================================================================
✓ 模型管理器初始化完成，检查点目录: ./checkpoints
导入训练和绘图库...
✓ 所有训练库导入成功
训练配置:
  环境名称: LeapCubeReorient
  num_envs: 8192
  batch_size: 256
  num_minibatches: 32
  unroll_length: 40
  num_timesteps: 200,000,000
保持原有训练参数，确保训练效果
开始训练...
开始训练...
总训练步数: 200,000,000
✓ 记录训练数据: 步数=0, 奖励=-7.866
💾 保存模型检查点: 步骤 0
❌ 模型保存失败: numpy.savez_compressed() argument after ** must be a mapping, not function
💾 保存模型检查点: 步骤 10,813,440
❌ 模型保存失败: numpy.savez_compressed() argument after ** must be a mapping, not function
❌ 训练过程出错: Checkpoint path should be absolute. Got checkpoints/ppo_training/000010813440.orbax-checkpoint-tmp
❌ 训练失败，未获得有效的模型
❌ 训练失败
