Failed to import warp: No module named 'warp'
Failed to import mujoco_warp: No module named 'warp'
======================================================================
加载训练模型并生成立方体旋转演示视频
======================================================================

[1] 加载环境...
✓ 环境加载成功: LeapCubeReorient
  Episode长度: 1000

[2] 包装环境用于训练...
✓ 环境包装完成

[3] 加载训练好的模型参数...
✓ 模型文件加载成功
  包含的参数组: 1
Traceback (most recent call last):
  File "/root/HW/RL_qizhi-main/PPO-Humanoid/ENTER/envs/BHW/lib/python3.10/site-packages/jax/_src/numpy/array.py", line 227, in array
    dtype = dtypes._lattice_result_type(*leaves)[0] if leaves else dtypes.float_
  File "/root/HW/RL_qizhi-main/PPO-Humanoid/ENTER/envs/BHW/lib/python3.10/site-packages/jax/_src/dtypes.py", line 832, in _lattice_result_type
    dtypes, weak_types = zip(*(_dtype_and_weaktype(arg) for arg in args))
  File "/root/HW/RL_qizhi-main/PPO-Humanoid/ENTER/envs/BHW/lib/python3.10/site-packages/jax/_src/dtypes.py", line 832, in <genexpr>
    dtypes, weak_types = zip(*(_dtype_and_weaktype(arg) for arg in args))
  File "/root/HW/RL_qizhi-main/PPO-Humanoid/ENTER/envs/BHW/lib/python3.10/site-packages/jax/_src/dtypes.py", line 601, in _dtype_and_weaktype
    return dtype(value), any(value is typ for typ in _weak_types) or is_weakly_typed(value)
  File "/root/HW/RL_qizhi-main/PPO-Humanoid/ENTER/envs/BHW/lib/python3.10/site-packages/jax/_src/dtypes.py", line 826, in dtype
    raise TypeError(f"Value '{x}' with dtype {dt} is not a valid JAX array "
TypeError: Value '[RunningStatisticsState(mean={'privileged_state': Array([ 9.48970497e-01, -2.26512522e-01,  5.28175771e-01,  8.45760524e-01,
         9.46784496e-01,  1.17126986e-01,  8.56512725e-01,  6.32644951e-01,
         9.76196826e-01, -9.01317745e-02,  1.08473516e+00,  7.79687464e-01,
         6.36376023e-01,  4.86174673e-01,  7.59919882e-01,  2.02712148e-01,
        -2.37058654e-01, -3.89035866e-02, -8.83474797e-02, -3.74597348e-02,
        -7.81787932e-01, -1.95137426e-01, -4.38820869e-01, -1.68603882e-01,
        -1.69972330e-01,  2.20590696e-01, -2.38233507e-02, -2.91340761e-02,
        -1.40382558e-01, -6.26471341e-02, -2.83720009e-02, -1.11581320e-02,
         5.59043372e-03,  1.04085356e-03,  6.21856330e-03, -4.84845974e-03,
         4.18465808e-02, -1.63774081e-02, -1.45412805e-02, -7.97600579e-03,
         4.17461172e-02,  5.33610815e-03, -8.70394800e-03,  9.07895737e-04,
         1.19824510e-03,  1.10985324e-01,  4.17865142e-02,  5.93562759e-02,
        -2.03403077e-04,  5.92290657e-03, -3.90802994e-02,  1.12936050e-02,
         2.12655426e-03,  3.09219497e-04, -7.16924574e-03, -6.89927721e-04,
         4.28254949e-04,  9.48973000e-01, -2.26509482e-01,  5.28176844e-01,
         8.45760226e-01,  9.46785271e-01,  1.17128372e-01,  8.56510878e-01,
         6.32643461e-01,  9.76193786e-01, -9.01276618e-02,  1.08473551e+00,
         7.79689789e-01,  6.36376262e-01,  4.86171663e-01,  7.59922624e-01,
         2.02714995e-01,  7.61088124e-03, -7.76319066e-03, -1.47081763e-02,
        -2.38535646e-03, -5.01175318e-03, -1.37812924e-04, -1.46053061e-02,
        -1.06559610e-02,  7.99772795e-03,  5.71852503e-03,  2.77334568e-03,
        -3.28114559e-03, -6.39297487e-03, -7.24226283e-03, -1.38065973e-02,
         2.92951055e-03,  3.50623503e-02, -8.56599212e-02,  1.45764900e-02,
         4.97494787e-02, -5.27064577e-02,  2.96369046e-02,  3.45883481e-02,
         1.22461803e-02,  3.60477157e-02,  1.24335717e-02,  5.22293113e-02,
         2.31574271e-02,  5.58916992e-03,  1.04050082e-03,  6.21885946e-03,
        -5.06131863e-03,  4.35485430e-02, -1.70544982e-02, -1.51371444e-02,
        -8.29904340e-03,  4.34583202e-02,  8.47834162e-05,  9.92844813e-04,
        -1.35578099e-03, -1.82592310e-02,  1.17603494e-02, -5.59581304e-03,
         0.00000000e+00,  0.00000000e+00,  0.00000000e+00,  0.00000000e+00,
         0.00000000e+00,  0.00000000e+00,  0.00000000e+00,  0.00000000e+00,
         0.00000000e+00,  0.00000000e+00,  0.00000000e+00,  0.00000000e+00],      dtype=float32), 'state': Array([ 9.48970497e-01, -2.26512522e-01,  5.28175771e-01,  8.45760524e-01,
         9.46784496e-01,  1.17126986e-01,  8.56512725e-01,  6.32644951e-01,
         9.76196826e-01, -9.01317745e-02,  1.08473516e+00,  7.79687464e-01,
         6.36376023e-01,  4.86174673e-01,  7.59919882e-01,  2.02712148e-01,
        -2.37058654e-01, -3.89035866e-02, -8.83474797e-02, -3.74597348e-02,
        -7.81787932e-01, -1.95137426e-01, -4.38820869e-01, -1.68603882e-01,
        -1.69972330e-01,  2.20590696e-01, -2.38233507e-02, -2.91340761e-02,
        -1.40382558e-01, -6.26471341e-02, -2.83720009e-02, -1.11581320e-02,
         5.59043372e-03,  1.04085356e-03,  6.21856330e-03, -4.84845974e-03,
         4.18465808e-02, -1.63774081e-02, -1.45412805e-02, -7.97600579e-03,
         4.17461172e-02,  5.33610815e-03, -8.70394800e-03,  9.07895737e-04,
         1.19824510e-03,  1.10985324e-01,  4.17865142e-02,  5.93562759e-02,
        -2.03403077e-04,  5.92290657e-03, -3.90802994e-02,  1.12936050e-02,
         2.12655426e-03,  3.09219497e-04, -7.16924574e-03, -6.89927721e-04,
         4.28254949e-04], dtype=float32)}, std={'privileged_state': Array([2.1025141e-01, 2.7107659e-01, 3.1867179e-01, 1.9928966e-01,
        1.9675902e-01, 2.4052806e-01, 1.6926794e-01, 2.1297199e-01,
        2.0657717e-01, 2.7435091e-01, 2.3486882e-01, 2.4210738e-01,
        1.8921597e-01, 2.9993838e-01, 2.1525954e-01, 2.2848067e-01,
        3.9986271e-01, 3.8260147e-01, 3.8565728e-01, 3.5545382e-01,
        4.9028838e-01, 4.4110087e-01, 4.4898650e-01, 3.7439296e-01,
        3.9255857e-01, 4.4579050e-01, 3.8045824e-01, 3.4435323e-01,
        3.4673971e-01, 3.5979953e-01, 3.5981664e-01, 3.6197987e-01,
        1.9344617e-02, 2.0178190e-02, 1.3356059e-02, 5.7663417e-01,
        5.7320070e-01, 5.8042324e-01, 5.8024806e-01, 5.7949948e-01,
        5.7050407e-01, 5.2263546e-01, 5.3342724e-01, 5.1903683e-01,
        5.2613127e-01, 5.1936388e-01, 5.2385277e-01, 5.2761042e-01,
        5.2008986e-01, 5.1405078e-01, 5.3427476e-01, 5.1561809e-01,
        5.3066826e-01, 5.0438499e-01, 5.1439887e-01, 5.0939071e-01,
        5.3005630e-01, 2.0826304e-01, 2.6953429e-01, 3.1736064e-01,
        1.9718806e-01, 1.9462886e-01, 2.3878637e-01, 1.6678840e-01,
        2.1100679e-01, 2.0455413e-01, 2.7282578e-01, 2.3308492e-01,
        2.4037851e-01, 1.8699913e-01, 2.9854834e-01, 2.1331804e-01,
        2.2665165e-01, 7.6601988e-01, 8.7089378e-01, 8.4774333e-01,
        8.6888295e-01, 5.0295061e-01, 7.8320366e-01, 6.4251244e-01,
        7.5934988e-01, 7.3022360e-01, 8.3803940e-01, 8.2260418e-01,
        8.5722923e-01, 8.0340850e-01, 8.5951179e-01, 8.4813178e-01,
        8.8991308e-01, 1.4477146e-02, 2.2744993e-02, 2.7486335e-02,
        3.0786632e-02, 1.7326456e-02, 1.2937027e-02, 1.8340256e-02,
        1.0748162e-02, 1.0031260e-02, 2.2439191e-02, 6.2459134e-03,
        1.3413771e-02, 1.5522239e-02, 1.6546687e-02, 6.7124940e-03,
        5.7651025e-01, 5.7275754e-01, 5.8083707e-01, 5.8064383e-01,
        5.7975727e-01, 5.6969088e-01, 3.1784356e-02, 3.3490784e-02,
        3.8287710e-02, 8.6231041e-01, 8.5674691e-01, 7.3256606e-01,
        1.0000000e-06, 1.0000000e-06, 1.0000000e-06, 1.0000000e-06,
        1.0000000e-06, 1.0000000e-06, 1.0000000e-06, 1.0000000e-06,
        1.0000000e-06, 1.0000000e-06, 1.0000000e-06, 1.0000000e-06],      dtype=float32), 'state': Array([0.2102514 , 0.2710766 , 0.3186718 , 0.19928966, 0.19675902,
        0.24052806, 0.16926794, 0.21297199, 0.20657717, 0.2743509 ,
        0.23486882, 0.24210738, 0.18921597, 0.29993838, 0.21525954,
        0.22848067, 0.3998627 , 0.38260147, 0.38565728, 0.35545382,
        0.49028838, 0.44110087, 0.4489865 , 0.37439296, 0.39255857,
        0.4457905 , 0.38045824, 0.34435323, 0.3467397 , 0.35979953,
        0.35981664, 0.36197987, 0.01934462, 0.02017819, 0.01335606,
        0.57663417, 0.5732007 , 0.58042324, 0.58024806, 0.5794995 ,
        0.57050407, 0.52263546, 0.53342724, 0.5190368 , 0.5261313 ,
        0.5193639 , 0.52385277, 0.5276104 , 0.52008986, 0.5140508 ,
        0.53427476, 0.5156181 , 0.53066826, 0.504385  , 0.5143989 ,
        0.5093907 , 0.5300563 ], dtype=float32)}, count=Array(2.0545536e+08, dtype=float32), summed_variance={'privileged_state': Array([9.08228900e+06, 1.50973780e+07, 2.08643420e+07, 8.15994150e+06,
        7.95402150e+06, 1.18863630e+07, 5.88663250e+06, 9.31885200e+06,
        8.76762800e+06, 1.54643030e+07, 1.13336090e+07, 1.20429680e+07,
        7.35585400e+06, 1.84833880e+07, 9.52011700e+06, 1.07254720e+07,
        3.28502940e+07, 3.00753520e+07, 3.05576920e+07, 2.59587540e+07,
        4.93879160e+07, 3.99754440e+07, 4.14175160e+07, 2.87986960e+07,
        3.16611320e+07, 4.08299720e+07, 2.97393520e+07, 2.43627200e+07,
        2.47015740e+07, 2.65973720e+07, 2.65999000e+07, 2.69207020e+07,
        7.68843125e+04, 8.36530703e+04, 3.66500156e+04, 6.83153520e+07,
        6.75042160e+07, 6.92160960e+07, 6.91743200e+07, 6.89959520e+07,
        6.68705680e+07, 5.61196880e+07, 5.84612120e+07, 5.53495160e+07,
        5.68729480e+07, 5.54192920e+07, 5.63814200e+07, 5.71931800e+07,
        5.55743360e+07, 5.42912120e+07, 5.86471400e+07, 5.46227840e+07,
        5.78580440e+07, 5.22687080e+07, 5.43647560e+07, 5.33113280e+07,
        5.77246760e+07, 8.91131700e+06, 1.49260720e+07, 2.06930080e+07,
        7.98874800e+06, 7.78273050e+06, 1.17148450e+07, 5.71543350e+06,
        9.14766700e+06, 8.59674300e+06, 1.52928460e+07, 1.11620980e+07,
        1.18715870e+07, 7.18450100e+06, 1.83124660e+07, 9.34916200e+06,
        1.05544420e+07, 1.20558440e+08, 1.55828848e+08, 1.47654352e+08,
        1.55110096e+08, 5.19718440e+07, 1.26027960e+08, 8.48165440e+07,
        1.18468072e+08, 1.09554256e+08, 1.44293360e+08, 1.39027040e+08,
        1.50977232e+08, 1.32614296e+08, 1.51782320e+08, 1.47789712e+08,
        1.62709408e+08, 4.30609297e+04, 1.06289180e+05, 1.55221250e+05,
        1.94734031e+05, 6.16789531e+04, 3.43863789e+04, 6.91079922e+04,
        2.37348184e+04, 2.06741875e+04, 1.03450328e+05, 8.01510791e+03,
        3.69674336e+04, 4.95023945e+04, 5.62522109e+04, 9.25732129e+03,
        6.82859840e+07, 6.73998800e+07, 6.93148240e+07, 6.92687120e+07,
        6.90573520e+07, 6.66800760e+07, 2.07560312e+05, 2.30445438e+05,
        3.01187062e+05, 1.52772336e+08, 1.50807360e+08, 1.10258232e+08,
        0.00000000e+00, 0.00000000e+00, 0.00000000e+00, 0.00000000e+00,
        0.00000000e+00, 0.00000000e+00, 0.00000000e+00, 0.00000000e+00,
        0.00000000e+00, 0.00000000e+00, 0.00000000e+00, 0.00000000e+00],      dtype=float32), 'state': Array([9.0822890e+06, 1.5097378e+07, 2.0864342e+07, 8.1599415e+06,
        7.9540215e+06, 1.1886363e+07, 5.8866325e+06, 9.3188520e+06,
        8.7676280e+06, 1.5464303e+07, 1.1333609e+07, 1.2042968e+07,
        7.3558540e+06, 1.8483388e+07, 9.5201170e+06, 1.0725472e+07,
        3.2850294e+07, 3.0075352e+07, 3.0557692e+07, 2.5958754e+07,
        4.9387916e+07, 3.9975444e+07, 4.1417516e+07, 2.8798696e+07,
        3.1661132e+07, 4.0829972e+07, 2.9739352e+07, 2.4362720e+07,
        2.4701574e+07, 2.6597372e+07, 2.6599900e+07, 2.6920702e+07,
        7.6884312e+04, 8.3653070e+04, 3.6650016e+04, 6.8315352e+07,
        6.7504216e+07, 6.9216096e+07, 6.9174320e+07, 6.8995952e+07,
        6.6870568e+07, 5.6119688e+07, 5.8461212e+07, 5.5349516e+07,
        5.6872948e+07, 5.5419292e+07, 5.6381420e+07, 5.7193180e+07,
        5.5574336e+07, 5.4291212e+07, 5.8647140e+07, 5.4622784e+07,
        5.7858044e+07, 5.2268708e+07, 5.4364756e+07, 5.3311328e+07,
        5.7724676e+07], dtype=float32)})
 {'params': {'hidden_0': {'bias': Array([ 0.28488278,  0.4646238 ,  0.31394672,  0.12527882, -0.19745727,
         0.35409042,  0.4161074 , -0.22030914,  0.3727392 ,  0.33698317,
         0.20915855,  0.28994754,  0.40941897,  0.33960935,  0.28199062,
         0.08422685,  0.08622284,  0.46760505,  0.06599692,  0.14076136,
         0.46957725,  0.21451238,  0.09672151,  0.20282988,  0.4146216 ,
         0.40501216,  0.29968047,  0.15958865,  0.52267754,  0.45185432,
         0.20094897,  0.08936149], dtype=float32), 'kernel': Array([[-0.02292881,  0.33204085,  0.00783185, ...,  0.17639366,
         -0.28676355,  0.1336147 ],
        [ 0.10350566, -0.14019768,  0.16555312, ..., -0.05872878,
         -0.09583358, -0.11986528],
        [ 0.30888653, -0.22295487,  0.11300714, ...,  0.22722308,
          0.08300933,  0.06780595],
        ...,
        [-0.02148798, -0.02523559,  0.01645696, ...,  0.05422276,
         -0.0164335 , -0.01278395],
        [ 0.02316408, -0.019632  ,  0.03870182, ..., -0.01462829,
          0.01479928, -0.01236033],
        [ 0.04318658, -0.03535816, -0.06823816, ...,  0.08730225,
          0.04183754,  0.01695538]], dtype=float32)}, 'hidden_1': {'bias': Array([ 0.10018969,  0.04739389,  0.14245705,  0.10886911,  0.17657447,
         0.10672897, -0.06633445,  0.214557  , -0.02096763,  0.03568977,
         0.05996345,  0.19696212,  0.20768853,  0.21455961,  0.12976831,
         0.07142423,  0.05267075,  0.24953361,  0.1452986 ,  0.05209031,
         0.13662182, -0.00135479,  0.1216947 ,  0.07988579, -0.0205675 ,
         0.0491877 ,  0.1729292 ,  0.08831946, -0.02535013,  0.09924681,
        -0.0036723 ,  0.04231861], dtype=float32), 'kernel': Array([[-0.00087858,  0.15847297,  0.03052094, ...,  0.08155524,
         -0.16332243,  0.27776778],
        [ 0.12074066,  0.12635463,  0.33372122, ...,  0.42851794,
          0.00732424,  0.11671261],
        [-0.01956969,  0.11129837,  0.11537902, ..., -0.02777343,
         -0.00939295,  0.15774988],
        ...,
        [ 0.05673294,  0.01059974,  0.10804623, ..., -0.00684252,
         -0.24341477,  0.12533663],
        [-0.28556922,  0.00333799,  0.22738302, ..., -0.06550723,
         -0.16769099, -0.08431233],
        [ 0.05404365,  0.21527526, -0.36949873, ...,  0.06413373,
          0.03380724, -0.28667808]], dtype=float32)}, 'hidden_2': {'bias': Array([ 0.02505289,  0.01100961,  0.1346568 , -0.00018867, -0.01175596,
         0.08019587,  0.03245012,  0.08928776,  0.01376885,  0.00881344,
         0.14886038,  0.1438295 ,  0.13361475,  0.08026884,  0.0871866 ,
         0.18259974,  0.07038362, -0.08800334,  0.10457411,  0.10327752,
         0.13756776,  0.11895026,  0.11132706,  0.17764747, -0.07809313,
         0.07494015,  0.04092301, -0.06431346,  0.00876654, -0.00598676,
         0.1214353 ,  0.17215429], dtype=float32), 'kernel': Array([[ 0.0332659 ,  0.56382775, -0.02395368, ...,  0.1136704 ,
         -0.1350182 ,  0.00434155],
        [ 0.14300713, -0.35352442, -0.0253207 , ...,  0.19779709,
          0.31101367, -0.14626278],
        [ 0.12943141,  0.20509252, -0.03440792, ..., -0.2050015 ,
          0.10445224, -0.1361098 ],
        ...,
        [ 0.22765978,  0.2649839 ,  0.3536019 , ...,  0.24891362,
          0.04803974, -0.14744304],
        [-0.09494969,  0.06025721, -0.18550771, ..., -0.30967087,
         -0.16875897, -0.12750986],
        [ 0.25406963, -0.09986721, -0.18550019, ...,  0.03326019,
          0.14771546, -0.1660271 ]], dtype=float32)}, 'hidden_3': {'bias': Array([-0.04022551,  0.16514878,  0.03677716,  0.187993  ,  0.06012047,
         0.08626024,  0.1346122 , -0.06066117,  0.14869604,  0.02376029,
         0.03229278,  0.07445105,  0.03771992,  0.17562301, -0.03261607,
         0.24457765,  0.03781689,  0.10819566,  0.01701772, -0.01823165,
         0.12764555,  0.1500107 ,  0.0572823 ,  0.11592449,  0.09828758,
         0.10006318,  0.10043941,  0.07042981, -0.07366189,  0.03439248,
         0.08785318,  0.06962895], dtype=float32), 'kernel': Array([[ 0.39253664,  0.08585984, -0.17460215, ...,  0.09434353,
         -0.23550682,  0.32604465],
        [ 0.2614629 ,  0.15498848, -0.22069453, ..., -0.07367064,
         -0.26232916, -0.05139187],
        [-0.25147995,  0.16047598,  0.34646612, ..., -0.45825285,
          0.28927046,  0.2129293 ],
        ...,
        [ 0.31494182,  0.03504524, -0.09671002, ..., -0.15564787,
         -0.3575847 ,  0.34015438],
        [-0.1012756 ,  0.13322379,  0.02465846, ...,  0.09310631,
          0.35938498,  0.36938685],
        [ 0.25013664,  0.13232313, -0.19449307, ...,  0.18749009,
          0.15683685,  0.31765503]], dtype=float32)}, 'hidden_4': {'bias': Array([-0.00040934, -0.00698679,  0.05167666, -0.03016086, -0.01484741,
         0.13362274, -0.01118705,  0.10356595, -0.0477365 , -0.0488159 ,
         0.06432538,  0.00699214, -0.04287553,  0.04970741, -0.09267968,
        -0.01920402,  0.03693094,  0.03440281,  0.05181971,  0.09902182,
         0.08470792,  0.0624115 ,  0.07843123, -0.02807828, -0.01062818,
         0.12281155,  0.00239134,  0.01749574, -0.05498038,  0.0177019 ,
        -0.063458  ,  0.00069872], dtype=float32), 'kernel': Array([[-0.13266076, -0.40459836, -0.01050748, ..., -0.25695288,
         -0.29993036, -0.1136197 ],
        [ 0.02283052, -0.20967035,  0.46023175, ...,  0.27048978,
          0.328088  ,  0.35905567],
        [-0.0842694 , -0.19334123, -0.5286333 , ..., -0.20786257,
         -0.04628724, -0.18780026],
        ...,
        [ 0.43796882, -0.42118964,  0.03712777, ...,  0.02789131,
          0.2885667 , -0.03181743],
        [-0.18796611, -0.27649274, -0.4110071 , ...,  0.06905599,
         -0.1604028 ,  0.01553855],
        [-0.36654797,  0.5139328 , -0.16571653, ..., -0.16176794,
         -0.05644085, -0.02607703]], dtype=float32)}}}
 {'params': {'hidden_0': {'bias': Array([ 0.08430496,  0.16950624,  0.05965587, -0.15404223,  0.26197127,
         0.16178097, -0.07566199,  0.07148514,  0.06393294, -0.10271642,
         0.01662281,  0.19207096,  0.16065429,  0.3882809 , -0.12979473,
         0.0991773 ,  0.11693341, -0.06204792,  0.01313224,  0.11342609,
         0.17494307,  0.02270714, -0.10213189,  0.08228388, -0.25299385,
         0.23257312, -0.13472085,  0.16876529,  0.01008451,  0.22505604,
        -0.05278718,  0.31221363,  0.04350679,  0.08024084,  0.00792912,
         0.02592635,  0.05136975, -0.05161713,  0.1614676 ,  0.08169877,
         0.00377808,  0.09068677,  0.12125756,  0.1994246 ,  0.14090966,
         0.19631936,  0.04670294,  0.32629797,  0.233019  , -0.13801712,
         0.19044296, -0.0215124 , -0.2987685 ,  0.34203675,  0.2457676 ,
        -0.02171097,  0.3548651 ,  0.20623076,  0.05688456,  0.02522468,
        -0.1609722 , -0.19034977,  0.04454999, -0.02713647,  0.0178967 ,
        -0.04172528,  0.04159646,  0.06078235,  0.19613105,  0.02519848,
         0.02704792,  0.01563145,  0.02184559,  0.26049766,  0.01492085,
         0.26188493, -0.05801229, -0.04138708,  0.22003567,  0.2106345 ,
         0.20758848,  0.31202075,  0.09041975, -0.22938007,  0.03174128,
         0.02432858, -0.01313655,  0.22302648, -0.00902661, -0.05124063,
         0.12914546,  0.04385439, -0.09939323,  0.10230833, -0.00099326,
        -0.00423377, -0.06296586,  0.24918367,  0.1012337 , -0.09805641,
         0.22570048,  0.03290254,  0.09517647,  0.17962594, -0.14647889,
         0.04919146,  0.19103225, -0.09953667,  0.02699328,  0.11826079,
        -0.13626632,  0.00822319, -0.07838912,  0.08362263,  0.27627838,
        -0.12052938,  0.39364424,  0.06644009, -0.08754223, -0.0602757 ,
         0.14693023,  0.11233577, -0.25955835, -0.21596448, -0.02019276,
        -0.11075899, -0.24917291,  0.12087392, -0.14324097, -0.15513837,
         0.17429432, -0.04275641, -0.11428703,  0.34153673,  0.12085354,
        -0.04787704,  0.32063505,  0.03280878,  0.09644289,  0.31136683,
         0.17172189, -0.08069513,  0.06235381,  0.01926355,  0.26065126,
        -0.02805373,  0.18782543,  0.06414472,  0.28980407,  0.30699137,
         0.13733177,  0.3097723 ,  0.27217126, -0.1075867 ,  0.05493579,
         0.20132795, -0.03438731, -0.15531375, -0.01089747, -0.22988589,
        -0.08248186, -0.08782811,  0.04681334, -0.01527583, -0.13408192,
        -0.2625055 , -0.217425  , -0.15725197,  0.27171066,  0.07167882,
         0.26609492,  0.00944102,  0.07434274,  0.29939532,  0.19298412,
         0.09174616,  0.01949902, -0.13476889,  0.15706873,  0.18343185,
        -0.08568379, -0.06155531, -0.1419241 ,  0.22481382, -0.06548425,
        -0.27274   ,  0.17666984,  0.0159555 , -0.00202202,  0.30036965,
         0.16778211, -0.0437785 , -0.19557224, -0.17764789, -0.01391675,
        -0.05637276,  0.05284435, -0.1647856 , -0.1907117 , -0.20335503,
         0.05959028, -0.12379707, -0.17196824,  0.14503933,  0.08854694,
         0.41315827,  0.3612828 ,  0.16243953,  0.30327576,  0.17385106,
         0.15737668,  0.26828253, -0.06530498, -0.02329174, -0.20814213,
        -0.11100025,  0.08490904, -0.02194165,  0.08556638,  0.3122252 ,
         0.01132817,  0.22017713, -0.02684132, -0.07832744, -0.0607168 ,
         0.22301023,  0.06230137, -0.22115304, -0.2789587 ,  0.05151587,
        -0.0631799 ,  0.47418872,  0.12086458,  0.23081988, -0.00638966,
        -0.29891863,  0.33133066,  0.2763239 , -0.247885  , -0.1497422 ,
        -0.18865614,  0.44787085,  0.0585278 ,  0.113684  , -0.19931465,
        -0.12477977, -0.17651045,  0.3459907 ,  0.2183501 , -0.00583813,
         0.17377846,  0.02725516,  0.2452724 ,  0.1801418 ,  0.20211987,
         0.17516205], dtype=float32), 'kernel': Array([[-0.20664012, -0.21131681,  0.03215881, ...,  0.00948966,
          0.05904644,  0.19042447],
        [-0.19719796,  0.0075268 ,  0.14876458, ...,  0.2284201 ,
         -0.03327144, -0.1428219 ],
        [-0.22723427,  0.17244253, -0.02572103, ..., -0.072066  ,
          0.02520546, -0.03315065],
        ...,
        [-0.08003612,  0.06096891, -0.11229184, ..., -0.02810808,
          0.00815267, -0.03702818],
        [ 0.03340348, -0.03192165, -0.07316788, ..., -0.00228541,
          0.0066002 ,  0.01169076],
        [ 0.0441965 , -0.04203943, -0.00891414, ...,  0.00365151,
         -0.03388526,  0.00066852]], dtype=float32)}, 'hidden_1': {'bias': Array([-0.01057365,  0.07607573, -0.21836217, -0.03794699,  0.12464077,
         0.09453079, -0.15461142,  0.10745387, -0.08887734,  0.04725436,
        -0.054403  , -0.1990384 , -0.05490614, -0.17415874,  0.00895191,
        -0.00750678, -0.09813616, -0.20612758,  0.02035836, -0.17558785,
        -0.16997646, -0.1520108 ,  0.02598925, -0.1457645 , -0.04663809,
         0.22274373, -0.1811873 , -0.14999633, -0.04538735,  0.06120088,
        -0.22998032, -0.3124358 , -0.03491847, -0.01091444,  0.04130198,
        -0.02964285, -0.10650982, -0.07378588, -0.12192865, -0.04976493,
        -0.09060202,  0.00266406,  0.09813096, -0.05700324, -0.04967276,
        -0.1427269 , -0.0463202 , -0.1489048 , -0.07409959, -0.02698503,
        -0.20093934, -0.00790208, -0.15574437, -0.18604986, -0.10188117,
        -0.10405345, -0.0467567 , -0.02226982,  0.17583117, -0.01745739,
        -0.23526023, -0.13097033, -0.22063148,  0.0161904 , -0.15219857,
         0.08283207,  0.21831897, -0.13743488,  0.1381031 , -0.30171713,
        -0.21633807, -0.12720437,  0.04872922, -0.01031371,  0.05654656,
        -0.1490922 , -0.22482775, -0.13631785, -0.09995068, -0.06800354,
        -0.2943071 , -0.04596607, -0.13649812, -0.15347598, -0.02146537,
         0.01452329,  0.10899436, -0.15040365,  0.06786758, -0.07939541,
        -0.07898288,  0.0540721 , -0.13188593, -0.06356622,  0.04501931,
        -0.07988913, -0.02985169,  0.10495269,  0.0059421 , -0.01121396,
         0.2607858 , -0.111601  , -0.2424943 ,  0.06097161, -0.16456228,
        -0.1773811 , -0.2514383 ,  0.09380654, -0.24891374, -0.08094914,
        -0.08065539,  0.02598633, -0.01933428, -0.03855954,  0.19621234,
         0.04010501, -0.03446315,  0.08492009, -0.03992132, -0.15877746,
         0.00904003, -0.04786313, -0.09156112, -0.06268799, -0.04872649,
        -0.09309183, -0.14031786, -0.15451737, -0.17125075, -0.10845509,
        -0.05673349, -0.05339196, -0.20765556, -0.01684334, -0.13169914,
        -0.03581346, -0.21431419, -0.0887185 , -0.08458922,  0.05804006,
        -0.03668424,  0.05506321, -0.07398637, -0.1360435 , -0.0033719 ,
        -0.04546861, -0.13943145, -0.02828522, -0.08383828, -0.02153099,
        -0.01457238, -0.05833382, -0.10928155, -0.2112177 , -0.04192652,
        -0.07901645, -0.00343294, -0.12348013, -0.23048063, -0.04397697,
        -0.09138691, -0.06476796, -0.22468801, -0.04656866, -0.06749837,
        -0.17638354, -0.12677257, -0.13731813, -0.06817306, -0.00410034,
         0.00897712, -0.13844164, -0.24222824, -0.08365823,  0.08314287,
         0.0163046 , -0.04507992, -0.15689343, -0.17889395, -0.09230147,
         0.13694614, -0.09962822, -0.04563924, -0.26220036,  0.04522368,
         0.07130016, -0.09525929, -0.14888409, -0.10139266, -0.01038425,
        -0.2973738 ,  0.15622902, -0.14984569, -0.11593378,  0.02359205,
        -0.06339287, -0.12633596, -0.08754041,  0.1698516 , -0.05995542,
        -0.07574403, -0.02311923,  0.1394022 , -0.05211933, -0.10715733,
        -0.12703189, -0.18303375,  0.07800244,  0.2081285 , -0.06445999,
        -0.19242947, -0.05758064, -0.02403085,  0.07298264, -0.05551429,
        -0.02676499,  0.01864309,  0.16487828,  0.0015132 , -0.02163176,
         0.00519381, -0.26255485, -0.02807158, -0.14407665,  0.05379017,
        -0.01845515, -0.25934967, -0.07933442,  0.00485494, -0.12271864,
        -0.00720123, -0.10507781,  0.07361891, -0.18768519, -0.09781618,
        -0.01209581, -0.14313358, -0.0301259 , -0.0734739 ,  0.17330247,
         0.02775359, -0.2481434 , -0.08836298,  0.01778967, -0.12342057,
        -0.08215271,  0.06459659, -0.00996908, -0.15718922,  0.05282585,
         0.07547721, -0.01466181,  0.07680064,  0.0610969 , -0.01536363,
        -0.12606527], dtype=float32), 'kernel': Array([[-0.05101001, -0.07912189,  0.01594521, ..., -0.0293784 ,
         -0.0931572 ,  0.04542016],
        [ 0.08962853,  0.21119644, -0.00438346, ..., -0.03479801,
         -0.02653122,  0.08389836],
        [ 0.01820032, -0.03063281,  0.05904243, ...,  0.01338997,
          0.015855  , -0.06758526],
        ...,
        [-0.07211853,  0.1189425 , -0.10595685, ...,  0.06043866,
          0.16434692, -0.13471685],
        [ 0.06632988,  0.10268244, -0.11768164, ...,  0.00434392,
          0.07987361, -0.08640495],
        [ 0.04182959,  0.10466927, -0.05046609, ..., -0.048677  ,
          0.07085058,  0.08078855]], dtype=float32)}, 'hidden_2': {'bias': Array([-2.45807171e-02, -1.08165808e-01, -5.52463867e-02,  1.04436353e-01,
        -5.19640855e-02,  1.46173956e-02, -4.29627597e-02, -1.56881690e-01,
        -1.93553016e-01,  6.37156423e-03, -1.46745607e-01, -4.48244140e-02,
        -1.65033877e-01, -2.94107664e-02, -1.10081464e-01, -5.54843843e-02,
        -1.51503310e-01, -1.25537053e-01, -5.82367480e-02,  1.81191131e-01,
         4.25280184e-02, -1.97612703e-01, -6.80989996e-02, -2.03322545e-01,
        -2.14286687e-04, -9.77429450e-02, -1.74114350e-02, -1.36159420e-01,
        -6.70185462e-02,  2.32542288e-02, -4.54631634e-02, -1.21426269e-01,
        -1.52234482e-02, -7.01717138e-02, -5.71015477e-02, -8.69418308e-02,
        -1.12864204e-01,  1.48951337e-02, -1.01751179e-01, -8.26516002e-02,
        -1.92460548e-02, -1.22006044e-01, -3.03948801e-02, -1.74726695e-01,
        -3.96072119e-02, -1.50318950e-01,  1.23615982e-02, -1.29605025e-01,
        -6.46390915e-02, -2.06157371e-01, -9.85479057e-02, -1.39606872e-03,
         1.01569004e-01, -1.60895795e-01,  1.85590945e-02,  4.67610173e-03,
        -3.02390344e-02, -2.31731776e-02, -1.66345224e-01, -2.83334941e-01,
         3.99985202e-02, -1.73913151e-01, -1.56086147e-01, -9.67824087e-02,
        -4.07598615e-02, -5.84647767e-02, -2.40625262e-01, -1.69725224e-01,
        -2.11775266e-02, -2.26221904e-02, -2.84359843e-01, -7.52683356e-02,
        -9.45265219e-02, -1.21121295e-01, -2.66108438e-02, -1.17847621e-01,
         9.91370156e-02, -2.53171921e-02, -9.07920673e-02, -5.35689518e-02,
         8.18294287e-03,  6.31977990e-02, -3.52889895e-02, -8.86764303e-02,
         8.82073790e-02,  6.84968103e-03, -1.28394097e-01,  1.24081723e-01,
        -1.39640555e-01, -5.63220866e-02, -2.15416495e-02, -1.09207667e-01,
        -9.14873108e-02, -1.03763051e-01,  1.48498006e-02, -5.45082316e-02,
         2.54934393e-02, -6.58774301e-02,  3.53280944e-03, -6.43286631e-02,
        -8.05454478e-02, -9.23427194e-02, -1.04510434e-01,  1.46511182e-01,
        -1.11561693e-01, -5.18307984e-02, -6.64594546e-02, -8.83116424e-02,
        -6.59087822e-02, -1.25880495e-01, -4.58462909e-02, -3.05865984e-02,
        -6.86410740e-02,  1.37311354e-01, -1.35419205e-01, -2.23658681e-01,
        -1.26441956e-01, -4.08109762e-02, -1.90954469e-03,  2.40585562e-02,
        -9.32918563e-02, -1.98096558e-02, -2.49675274e-01,  1.28686532e-01,
        -1.38005242e-01, -2.05568075e-02, -2.84427702e-02, -9.56092402e-02,
        -2.05717951e-01,  4.43643853e-02, -2.98097711e-02, -9.40663218e-02,
        -7.81890098e-03, -2.21039400e-01, -1.06365211e-01, -8.51043537e-02,
         2.92336673e-01, -1.70771480e-01,  1.07936114e-01, -4.90423478e-02,
        -1.26763001e-01, -8.95144343e-02, -3.70057253e-03, -1.59860730e-01,
        -2.93475091e-01,  1.16104476e-01,  2.17468247e-01, -5.60647622e-02,
        -1.19180948e-01, -6.33054152e-02, -8.42621401e-02, -9.33032110e-02,
         1.55543769e-02, -1.76879480e-01, -2.06411868e-01, -1.53443411e-01,
        -4.20447290e-02, -9.49110687e-02, -1.89696588e-02, -6.90673143e-02,
        -1.92025736e-01, -1.05728030e-01, -5.63656352e-02,  3.36539969e-02,
        -4.08697315e-02, -6.44406900e-02, -1.76241368e-01, -9.24367607e-02,
        -4.93835099e-03,  2.74712853e-02, -1.11962475e-01, -1.29383162e-01,
         8.92036129e-03, -1.19388372e-01, -1.91936612e-01, -1.63879097e-02,
        -2.46266693e-01,  9.18544549e-03, -1.44815609e-01, -1.29080206e-01,
         3.01345233e-02, -1.28426120e-01,  3.27070281e-02, -4.73146401e-02,
         7.77493045e-02, -6.70468807e-02,  1.48733735e-01, -1.58427119e-01,
        -7.00060055e-02, -2.85440106e-02, -1.22163944e-01, -6.55636936e-02,
         7.46844783e-02, -7.80359283e-02, -1.72393382e-01, -2.65874155e-02,
        -1.09391831e-01, -4.46036495e-02, -1.15893297e-01, -5.79550453e-02,
         1.20328747e-01, -1.82616875e-01, -1.01089224e-01, -1.79389283e-01,
         2.07721531e-01, -1.67444870e-01, -2.24767879e-01, -1.34857014e-01,
        -1.05944082e-01, -2.63105445e-02, -7.22294673e-02, -8.52685496e-02,
         6.86428398e-02, -1.43236205e-01, -1.25741839e-01, -5.65019343e-03,
        -3.31679508e-02, -8.99227634e-02, -2.50422776e-01, -4.51989248e-02,
        -1.35486469e-01, -5.08470200e-02,  1.32466750e-02,  9.56994370e-02,
        -9.71458629e-02, -3.20372470e-02, -5.96856065e-02, -1.52514443e-01,
         2.10712865e-01,  1.12837456e-01, -2.08138507e-02,  7.95352161e-02,
        -6.29856288e-02, -1.76088944e-01,  3.98871861e-03, -1.44225523e-01,
        -1.56072125e-01, -6.39661402e-02,  2.17126042e-01, -3.51495109e-02,
        -1.46510378e-01, -1.16383106e-01, -1.87004164e-01, -1.12186834e-01,
        -1.11288846e-01,  3.32653965e-03, -1.37867909e-02, -1.48895457e-01,
        -1.34105429e-01, -1.08879216e-01, -3.98837067e-02, -2.07656011e-01,
        -1.70094982e-01, -6.99276626e-02, -1.08187877e-01, -1.36385793e-02],      dtype=float32), 'kernel': Array([[-0.02826355,  0.02080889,  0.02236611, ...,  0.07152607,
          0.11208888, -0.10930417],
        [ 0.11726046, -0.07753134,  0.01136287, ..., -0.29781264,
         -0.05012754, -0.01341781],
        [ 0.05072272,  0.00961305, -0.06520712, ..., -0.00062438,
          0.02773224, -0.1790483 ],
        ...,
        [ 0.05425938,  0.04935966, -0.33842003, ..., -0.18159282,
         -0.07355505,  0.10554889],
        [ 0.04517049,  0.10084917,  0.16217422, ..., -0.20112751,
          0.04276788, -0.20450649],
        [-0.05117745,  0.1512411 ,  0.04882912, ..., -0.02680302,
         -0.01851102, -0.2310617 ]], dtype=float32)}, 'hidden_3': {'bias': Array([-0.11040986,  0.00479352, -0.16895549, -0.02871946, -0.17872638,
        -0.14679037, -0.00912596, -0.14241086,  0.00265372,  0.06765488,
        -0.16097255, -0.01290492,  0.01259508, -0.13540137, -0.04646958,
        -0.15855506, -0.06898496, -0.04168594, -0.04000397,  0.05384568,
        -0.03357684,  0.00639967, -0.02941872, -0.1322112 , -0.15480112,
        -0.05035256, -0.14109814, -0.09497468,  0.04515954, -0.18179056,
        -0.01336298, -0.20194735, -0.08772815, -0.10887735,  0.0629859 ,
        -0.07988686, -0.06309164,  0.01040086,  0.12887138, -0.07603766,
         0.01893401,  0.08371924, -0.09314848, -0.09890978, -0.09738939,
         0.09049828,  0.04337126, -0.09631708,  0.0054538 , -0.03492767,
        -0.14984702, -0.0786963 , -0.164196  , -0.03654613, -0.12702736,
        -0.13993199, -0.01824777,  0.00811302,  0.05437669,  0.10637532,
        -0.15261875, -0.02812512, -0.18905632, -0.08235947, -0.03548195,
        -0.07989912, -0.11381192,  0.05276485, -0.02592973, -0.14631712,
        -0.0415225 , -0.02189358, -0.06867854, -0.021631  , -0.00855925,
         0.04979583, -0.06626465, -0.12820555, -0.13643904,  0.06657882,
        -0.04464474, -0.07278485, -0.06266777,  0.0311831 ,  0.00487375,
        -0.10853829, -0.05537344, -0.06841411, -0.00891284,  0.00547144,
        -0.14260767, -0.00670641, -0.06149622, -0.03086384, -0.0728453 ,
         0.00910223, -0.02337655,  0.21044004, -0.02573699, -0.06301991,
        -0.20378917, -0.07376067,  0.02249367, -0.12131117, -0.19258253,
        -0.04302515, -0.00136662,  0.02769567, -0.02922945,  0.09213145,
        -0.05281892, -0.12816495, -0.14712207, -0.02941194,  0.03468116,
        -0.00145783, -0.03893564, -0.06286877, -0.19136134,  0.03983639,
        -0.06937621, -0.092082  ,  0.02541152, -0.03335907, -0.05203815,
         0.03003092, -0.19653171, -0.0126    , -0.01940144,  0.03206542,
        -0.07194265,  0.04230458,  0.03018463, -0.13152684, -0.16747338,
         0.01428083, -0.08541618, -0.14228366, -0.02675642, -0.03858286,
         0.04444308, -0.16365638, -0.18929276, -0.01155885, -0.04164128,
         0.01056839, -0.15008001, -0.20763859, -0.11853259, -0.0367836 ,
        -0.05942885, -0.04013385, -0.02566708,  0.02282758, -0.08094272,
        -0.07920066, -0.09443821,  0.01312968, -0.16585846, -0.18095033,
        -0.04064659, -0.05246837, -0.00431536, -0.00143575, -0.02143087,
        -0.07204585, -0.08277549, -0.13700332, -0.21181408, -0.0003768 ,
        -0.07892367,  0.07612175, -0.11090199, -0.10627769,  0.08993736,
        -0.10168061, -0.04872249, -0.02072967, -0.21690507, -0.15919273,
        -0.06347702, -0.0529172 , -0.22168708, -0.15680937, -0.09698187,
        -0.10448692, -0.06220056, -0.03244976, -0.12771527,  0.00452599,
        -0.07252748, -0.0429742 , -0.06919395, -0.00367271, -0.13863452,
        -0.12039381,  0.09287223, -0.03928319, -0.11336961, -0.19319117,
         0.02350768,  0.00135433, -0.14715043, -0.05201471, -0.04258549,
        -0.12962723, -0.09186316, -0.04772934, -0.24409214,  0.0468238 ,
        -0.05299866, -0.0198905 , -0.15209375, -0.20822036, -0.12253334,
        -0.0717214 , -0.04861174, -0.02500593, -0.16511169, -0.06622099,
        -0.11528802, -0.10152913, -0.11391822, -0.12865056, -0.11210068,
        -0.09144408, -0.09201709, -0.12350839, -0.01915782,  0.00542661,
        -0.11955995, -0.21821778, -0.10201026, -0.11581796, -0.1777885 ,
        -0.07523859, -0.07772364,  0.11204267, -0.07175659, -0.10236379,
        -0.14520909, -0.1453909 ,  0.01831085, -0.07519741,  0.03157995,
         0.11918013, -0.18820907, -0.1231261 , -0.00247788, -0.13909334,
        -0.1262049 , -0.01684617,  0.00861237, -0.15218765, -0.22569583,
         0.04696587], dtype=float32), 'kernel': Array([[ 0.05042215,  0.14467065,  0.06769109, ..., -0.0219874 ,
          0.14627545,  0.09719898],
        [-0.08511008,  0.1799768 , -0.15583299, ...,  0.23922575,
          0.16059265,  0.09106401],
        [-0.10261157,  0.00801401, -0.10441482, ...,  0.10403925,
         -0.07159147, -0.06645902],
        ...,
        [-0.10822354,  0.10337086,  0.09246803, ..., -0.01123108,
         -0.05496544,  0.03907425],
        [ 0.03384935,  0.20609573,  0.08933968, ..., -0.06466332,
          0.00591543, -0.11664706],
        [-0.00776256,  0.18949926, -0.06587264, ...,  0.03207757,
         -0.12069302,  0.17882621]], dtype=float32)}, 'hidden_4': {'bias': Array([ 4.57423925e-02, -1.03388518e-01,  6.65426329e-02,  1.41966432e-01,
         2.12203115e-02, -1.47840008e-01, -1.05041221e-01, -3.62440161e-02,
        -9.70784426e-02, -1.32970348e-01, -1.08606696e-01, -4.19018976e-02,
        -6.17074408e-02, -1.12463869e-01,  1.95866272e-01,  1.91793762e-04,
        -6.40539899e-02,  1.62620265e-02, -1.08566336e-01,  8.37873444e-02,
         5.50866760e-02,  1.38405506e-02, -6.59391806e-02, -3.88115481e-03,
         7.78070986e-02,  1.56095847e-01,  1.75118580e-01,  4.49013598e-02,
        -1.18882529e-01, -5.75506762e-02,  1.22792609e-01, -4.17027203e-03,
        -6.98669255e-02, -3.38071547e-02, -8.90173987e-02, -5.59437536e-02,
         7.22559541e-02,  1.62790790e-01, -1.22286759e-01, -1.12314060e-01,
         5.75169511e-02, -1.03323027e-01,  7.27362931e-02, -3.45588140e-02,
         1.27317742e-01,  8.07196125e-02,  6.65711239e-02,  2.71348823e-02,
        -4.86270012e-03,  5.42172901e-02,  2.53097769e-02,  1.88720495e-01,
         1.62689891e-02, -1.82490405e-02,  6.97599798e-02,  2.32525468e-02,
        -3.51473466e-02, -4.59690690e-02, -1.09776827e-02,  1.15650147e-02,
         6.54791621e-03, -1.30156040e-01, -5.50956801e-02,  2.36222111e-02,
         2.70645265e-02, -1.40906408e-01, -1.77528970e-02, -5.48690967e-02,
         3.03847366e-03, -6.23760000e-03,  1.54197857e-01, -1.04829066e-01,
        -1.20159790e-01, -1.52900834e-02,  6.80754939e-03, -9.69041735e-02,
         1.47896364e-01, -1.03303678e-01,  4.03720997e-02, -5.72675131e-02,
        -9.07571241e-02,  9.54184402e-03, -3.56671913e-03, -7.63031468e-02,
        -1.21887103e-01,  2.56839171e-02,  1.00176461e-01, -1.10843033e-01,
         4.47379462e-02, -1.32603124e-01, -3.08223981e-02,  9.73472074e-02,
         8.49193428e-03,  1.50659531e-01,  1.85482487e-01, -1.17133595e-01,
         1.19854454e-02, -1.20574795e-01,  6.80932254e-02,  6.25707954e-02,
        -8.87544304e-02,  1.92959625e-02, -1.23968162e-02, -2.35046651e-02,
        -7.72990361e-02, -3.20571922e-02, -8.69267955e-02, -8.74933079e-02,
         6.96025044e-03, -1.51619855e-02, -1.33122131e-01,  1.76819295e-01,
        -7.54855797e-02,  1.48241997e-01,  8.99288729e-02, -3.10524367e-02,
        -1.19566312e-02,  8.47210288e-02, -5.77715226e-02,  7.39420280e-02,
        -3.17521393e-02, -5.81092201e-02,  3.95376794e-02, -3.43595333e-02,
        -1.59067474e-02, -8.13437328e-02, -6.74461275e-02,  1.35470331e-01,
         7.84807950e-02,  9.95432138e-02, -1.50626853e-01,  1.57312095e-01,
        -1.82031151e-02, -8.63450542e-02,  1.96303893e-02, -1.08656228e-01,
        -1.07125677e-01,  1.41331013e-02, -7.69198537e-02,  1.30230784e-02,
         8.04647133e-02,  3.29685546e-02, -1.17389672e-01, -9.77285877e-02,
        -5.82302846e-02, -7.62378871e-02,  1.56058684e-01, -1.18132040e-01,
         8.13202262e-02, -1.26530319e-01,  3.04413158e-02,  1.88180625e-01,
         1.19616993e-01, -1.41978383e-01,  1.10449441e-01, -5.36711812e-02,
        -1.09000646e-01,  7.20939860e-02, -7.31287291e-03,  3.22925113e-02,
        -6.10473379e-03, -1.27174422e-01, -1.28530972e-02, -1.36460409e-01,
         5.51922992e-02, -8.20955411e-02,  8.88804272e-02,  7.66225457e-02,
         2.42709033e-02,  2.38621701e-02, -4.95566167e-02,  6.27505779e-02,
         2.37954948e-02, -1.17252752e-01,  1.07458547e-01,  6.39749989e-02,
        -6.18379228e-02,  5.78244962e-02,  5.47986617e-03,  8.10409933e-02,
        -1.66593716e-02, -3.91400158e-02, -7.58690238e-02,  3.19083012e-03,
         6.83301091e-02,  6.01315945e-02,  1.78940862e-01, -7.54244626e-02,
        -7.95567855e-02,  1.52126476e-01,  6.89936951e-02, -3.48411463e-02,
        -9.26360786e-02, -1.90514456e-02, -1.38143986e-01, -6.06235713e-02,
        -4.12591882e-02, -7.55510852e-02, -1.17725186e-01,  7.03107566e-02,
        -3.34001146e-02, -1.04723163e-01, -1.53628066e-01, -1.16663523e-01,
        -4.56064567e-02, -5.05132377e-02,  2.07604170e-02, -2.42500361e-02,
        -8.36367309e-02, -9.14549232e-02, -3.72999422e-02,  4.24200967e-02,
         7.70621374e-02, -3.59796286e-02, -7.91620929e-03, -9.66852382e-02,
        -1.25387430e-01, -8.52857530e-03,  6.21845536e-02, -2.73251422e-02,
        -9.47867557e-02,  1.74706988e-02,  1.81738272e-01,  6.10808134e-02,
        -1.57559719e-02,  7.47806802e-02, -9.91199836e-02, -4.66553830e-02,
        -5.18794805e-02, -7.22690672e-02, -1.94383357e-02, -1.52493358e-01,
         1.79241866e-01, -7.39385560e-02,  5.22696897e-02,  3.60718518e-02,
        -1.15195401e-01, -1.63911521e-01, -5.37694339e-03, -1.12081893e-01,
        -1.29423216e-01,  1.02548376e-02,  1.37844458e-01, -4.68153954e-02,
        -8.67270157e-02, -9.88142714e-02, -9.36128423e-02,  8.41854699e-03,
        -7.90350735e-02,  1.56382658e-02,  2.07192171e-02, -7.79720396e-02,
        -4.92159352e-02,  1.82640418e-01,  9.44793150e-02, -6.03748858e-02],      dtype=float32), 'kernel': Array([[-0.02252581,  0.05346839,  0.0764463 , ..., -0.08014686,
         -0.00936079, -0.04889667],
        [-0.06920318, -0.1916704 , -0.00249626, ...,  0.07444764,
         -0.10690996,  0.01179823],
        [ 0.13706529, -0.05347674,  0.00578834, ..., -0.12871644,
          0.09723885,  0.06953761],
        ...,
        [ 0.15006042,  0.0592906 ,  0.05187764, ..., -0.06620561,
          0.00411313, -0.03341548],
        [ 0.01195295, -0.13241361, -0.06027019, ..., -0.21389215,
          0.12065901,  0.04629788],
        [ 0.09365667, -0.10805927, -0.0166118 , ..., -0.02060708,
          0.04907411, -0.0178045 ]], dtype=float32)}, 'hidden_5': {'bias': Array([0.18412174], dtype=float32), 'kernel': Array([[ 5.88721083e-03],
        [-1.94984332e-01],
        [ 5.30565996e-03],
        [ 9.41432565e-02],
        [-5.34164719e-04],
        [-1.79675654e-01],
        [-2.33291060e-01],
        [-4.54475358e-02],
        [-2.41425112e-01],
        [-2.10863948e-01],
        [-2.39491507e-01],
        [-2.51332790e-01],
        [-2.02525720e-01],
        [-1.90127134e-01],
        [ 1.55817449e-01],
        [ 1.37302955e-03],
        [-2.26148620e-01],
        [-1.20973885e-02],
        [-2.16918871e-01],
        [ 5.65413907e-02],
        [-1.01723196e-03],
        [ 9.05022994e-02],
        [-2.33776435e-01],
        [-1.86960436e-02],
        [ 3.04903965e-02],
        [ 7.87579566e-02],
        [ 1.05624534e-01],
        [-1.25112578e-01],
        [-1.32558092e-01],
        [-2.46686399e-01],
        [ 4.15201001e-02],
        [-1.30646139e-01],
        [-1.55905917e-01],
        [-1.87206328e-01],
        [-1.57159895e-01],
        [-1.36760874e-02],
        [ 2.77252542e-03],
        [ 8.69864523e-02],
        [-2.34452292e-01],
        [-2.19093546e-01],
        [ 1.35890019e-04],
        [-1.36124507e-01],
        [ 1.04515657e-01],
        [-2.44169086e-01],
        [ 5.26574291e-02],
        [ 6.61103427e-02],
        [ 5.53569807e-05],
        [ 1.23582559e-03],
        [ 2.97047272e-02],
        [ 1.99336465e-03],
        [-7.11760391e-03],
        [ 1.18090756e-01],
        [ 1.78183522e-03],
        [-1.69151500e-01],
        [-3.71926086e-04],
        [ 3.24342633e-04],
        [-2.08665684e-01],
        [-2.52100348e-01],
        [ 4.80913121e-04],
        [-9.60623920e-02],
        [-1.96936470e-03],
        [-1.57878950e-01],
        [-2.06584603e-01],
        [-2.70550279e-03],
        [ 1.06247724e-03],
        [-1.66956738e-01],
        [-9.34890658e-02],
        [-2.12776929e-01],
        [-1.96158756e-02],
        [ 3.34451930e-03],
        [ 7.55859986e-02],
        [-2.00937629e-01],
        [-1.63794324e-01],
        [-2.15512011e-02],
        [ 2.82264478e-03],
        [-1.48269370e-01],
        [ 1.27300322e-01],
        [-1.64606258e-01],
        [-1.31894439e-01],
        [-2.26396382e-01],
        [-1.28932729e-01],
        [ 2.59669661e-03],
        [ 2.07602629e-04],
        [-1.68418974e-01],
        [-1.73939079e-01],
        [ 1.89338869e-03],
        [ 3.36659923e-02],
        [-1.62408531e-01],
        [-8.67664465e-04],
        [-2.43616000e-01],
        [ 3.49302264e-03],
        [ 7.95886964e-02],
        [-5.79559505e-02],
        [ 8.63137990e-02],
        [ 1.45458236e-01],
        [-1.80818886e-01],
        [-6.69886842e-02],
        [-1.67376488e-01],
        [-1.11264095e-03],
        [ 3.76338442e-03],
        [-2.53703564e-01],
        [-2.12234957e-03],
        [-8.28065425e-02],
        [-1.78395107e-01],
        [-2.32066721e-01],
        [-1.80632442e-01],
        [-1.63628206e-01],
        [-2.41965830e-01],
        [-1.12934217e-01],
        [-1.16762053e-02],
        [-1.32794261e-01],
        [ 9.95706022e-02],
        [-2.15032190e-01],
        [ 5.09965159e-02],
        [ 3.26128416e-02],
        [-1.96370721e-01],
        [-1.58200953e-02],
        [ 9.92304236e-02],
        [-3.34816752e-04],
        [ 4.52466635e-03],
        [-2.20559895e-01],
        [-1.57841265e-01],
        [ 3.71273927e-04],
        [ 1.15962330e-05],
        [-1.98815957e-01],
        [-2.06927940e-01],
        [-2.29734182e-01],
        [ 5.28354049e-02],
        [-3.27555016e-02],
        [ 6.54511005e-02],
        [-1.71096161e-01],
        [ 4.58712764e-02],
        [-6.19534440e-02],
        [-2.35646114e-01],
        [ 1.11975148e-03],
        [-1.93294734e-01],
        [ 8.86964053e-03],
        [ 3.21917410e-04],
        [-2.50090122e-01],
        [ 8.71088938e-04],
        [ 3.75735946e-02],
        [ 8.01795535e-03],
        [-1.90453783e-01],
        [-2.43615389e-01],
        [ 2.30339763e-04],
        [-2.22764656e-01],
        [ 6.16013072e-02],
        [-1.95793748e-01],
        [-3.65914963e-03],
        [-1.47144765e-01],
        [ 4.65973001e-03],
        [ 1.13829076e-01],
        [-2.99421418e-02],
        [-1.74993068e-01],
        [ 4.53514419e-02],
        [-1.88914657e-01],
        [-2.00444043e-01],
        [-1.47341145e-03],
        [-1.89831369e-02],
        [-6.42382191e-04],
        [-4.56253067e-02],
        [-2.16951177e-01],
        [-4.21651825e-03],
        [-1.74789041e-01],
        [ 8.13827151e-04],
        [-2.23627940e-01],
        [ 4.05774191e-02],
        [ 5.21981623e-04],
        [-1.39476240e-01],
        [-9.55474228e-02],
        [-2.27485657e-01],
        [-1.38742281e-02],
        [ 5.43686678e-04],
        [-1.82342380e-01],
        [ 3.53916213e-02],
        [ 5.94758727e-02],
        [ 7.29993553e-05],
        [ 7.67336115e-02],
        [ 2.30265642e-03],
        [ 2.04815343e-02],
        [-4.61184643e-02],
        [-1.85493201e-01],
        [-2.25894868e-01],
        [-1.20467925e-03],
        [ 9.85852480e-02],
        [ 1.83429511e-03],
        [ 1.42232418e-01],
        [-2.04646856e-01],
        [-2.14900702e-01],
        [ 6.33598939e-02],
        [ 1.46355676e-02],
        [-2.28131369e-01],
        [-1.95800841e-01],
        [-2.52421916e-01],
        [-1.65587649e-01],
        [-1.57033369e-01],
        [-9.66261551e-02],
        [-2.23421708e-01],
        [-2.35780403e-01],
        [-9.17608209e-04],
        [-2.10737333e-01],
        [-2.04007819e-01],
        [-1.99308544e-01],
        [-1.97158694e-01],
        [-4.84909825e-02],
        [-1.86810419e-01],
        [-5.01092989e-03],
        [-1.62832484e-01],
        [-2.35589668e-01],
        [-1.92749605e-01],
        [-6.22514519e-04],
        [ 3.54853179e-03],
        [ 9.45237800e-02],
        [-2.30129182e-01],
        [ 9.14054166e-04],
        [-2.35765398e-01],
        [-1.67346463e-01],
        [ 3.98520334e-03],
        [ 7.27474838e-02],
        [ 2.64080078e-03],
        [-1.94291964e-01],
        [ 1.10040186e-03],
        [ 1.17374435e-01],
        [-2.66288500e-03],
        [ 6.97243668e-04],
        [ 9.90690431e-04],
        [-1.60702124e-01],
        [-6.03927039e-02],
        [-1.53203696e-01],
        [-2.43600667e-01],
        [-5.46192692e-04],
        [-1.67129055e-01],
        [ 1.21135108e-01],
        [-2.42242411e-01],
        [ 6.06004037e-02],
        [ 4.82569390e-04],
        [-1.86240286e-01],
        [-1.44202083e-01],
        [ 6.04221448e-02],
        [-1.69931799e-01],
        [-1.72532469e-01],
        [ 8.13086703e-03],
        [ 8.41537565e-02],
        [-1.68547824e-01],
        [-2.34287933e-01],
        [-2.13401332e-01],
        [-2.29099214e-01],
        [-3.78636498e-04],
        [-1.09800577e-01],
        [ 1.12330392e-02],
        [ 3.05882859e-05],
        [-2.16708302e-01],
        [-2.05796450e-01],
        [ 1.08460404e-01],
        [ 8.06403230e-04],
        [-2.46188745e-01]], dtype=float32)}}}                                                                                                                               ]' with dtype object is not a valid JAX array type. Only arrays of numeric types are supported by JAX.

During handling of the above exception, another exception occurred:

Traceback (most recent call last):
  File "/root/HW/RL_qizhi-main/manipulation/generate_video_from_model.py", line 219, in <module>
    success = generate_video_with_trained_model()
  File "/root/HW/RL_qizhi-main/manipulation/generate_video_from_model.py", line 61, in generate_video_with_trained_model
    params[key] = jp.array(data[key])
  File "/root/HW/RL_qizhi-main/PPO-Humanoid/ENTER/envs/BHW/lib/python3.10/site-packages/jax/_src/numpy/array.py", line 232, in array
    dtype = dtypes._lattice_result_type(*leaves)[0]
  File "/root/HW/RL_qizhi-main/PPO-Humanoid/ENTER/envs/BHW/lib/python3.10/site-packages/jax/_src/dtypes.py", line 832, in _lattice_result_type
    dtypes, weak_types = zip(*(_dtype_and_weaktype(arg) for arg in args))
  File "/root/HW/RL_qizhi-main/PPO-Humanoid/ENTER/envs/BHW/lib/python3.10/site-packages/jax/_src/dtypes.py", line 832, in <genexpr>
    dtypes, weak_types = zip(*(_dtype_and_weaktype(arg) for arg in args))
  File "/root/HW/RL_qizhi-main/PPO-Humanoid/ENTER/envs/BHW/lib/python3.10/site-packages/jax/_src/dtypes.py", line 601, in _dtype_and_weaktype
    return dtype(value), any(value is typ for typ in _weak_types) or is_weakly_typed(value)
  File "/root/HW/RL_qizhi-main/PPO-Humanoid/ENTER/envs/BHW/lib/python3.10/site-packages/jax/_src/dtypes.py", line 826, in dtype
    raise TypeError(f"Value '{x}' with dtype {dt} is not a valid JAX array "
TypeError: Value '[RunningStatisticsState(mean={'privileged_state': Array([ 9.48970497e-01, -2.26512522e-01,  5.28175771e-01,  8.45760524e-01,
         9.46784496e-01,  1.17126986e-01,  8.56512725e-01,  6.32644951e-01,
         9.76196826e-01, -9.01317745e-02,  1.08473516e+00,  7.79687464e-01,
         6.36376023e-01,  4.86174673e-01,  7.59919882e-01,  2.02712148e-01,
        -2.37058654e-01, -3.89035866e-02, -8.83474797e-02, -3.74597348e-02,
        -7.81787932e-01, -1.95137426e-01, -4.38820869e-01, -1.68603882e-01,
        -1.69972330e-01,  2.20590696e-01, -2.38233507e-02, -2.91340761e-02,
        -1.40382558e-01, -6.26471341e-02, -2.83720009e-02, -1.11581320e-02,
         5.59043372e-03,  1.04085356e-03,  6.21856330e-03, -4.84845974e-03,
         4.18465808e-02, -1.63774081e-02, -1.45412805e-02, -7.97600579e-03,
         4.17461172e-02,  5.33610815e-03, -8.70394800e-03,  9.07895737e-04,
         1.19824510e-03,  1.10985324e-01,  4.17865142e-02,  5.93562759e-02,
        -2.03403077e-04,  5.92290657e-03, -3.90802994e-02,  1.12936050e-02,
         2.12655426e-03,  3.09219497e-04, -7.16924574e-03, -6.89927721e-04,
         4.28254949e-04,  9.48973000e-01, -2.26509482e-01,  5.28176844e-01,
         8.45760226e-01,  9.46785271e-01,  1.17128372e-01,  8.56510878e-01,
         6.32643461e-01,  9.76193786e-01, -9.01276618e-02,  1.08473551e+00,
         7.79689789e-01,  6.36376262e-01,  4.86171663e-01,  7.59922624e-01,
         2.02714995e-01,  7.61088124e-03, -7.76319066e-03, -1.47081763e-02,
        -2.38535646e-03, -5.01175318e-03, -1.37812924e-04, -1.46053061e-02,
        -1.06559610e-02,  7.99772795e-03,  5.71852503e-03,  2.77334568e-03,
        -3.28114559e-03, -6.39297487e-03, -7.24226283e-03, -1.38065973e-02,
         2.92951055e-03,  3.50623503e-02, -8.56599212e-02,  1.45764900e-02,
         4.97494787e-02, -5.27064577e-02,  2.96369046e-02,  3.45883481e-02,
         1.22461803e-02,  3.60477157e-02,  1.24335717e-02,  5.22293113e-02,
         2.31574271e-02,  5.58916992e-03,  1.04050082e-03,  6.21885946e-03,
        -5.06131863e-03,  4.35485430e-02, -1.70544982e-02, -1.51371444e-02,
        -8.29904340e-03,  4.34583202e-02,  8.47834162e-05,  9.92844813e-04,
        -1.35578099e-03, -1.82592310e-02,  1.17603494e-02, -5.59581304e-03,
         0.00000000e+00,  0.00000000e+00,  0.00000000e+00,  0.00000000e+00,
         0.00000000e+00,  0.00000000e+00,  0.00000000e+00,  0.00000000e+00,
         0.00000000e+00,  0.00000000e+00,  0.00000000e+00,  0.00000000e+00],      dtype=float32), 'state': Array([ 9.48970497e-01, -2.26512522e-01,  5.28175771e-01,  8.45760524e-01,
         9.46784496e-01,  1.17126986e-01,  8.56512725e-01,  6.32644951e-01,
         9.76196826e-01, -9.01317745e-02,  1.08473516e+00,  7.79687464e-01,
         6.36376023e-01,  4.86174673e-01,  7.59919882e-01,  2.02712148e-01,
        -2.37058654e-01, -3.89035866e-02, -8.83474797e-02, -3.74597348e-02,
        -7.81787932e-01, -1.95137426e-01, -4.38820869e-01, -1.68603882e-01,
        -1.69972330e-01,  2.20590696e-01, -2.38233507e-02, -2.91340761e-02,
        -1.40382558e-01, -6.26471341e-02, -2.83720009e-02, -1.11581320e-02,
         5.59043372e-03,  1.04085356e-03,  6.21856330e-03, -4.84845974e-03,
         4.18465808e-02, -1.63774081e-02, -1.45412805e-02, -7.97600579e-03,
         4.17461172e-02,  5.33610815e-03, -8.70394800e-03,  9.07895737e-04,
         1.19824510e-03,  1.10985324e-01,  4.17865142e-02,  5.93562759e-02,
        -2.03403077e-04,  5.92290657e-03, -3.90802994e-02,  1.12936050e-02,
         2.12655426e-03,  3.09219497e-04, -7.16924574e-03, -6.89927721e-04,
         4.28254949e-04], dtype=float32)}, std={'privileged_state': Array([2.1025141e-01, 2.7107659e-01, 3.1867179e-01, 1.9928966e-01,
        1.9675902e-01, 2.4052806e-01, 1.6926794e-01, 2.1297199e-01,
        2.0657717e-01, 2.7435091e-01, 2.3486882e-01, 2.4210738e-01,
        1.8921597e-01, 2.9993838e-01, 2.1525954e-01, 2.2848067e-01,
        3.9986271e-01, 3.8260147e-01, 3.8565728e-01, 3.5545382e-01,
        4.9028838e-01, 4.4110087e-01, 4.4898650e-01, 3.7439296e-01,
        3.9255857e-01, 4.4579050e-01, 3.8045824e-01, 3.4435323e-01,
        3.4673971e-01, 3.5979953e-01, 3.5981664e-01, 3.6197987e-01,
        1.9344617e-02, 2.0178190e-02, 1.3356059e-02, 5.7663417e-01,
        5.7320070e-01, 5.8042324e-01, 5.8024806e-01, 5.7949948e-01,
        5.7050407e-01, 5.2263546e-01, 5.3342724e-01, 5.1903683e-01,
        5.2613127e-01, 5.1936388e-01, 5.2385277e-01, 5.2761042e-01,
        5.2008986e-01, 5.1405078e-01, 5.3427476e-01, 5.1561809e-01,
        5.3066826e-01, 5.0438499e-01, 5.1439887e-01, 5.0939071e-01,
        5.3005630e-01, 2.0826304e-01, 2.6953429e-01, 3.1736064e-01,
        1.9718806e-01, 1.9462886e-01, 2.3878637e-01, 1.6678840e-01,
        2.1100679e-01, 2.0455413e-01, 2.7282578e-01, 2.3308492e-01,
        2.4037851e-01, 1.8699913e-01, 2.9854834e-01, 2.1331804e-01,
        2.2665165e-01, 7.6601988e-01, 8.7089378e-01, 8.4774333e-01,
        8.6888295e-01, 5.0295061e-01, 7.8320366e-01, 6.4251244e-01,
        7.5934988e-01, 7.3022360e-01, 8.3803940e-01, 8.2260418e-01,
        8.5722923e-01, 8.0340850e-01, 8.5951179e-01, 8.4813178e-01,
        8.8991308e-01, 1.4477146e-02, 2.2744993e-02, 2.7486335e-02,
        3.0786632e-02, 1.7326456e-02, 1.2937027e-02, 1.8340256e-02,
        1.0748162e-02, 1.0031260e-02, 2.2439191e-02, 6.2459134e-03,
        1.3413771e-02, 1.5522239e-02, 1.6546687e-02, 6.7124940e-03,
        5.7651025e-01, 5.7275754e-01, 5.8083707e-01, 5.8064383e-01,
        5.7975727e-01, 5.6969088e-01, 3.1784356e-02, 3.3490784e-02,
        3.8287710e-02, 8.6231041e-01, 8.5674691e-01, 7.3256606e-01,
        1.0000000e-06, 1.0000000e-06, 1.0000000e-06, 1.0000000e-06,
        1.0000000e-06, 1.0000000e-06, 1.0000000e-06, 1.0000000e-06,
        1.0000000e-06, 1.0000000e-06, 1.0000000e-06, 1.0000000e-06],      dtype=float32), 'state': Array([0.2102514 , 0.2710766 , 0.3186718 , 0.19928966, 0.19675902,
        0.24052806, 0.16926794, 0.21297199, 0.20657717, 0.2743509 ,
        0.23486882, 0.24210738, 0.18921597, 0.29993838, 0.21525954,
        0.22848067, 0.3998627 , 0.38260147, 0.38565728, 0.35545382,
        0.49028838, 0.44110087, 0.4489865 , 0.37439296, 0.39255857,
        0.4457905 , 0.38045824, 0.34435323, 0.3467397 , 0.35979953,
        0.35981664, 0.36197987, 0.01934462, 0.02017819, 0.01335606,
        0.57663417, 0.5732007 , 0.58042324, 0.58024806, 0.5794995 ,
        0.57050407, 0.52263546, 0.53342724, 0.5190368 , 0.5261313 ,
        0.5193639 , 0.52385277, 0.5276104 , 0.52008986, 0.5140508 ,
        0.53427476, 0.5156181 , 0.53066826, 0.504385  , 0.5143989 ,
        0.5093907 , 0.5300563 ], dtype=float32)}, count=Array(2.0545536e+08, dtype=float32), summed_variance={'privileged_state': Array([9.08228900e+06, 1.50973780e+07, 2.08643420e+07, 8.15994150e+06,
        7.95402150e+06, 1.18863630e+07, 5.88663250e+06, 9.31885200e+06,
        8.76762800e+06, 1.54643030e+07, 1.13336090e+07, 1.20429680e+07,
        7.35585400e+06, 1.84833880e+07, 9.52011700e+06, 1.07254720e+07,
        3.28502940e+07, 3.00753520e+07, 3.05576920e+07, 2.59587540e+07,
        4.93879160e+07, 3.99754440e+07, 4.14175160e+07, 2.87986960e+07,
        3.16611320e+07, 4.08299720e+07, 2.97393520e+07, 2.43627200e+07,
        2.47015740e+07, 2.65973720e+07, 2.65999000e+07, 2.69207020e+07,
        7.68843125e+04, 8.36530703e+04, 3.66500156e+04, 6.83153520e+07,
        6.75042160e+07, 6.92160960e+07, 6.91743200e+07, 6.89959520e+07,
        6.68705680e+07, 5.61196880e+07, 5.84612120e+07, 5.53495160e+07,
        5.68729480e+07, 5.54192920e+07, 5.63814200e+07, 5.71931800e+07,
        5.55743360e+07, 5.42912120e+07, 5.86471400e+07, 5.46227840e+07,
        5.78580440e+07, 5.22687080e+07, 5.43647560e+07, 5.33113280e+07,
        5.77246760e+07, 8.91131700e+06, 1.49260720e+07, 2.06930080e+07,
        7.98874800e+06, 7.78273050e+06, 1.17148450e+07, 5.71543350e+06,
        9.14766700e+06, 8.59674300e+06, 1.52928460e+07, 1.11620980e+07,
        1.18715870e+07, 7.18450100e+06, 1.83124660e+07, 9.34916200e+06,
        1.05544420e+07, 1.20558440e+08, 1.55828848e+08, 1.47654352e+08,
        1.55110096e+08, 5.19718440e+07, 1.26027960e+08, 8.48165440e+07,
        1.18468072e+08, 1.09554256e+08, 1.44293360e+08, 1.39027040e+08,
        1.50977232e+08, 1.32614296e+08, 1.51782320e+08, 1.47789712e+08,
        1.62709408e+08, 4.30609297e+04, 1.06289180e+05, 1.55221250e+05,
        1.94734031e+05, 6.16789531e+04, 3.43863789e+04, 6.91079922e+04,
        2.37348184e+04, 2.06741875e+04, 1.03450328e+05, 8.01510791e+03,
        3.69674336e+04, 4.95023945e+04, 5.62522109e+04, 9.25732129e+03,
        6.82859840e+07, 6.73998800e+07, 6.93148240e+07, 6.92687120e+07,
        6.90573520e+07, 6.66800760e+07, 2.07560312e+05, 2.30445438e+05,
        3.01187062e+05, 1.52772336e+08, 1.50807360e+08, 1.10258232e+08,
        0.00000000e+00, 0.00000000e+00, 0.00000000e+00, 0.00000000e+00,
        0.00000000e+00, 0.00000000e+00, 0.00000000e+00, 0.00000000e+00,
        0.00000000e+00, 0.00000000e+00, 0.00000000e+00, 0.00000000e+00],      dtype=float32), 'state': Array([9.0822890e+06, 1.5097378e+07, 2.0864342e+07, 8.1599415e+06,
        7.9540215e+06, 1.1886363e+07, 5.8866325e+06, 9.3188520e+06,
        8.7676280e+06, 1.5464303e+07, 1.1333609e+07, 1.2042968e+07,
        7.3558540e+06, 1.8483388e+07, 9.5201170e+06, 1.0725472e+07,
        3.2850294e+07, 3.0075352e+07, 3.0557692e+07, 2.5958754e+07,
        4.9387916e+07, 3.9975444e+07, 4.1417516e+07, 2.8798696e+07,
        3.1661132e+07, 4.0829972e+07, 2.9739352e+07, 2.4362720e+07,
        2.4701574e+07, 2.6597372e+07, 2.6599900e+07, 2.6920702e+07,
        7.6884312e+04, 8.3653070e+04, 3.6650016e+04, 6.8315352e+07,
        6.7504216e+07, 6.9216096e+07, 6.9174320e+07, 6.8995952e+07,
        6.6870568e+07, 5.6119688e+07, 5.8461212e+07, 5.5349516e+07,
        5.6872948e+07, 5.5419292e+07, 5.6381420e+07, 5.7193180e+07,
        5.5574336e+07, 5.4291212e+07, 5.8647140e+07, 5.4622784e+07,
        5.7858044e+07, 5.2268708e+07, 5.4364756e+07, 5.3311328e+07,
        5.7724676e+07], dtype=float32)})
 {'params': {'hidden_0': {'bias': Array([ 0.28488278,  0.4646238 ,  0.31394672,  0.12527882, -0.19745727,
         0.35409042,  0.4161074 , -0.22030914,  0.3727392 ,  0.33698317,
         0.20915855,  0.28994754,  0.40941897,  0.33960935,  0.28199062,
         0.08422685,  0.08622284,  0.46760505,  0.06599692,  0.14076136,
         0.46957725,  0.21451238,  0.09672151,  0.20282988,  0.4146216 ,
         0.40501216,  0.29968047,  0.15958865,  0.52267754,  0.45185432,
         0.20094897,  0.08936149], dtype=float32), 'kernel': Array([[-0.02292881,  0.33204085,  0.00783185, ...,  0.17639366,
         -0.28676355,  0.1336147 ],
        [ 0.10350566, -0.14019768,  0.16555312, ..., -0.05872878,
         -0.09583358, -0.11986528],
        [ 0.30888653, -0.22295487,  0.11300714, ...,  0.22722308,
          0.08300933,  0.06780595],
        ...,
        [-0.02148798, -0.02523559,  0.01645696, ...,  0.05422276,
         -0.0164335 , -0.01278395],
        [ 0.02316408, -0.019632  ,  0.03870182, ..., -0.01462829,
          0.01479928, -0.01236033],
        [ 0.04318658, -0.03535816, -0.06823816, ...,  0.08730225,
          0.04183754,  0.01695538]], dtype=float32)}, 'hidden_1': {'bias': Array([ 0.10018969,  0.04739389,  0.14245705,  0.10886911,  0.17657447,
         0.10672897, -0.06633445,  0.214557  , -0.02096763,  0.03568977,
         0.05996345,  0.19696212,  0.20768853,  0.21455961,  0.12976831,
         0.07142423,  0.05267075,  0.24953361,  0.1452986 ,  0.05209031,
         0.13662182, -0.00135479,  0.1216947 ,  0.07988579, -0.0205675 ,
         0.0491877 ,  0.1729292 ,  0.08831946, -0.02535013,  0.09924681,
        -0.0036723 ,  0.04231861], dtype=float32), 'kernel': Array([[-0.00087858,  0.15847297,  0.03052094, ...,  0.08155524,
         -0.16332243,  0.27776778],
        [ 0.12074066,  0.12635463,  0.33372122, ...,  0.42851794,
          0.00732424,  0.11671261],
        [-0.01956969,  0.11129837,  0.11537902, ..., -0.02777343,
         -0.00939295,  0.15774988],
        ...,
        [ 0.05673294,  0.01059974,  0.10804623, ..., -0.00684252,
         -0.24341477,  0.12533663],
        [-0.28556922,  0.00333799,  0.22738302, ..., -0.06550723,
         -0.16769099, -0.08431233],
        [ 0.05404365,  0.21527526, -0.36949873, ...,  0.06413373,
          0.03380724, -0.28667808]], dtype=float32)}, 'hidden_2': {'bias': Array([ 0.02505289,  0.01100961,  0.1346568 , -0.00018867, -0.01175596,
         0.08019587,  0.03245012,  0.08928776,  0.01376885,  0.00881344,
         0.14886038,  0.1438295 ,  0.13361475,  0.08026884,  0.0871866 ,
         0.18259974,  0.07038362, -0.08800334,  0.10457411,  0.10327752,
         0.13756776,  0.11895026,  0.11132706,  0.17764747, -0.07809313,
         0.07494015,  0.04092301, -0.06431346,  0.00876654, -0.00598676,
         0.1214353 ,  0.17215429], dtype=float32), 'kernel': Array([[ 0.0332659 ,  0.56382775, -0.02395368, ...,  0.1136704 ,
         -0.1350182 ,  0.00434155],
        [ 0.14300713, -0.35352442, -0.0253207 , ...,  0.19779709,
          0.31101367, -0.14626278],
        [ 0.12943141,  0.20509252, -0.03440792, ..., -0.2050015 ,
          0.10445224, -0.1361098 ],
        ...,
        [ 0.22765978,  0.2649839 ,  0.3536019 , ...,  0.24891362,
          0.04803974, -0.14744304],
        [-0.09494969,  0.06025721, -0.18550771, ..., -0.30967087,
         -0.16875897, -0.12750986],
        [ 0.25406963, -0.09986721, -0.18550019, ...,  0.03326019,
          0.14771546, -0.1660271 ]], dtype=float32)}, 'hidden_3': {'bias': Array([-0.04022551,  0.16514878,  0.03677716,  0.187993  ,  0.06012047,
         0.08626024,  0.1346122 , -0.06066117,  0.14869604,  0.02376029,
         0.03229278,  0.07445105,  0.03771992,  0.17562301, -0.03261607,
         0.24457765,  0.03781689,  0.10819566,  0.01701772, -0.01823165,
         0.12764555,  0.1500107 ,  0.0572823 ,  0.11592449,  0.09828758,
         0.10006318,  0.10043941,  0.07042981, -0.07366189,  0.03439248,
         0.08785318,  0.06962895], dtype=float32), 'kernel': Array([[ 0.39253664,  0.08585984, -0.17460215, ...,  0.09434353,
         -0.23550682,  0.32604465],
        [ 0.2614629 ,  0.15498848, -0.22069453, ..., -0.07367064,
         -0.26232916, -0.05139187],
        [-0.25147995,  0.16047598,  0.34646612, ..., -0.45825285,
          0.28927046,  0.2129293 ],
        ...,
        [ 0.31494182,  0.03504524, -0.09671002, ..., -0.15564787,
         -0.3575847 ,  0.34015438],
        [-0.1012756 ,  0.13322379,  0.02465846, ...,  0.09310631,
          0.35938498,  0.36938685],
        [ 0.25013664,  0.13232313, -0.19449307, ...,  0.18749009,
          0.15683685,  0.31765503]], dtype=float32)}, 'hidden_4': {'bias': Array([-0.00040934, -0.00698679,  0.05167666, -0.03016086, -0.01484741,
         0.13362274, -0.01118705,  0.10356595, -0.0477365 , -0.0488159 ,
         0.06432538,  0.00699214, -0.04287553,  0.04970741, -0.09267968,
        -0.01920402,  0.03693094,  0.03440281,  0.05181971,  0.09902182,
         0.08470792,  0.0624115 ,  0.07843123, -0.02807828, -0.01062818,
         0.12281155,  0.00239134,  0.01749574, -0.05498038,  0.0177019 ,
        -0.063458  ,  0.00069872], dtype=float32), 'kernel': Array([[-0.13266076, -0.40459836, -0.01050748, ..., -0.25695288,
         -0.29993036, -0.1136197 ],
        [ 0.02283052, -0.20967035,  0.46023175, ...,  0.27048978,
          0.328088  ,  0.35905567],
        [-0.0842694 , -0.19334123, -0.5286333 , ..., -0.20786257,
         -0.04628724, -0.18780026],
        ...,
        [ 0.43796882, -0.42118964,  0.03712777, ...,  0.02789131,
          0.2885667 , -0.03181743],
        [-0.18796611, -0.27649274, -0.4110071 , ...,  0.06905599,
         -0.1604028 ,  0.01553855],
        [-0.36654797,  0.5139328 , -0.16571653, ..., -0.16176794,
         -0.05644085, -0.02607703]], dtype=float32)}}}
 {'params': {'hidden_0': {'bias': Array([ 0.08430496,  0.16950624,  0.05965587, -0.15404223,  0.26197127,
         0.16178097, -0.07566199,  0.07148514,  0.06393294, -0.10271642,
         0.01662281,  0.19207096,  0.16065429,  0.3882809 , -0.12979473,
         0.0991773 ,  0.11693341, -0.06204792,  0.01313224,  0.11342609,
         0.17494307,  0.02270714, -0.10213189,  0.08228388, -0.25299385,
         0.23257312, -0.13472085,  0.16876529,  0.01008451,  0.22505604,
        -0.05278718,  0.31221363,  0.04350679,  0.08024084,  0.00792912,
         0.02592635,  0.05136975, -0.05161713,  0.1614676 ,  0.08169877,
         0.00377808,  0.09068677,  0.12125756,  0.1994246 ,  0.14090966,
         0.19631936,  0.04670294,  0.32629797,  0.233019  , -0.13801712,
         0.19044296, -0.0215124 , -0.2987685 ,  0.34203675,  0.2457676 ,
        -0.02171097,  0.3548651 ,  0.20623076,  0.05688456,  0.02522468,
        -0.1609722 , -0.19034977,  0.04454999, -0.02713647,  0.0178967 ,
        -0.04172528,  0.04159646,  0.06078235,  0.19613105,  0.02519848,
         0.02704792,  0.01563145,  0.02184559,  0.26049766,  0.01492085,
         0.26188493, -0.05801229, -0.04138708,  0.22003567,  0.2106345 ,
         0.20758848,  0.31202075,  0.09041975, -0.22938007,  0.03174128,
         0.02432858, -0.01313655,  0.22302648, -0.00902661, -0.05124063,
         0.12914546,  0.04385439, -0.09939323,  0.10230833, -0.00099326,
        -0.00423377, -0.06296586,  0.24918367,  0.1012337 , -0.09805641,
         0.22570048,  0.03290254,  0.09517647,  0.17962594, -0.14647889,
         0.04919146,  0.19103225, -0.09953667,  0.02699328,  0.11826079,
        -0.13626632,  0.00822319, -0.07838912,  0.08362263,  0.27627838,
        -0.12052938,  0.39364424,  0.06644009, -0.08754223, -0.0602757 ,
         0.14693023,  0.11233577, -0.25955835, -0.21596448, -0.02019276,
        -0.11075899, -0.24917291,  0.12087392, -0.14324097, -0.15513837,
         0.17429432, -0.04275641, -0.11428703,  0.34153673,  0.12085354,
        -0.04787704,  0.32063505,  0.03280878,  0.09644289,  0.31136683,
         0.17172189, -0.08069513,  0.06235381,  0.01926355,  0.26065126,
        -0.02805373,  0.18782543,  0.06414472,  0.28980407,  0.30699137,
         0.13733177,  0.3097723 ,  0.27217126, -0.1075867 ,  0.05493579,
         0.20132795, -0.03438731, -0.15531375, -0.01089747, -0.22988589,
        -0.08248186, -0.08782811,  0.04681334, -0.01527583, -0.13408192,
        -0.2625055 , -0.217425  , -0.15725197,  0.27171066,  0.07167882,
         0.26609492,  0.00944102,  0.07434274,  0.29939532,  0.19298412,
         0.09174616,  0.01949902, -0.13476889,  0.15706873,  0.18343185,
        -0.08568379, -0.06155531, -0.1419241 ,  0.22481382, -0.06548425,
        -0.27274   ,  0.17666984,  0.0159555 , -0.00202202,  0.30036965,
         0.16778211, -0.0437785 , -0.19557224, -0.17764789, -0.01391675,
        -0.05637276,  0.05284435, -0.1647856 , -0.1907117 , -0.20335503,
         0.05959028, -0.12379707, -0.17196824,  0.14503933,  0.08854694,
         0.41315827,  0.3612828 ,  0.16243953,  0.30327576,  0.17385106,
         0.15737668,  0.26828253, -0.06530498, -0.02329174, -0.20814213,
        -0.11100025,  0.08490904, -0.02194165,  0.08556638,  0.3122252 ,
         0.01132817,  0.22017713, -0.02684132, -0.07832744, -0.0607168 ,
         0.22301023,  0.06230137, -0.22115304, -0.2789587 ,  0.05151587,
        -0.0631799 ,  0.47418872,  0.12086458,  0.23081988, -0.00638966,
        -0.29891863,  0.33133066,  0.2763239 , -0.247885  , -0.1497422 ,
        -0.18865614,  0.44787085,  0.0585278 ,  0.113684  , -0.19931465,
        -0.12477977, -0.17651045,  0.3459907 ,  0.2183501 , -0.00583813,
         0.17377846,  0.02725516,  0.2452724 ,  0.1801418 ,  0.20211987,
         0.17516205], dtype=float32), 'kernel': Array([[-0.20664012, -0.21131681,  0.03215881, ...,  0.00948966,
          0.05904644,  0.19042447],
        [-0.19719796,  0.0075268 ,  0.14876458, ...,  0.2284201 ,
         -0.03327144, -0.1428219 ],
        [-0.22723427,  0.17244253, -0.02572103, ..., -0.072066  ,
          0.02520546, -0.03315065],
        ...,
        [-0.08003612,  0.06096891, -0.11229184, ..., -0.02810808,
          0.00815267, -0.03702818],
        [ 0.03340348, -0.03192165, -0.07316788, ..., -0.00228541,
          0.0066002 ,  0.01169076],
        [ 0.0441965 , -0.04203943, -0.00891414, ...,  0.00365151,
         -0.03388526,  0.00066852]], dtype=float32)}, 'hidden_1': {'bias': Array([-0.01057365,  0.07607573, -0.21836217, -0.03794699,  0.12464077,
         0.09453079, -0.15461142,  0.10745387, -0.08887734,  0.04725436,
        -0.054403  , -0.1990384 , -0.05490614, -0.17415874,  0.00895191,
        -0.00750678, -0.09813616, -0.20612758,  0.02035836, -0.17558785,
        -0.16997646, -0.1520108 ,  0.02598925, -0.1457645 , -0.04663809,
         0.22274373, -0.1811873 , -0.14999633, -0.04538735,  0.06120088,
        -0.22998032, -0.3124358 , -0.03491847, -0.01091444,  0.04130198,
        -0.02964285, -0.10650982, -0.07378588, -0.12192865, -0.04976493,
        -0.09060202,  0.00266406,  0.09813096, -0.05700324, -0.04967276,
        -0.1427269 , -0.0463202 , -0.1489048 , -0.07409959, -0.02698503,
        -0.20093934, -0.00790208, -0.15574437, -0.18604986, -0.10188117,
        -0.10405345, -0.0467567 , -0.02226982,  0.17583117, -0.01745739,
        -0.23526023, -0.13097033, -0.22063148,  0.0161904 , -0.15219857,
         0.08283207,  0.21831897, -0.13743488,  0.1381031 , -0.30171713,
        -0.21633807, -0.12720437,  0.04872922, -0.01031371,  0.05654656,
        -0.1490922 , -0.22482775, -0.13631785, -0.09995068, -0.06800354,
        -0.2943071 , -0.04596607, -0.13649812, -0.15347598, -0.02146537,
         0.01452329,  0.10899436, -0.15040365,  0.06786758, -0.07939541,
        -0.07898288,  0.0540721 , -0.13188593, -0.06356622,  0.04501931,
        -0.07988913, -0.02985169,  0.10495269,  0.0059421 , -0.01121396,
         0.2607858 , -0.111601  , -0.2424943 ,  0.06097161, -0.16456228,
        -0.1773811 , -0.2514383 ,  0.09380654, -0.24891374, -0.08094914,
        -0.08065539,  0.02598633, -0.01933428, -0.03855954,  0.19621234,
         0.04010501, -0.03446315,  0.08492009, -0.03992132, -0.15877746,
         0.00904003, -0.04786313, -0.09156112, -0.06268799, -0.04872649,
        -0.09309183, -0.14031786, -0.15451737, -0.17125075, -0.10845509,
        -0.05673349, -0.05339196, -0.20765556, -0.01684334, -0.13169914,
        -0.03581346, -0.21431419, -0.0887185 , -0.08458922,  0.05804006,
        -0.03668424,  0.05506321, -0.07398637, -0.1360435 , -0.0033719 ,
        -0.04546861, -0.13943145, -0.02828522, -0.08383828, -0.02153099,
        -0.01457238, -0.05833382, -0.10928155, -0.2112177 , -0.04192652,
        -0.07901645, -0.00343294, -0.12348013, -0.23048063, -0.04397697,
        -0.09138691, -0.06476796, -0.22468801, -0.04656866, -0.06749837,
        -0.17638354, -0.12677257, -0.13731813, -0.06817306, -0.00410034,
         0.00897712, -0.13844164, -0.24222824, -0.08365823,  0.08314287,
         0.0163046 , -0.04507992, -0.15689343, -0.17889395, -0.09230147,
         0.13694614, -0.09962822, -0.04563924, -0.26220036,  0.04522368,
         0.07130016, -0.09525929, -0.14888409, -0.10139266, -0.01038425,
        -0.2973738 ,  0.15622902, -0.14984569, -0.11593378,  0.02359205,
        -0.06339287, -0.12633596, -0.08754041,  0.1698516 , -0.05995542,
        -0.07574403, -0.02311923,  0.1394022 , -0.05211933, -0.10715733,
        -0.12703189, -0.18303375,  0.07800244,  0.2081285 , -0.06445999,
        -0.19242947, -0.05758064, -0.02403085,  0.07298264, -0.05551429,
        -0.02676499,  0.01864309,  0.16487828,  0.0015132 , -0.02163176,
         0.00519381, -0.26255485, -0.02807158, -0.14407665,  0.05379017,
        -0.01845515, -0.25934967, -0.07933442,  0.00485494, -0.12271864,
        -0.00720123, -0.10507781,  0.07361891, -0.18768519, -0.09781618,
        -0.01209581, -0.14313358, -0.0301259 , -0.0734739 ,  0.17330247,
         0.02775359, -0.2481434 , -0.08836298,  0.01778967, -0.12342057,
        -0.08215271,  0.06459659, -0.00996908, -0.15718922,  0.05282585,
         0.07547721, -0.01466181,  0.07680064,  0.0610969 , -0.01536363,
        -0.12606527], dtype=float32), 'kernel': Array([[-0.05101001, -0.07912189,  0.01594521, ..., -0.0293784 ,
         -0.0931572 ,  0.04542016],
        [ 0.08962853,  0.21119644, -0.00438346, ..., -0.03479801,
         -0.02653122,  0.08389836],
        [ 0.01820032, -0.03063281,  0.05904243, ...,  0.01338997,
          0.015855  , -0.06758526],
        ...,
        [-0.07211853,  0.1189425 , -0.10595685, ...,  0.06043866,
          0.16434692, -0.13471685],
        [ 0.06632988,  0.10268244, -0.11768164, ...,  0.00434392,
          0.07987361, -0.08640495],
        [ 0.04182959,  0.10466927, -0.05046609, ..., -0.048677  ,
          0.07085058,  0.08078855]], dtype=float32)}, 'hidden_2': {'bias': Array([-2.45807171e-02, -1.08165808e-01, -5.52463867e-02,  1.04436353e-01,
        -5.19640855e-02,  1.46173956e-02, -4.29627597e-02, -1.56881690e-01,
        -1.93553016e-01,  6.37156423e-03, -1.46745607e-01, -4.48244140e-02,
        -1.65033877e-01, -2.94107664e-02, -1.10081464e-01, -5.54843843e-02,
        -1.51503310e-01, -1.25537053e-01, -5.82367480e-02,  1.81191131e-01,
         4.25280184e-02, -1.97612703e-01, -6.80989996e-02, -2.03322545e-01,
        -2.14286687e-04, -9.77429450e-02, -1.74114350e-02, -1.36159420e-01,
        -6.70185462e-02,  2.32542288e-02, -4.54631634e-02, -1.21426269e-01,
        -1.52234482e-02, -7.01717138e-02, -5.71015477e-02, -8.69418308e-02,
        -1.12864204e-01,  1.48951337e-02, -1.01751179e-01, -8.26516002e-02,
        -1.92460548e-02, -1.22006044e-01, -3.03948801e-02, -1.74726695e-01,
        -3.96072119e-02, -1.50318950e-01,  1.23615982e-02, -1.29605025e-01,
        -6.46390915e-02, -2.06157371e-01, -9.85479057e-02, -1.39606872e-03,
         1.01569004e-01, -1.60895795e-01,  1.85590945e-02,  4.67610173e-03,
        -3.02390344e-02, -2.31731776e-02, -1.66345224e-01, -2.83334941e-01,
         3.99985202e-02, -1.73913151e-01, -1.56086147e-01, -9.67824087e-02,
        -4.07598615e-02, -5.84647767e-02, -2.40625262e-01, -1.69725224e-01,
        -2.11775266e-02, -2.26221904e-02, -2.84359843e-01, -7.52683356e-02,
        -9.45265219e-02, -1.21121295e-01, -2.66108438e-02, -1.17847621e-01,
         9.91370156e-02, -2.53171921e-02, -9.07920673e-02, -5.35689518e-02,
         8.18294287e-03,  6.31977990e-02, -3.52889895e-02, -8.86764303e-02,
         8.82073790e-02,  6.84968103e-03, -1.28394097e-01,  1.24081723e-01,
        -1.39640555e-01, -5.63220866e-02, -2.15416495e-02, -1.09207667e-01,
        -9.14873108e-02, -1.03763051e-01,  1.48498006e-02, -5.45082316e-02,
         2.54934393e-02, -6.58774301e-02,  3.53280944e-03, -6.43286631e-02,
        -8.05454478e-02, -9.23427194e-02, -1.04510434e-01,  1.46511182e-01,
        -1.11561693e-01, -5.18307984e-02, -6.64594546e-02, -8.83116424e-02,
        -6.59087822e-02, -1.25880495e-01, -4.58462909e-02, -3.05865984e-02,
        -6.86410740e-02,  1.37311354e-01, -1.35419205e-01, -2.23658681e-01,
        -1.26441956e-01, -4.08109762e-02, -1.90954469e-03,  2.40585562e-02,
        -9.32918563e-02, -1.98096558e-02, -2.49675274e-01,  1.28686532e-01,
        -1.38005242e-01, -2.05568075e-02, -2.84427702e-02, -9.56092402e-02,
        -2.05717951e-01,  4.43643853e-02, -2.98097711e-02, -9.40663218e-02,
        -7.81890098e-03, -2.21039400e-01, -1.06365211e-01, -8.51043537e-02,
         2.92336673e-01, -1.70771480e-01,  1.07936114e-01, -4.90423478e-02,
        -1.26763001e-01, -8.95144343e-02, -3.70057253e-03, -1.59860730e-01,
        -2.93475091e-01,  1.16104476e-01,  2.17468247e-01, -5.60647622e-02,
        -1.19180948e-01, -6.33054152e-02, -8.42621401e-02, -9.33032110e-02,
         1.55543769e-02, -1.76879480e-01, -2.06411868e-01, -1.53443411e-01,
        -4.20447290e-02, -9.49110687e-02, -1.89696588e-02, -6.90673143e-02,
        -1.92025736e-01, -1.05728030e-01, -5.63656352e-02,  3.36539969e-02,
        -4.08697315e-02, -6.44406900e-02, -1.76241368e-01, -9.24367607e-02,
        -4.93835099e-03,  2.74712853e-02, -1.11962475e-01, -1.29383162e-01,
         8.92036129e-03, -1.19388372e-01, -1.91936612e-01, -1.63879097e-02,
        -2.46266693e-01,  9.18544549e-03, -1.44815609e-01, -1.29080206e-01,
         3.01345233e-02, -1.28426120e-01,  3.27070281e-02, -4.73146401e-02,
         7.77493045e-02, -6.70468807e-02,  1.48733735e-01, -1.58427119e-01,
        -7.00060055e-02, -2.85440106e-02, -1.22163944e-01, -6.55636936e-02,
         7.46844783e-02, -7.80359283e-02, -1.72393382e-01, -2.65874155e-02,
        -1.09391831e-01, -4.46036495e-02, -1.15893297e-01, -5.79550453e-02,
         1.20328747e-01, -1.82616875e-01, -1.01089224e-01, -1.79389283e-01,
         2.07721531e-01, -1.67444870e-01, -2.24767879e-01, -1.34857014e-01,
        -1.05944082e-01, -2.63105445e-02, -7.22294673e-02, -8.52685496e-02,
         6.86428398e-02, -1.43236205e-01, -1.25741839e-01, -5.65019343e-03,
        -3.31679508e-02, -8.99227634e-02, -2.50422776e-01, -4.51989248e-02,
        -1.35486469e-01, -5.08470200e-02,  1.32466750e-02,  9.56994370e-02,
        -9.71458629e-02, -3.20372470e-02, -5.96856065e-02, -1.52514443e-01,
         2.10712865e-01,  1.12837456e-01, -2.08138507e-02,  7.95352161e-02,
        -6.29856288e-02, -1.76088944e-01,  3.98871861e-03, -1.44225523e-01,
        -1.56072125e-01, -6.39661402e-02,  2.17126042e-01, -3.51495109e-02,
        -1.46510378e-01, -1.16383106e-01, -1.87004164e-01, -1.12186834e-01,
        -1.11288846e-01,  3.32653965e-03, -1.37867909e-02, -1.48895457e-01,
        -1.34105429e-01, -1.08879216e-01, -3.98837067e-02, -2.07656011e-01,
        -1.70094982e-01, -6.99276626e-02, -1.08187877e-01, -1.36385793e-02],      dtype=float32), 'kernel': Array([[-0.02826355,  0.02080889,  0.02236611, ...,  0.07152607,
          0.11208888, -0.10930417],
        [ 0.11726046, -0.07753134,  0.01136287, ..., -0.29781264,
         -0.05012754, -0.01341781],
        [ 0.05072272,  0.00961305, -0.06520712, ..., -0.00062438,
          0.02773224, -0.1790483 ],
        ...,
        [ 0.05425938,  0.04935966, -0.33842003, ..., -0.18159282,
         -0.07355505,  0.10554889],
        [ 0.04517049,  0.10084917,  0.16217422, ..., -0.20112751,
          0.04276788, -0.20450649],
        [-0.05117745,  0.1512411 ,  0.04882912, ..., -0.02680302,
         -0.01851102, -0.2310617 ]], dtype=float32)}, 'hidden_3': {'bias': Array([-0.11040986,  0.00479352, -0.16895549, -0.02871946, -0.17872638,
        -0.14679037, -0.00912596, -0.14241086,  0.00265372,  0.06765488,
        -0.16097255, -0.01290492,  0.01259508, -0.13540137, -0.04646958,
        -0.15855506, -0.06898496, -0.04168594, -0.04000397,  0.05384568,
        -0.03357684,  0.00639967, -0.02941872, -0.1322112 , -0.15480112,
        -0.05035256, -0.14109814, -0.09497468,  0.04515954, -0.18179056,
        -0.01336298, -0.20194735, -0.08772815, -0.10887735,  0.0629859 ,
        -0.07988686, -0.06309164,  0.01040086,  0.12887138, -0.07603766,
         0.01893401,  0.08371924, -0.09314848, -0.09890978, -0.09738939,
         0.09049828,  0.04337126, -0.09631708,  0.0054538 , -0.03492767,
        -0.14984702, -0.0786963 , -0.164196  , -0.03654613, -0.12702736,
        -0.13993199, -0.01824777,  0.00811302,  0.05437669,  0.10637532,
        -0.15261875, -0.02812512, -0.18905632, -0.08235947, -0.03548195,
        -0.07989912, -0.11381192,  0.05276485, -0.02592973, -0.14631712,
        -0.0415225 , -0.02189358, -0.06867854, -0.021631  , -0.00855925,
         0.04979583, -0.06626465, -0.12820555, -0.13643904,  0.06657882,
        -0.04464474, -0.07278485, -0.06266777,  0.0311831 ,  0.00487375,
        -0.10853829, -0.05537344, -0.06841411, -0.00891284,  0.00547144,
        -0.14260767, -0.00670641, -0.06149622, -0.03086384, -0.0728453 ,
         0.00910223, -0.02337655,  0.21044004, -0.02573699, -0.06301991,
        -0.20378917, -0.07376067,  0.02249367, -0.12131117, -0.19258253,
        -0.04302515, -0.00136662,  0.02769567, -0.02922945,  0.09213145,
        -0.05281892, -0.12816495, -0.14712207, -0.02941194,  0.03468116,
        -0.00145783, -0.03893564, -0.06286877, -0.19136134,  0.03983639,
        -0.06937621, -0.092082  ,  0.02541152, -0.03335907, -0.05203815,
         0.03003092, -0.19653171, -0.0126    , -0.01940144,  0.03206542,
        -0.07194265,  0.04230458,  0.03018463, -0.13152684, -0.16747338,
         0.01428083, -0.08541618, -0.14228366, -0.02675642, -0.03858286,
         0.04444308, -0.16365638, -0.18929276, -0.01155885, -0.04164128,
         0.01056839, -0.15008001, -0.20763859, -0.11853259, -0.0367836 ,
        -0.05942885, -0.04013385, -0.02566708,  0.02282758, -0.08094272,
        -0.07920066, -0.09443821,  0.01312968, -0.16585846, -0.18095033,
        -0.04064659, -0.05246837, -0.00431536, -0.00143575, -0.02143087,
        -0.07204585, -0.08277549, -0.13700332, -0.21181408, -0.0003768 ,
        -0.07892367,  0.07612175, -0.11090199, -0.10627769,  0.08993736,
        -0.10168061, -0.04872249, -0.02072967, -0.21690507, -0.15919273,
        -0.06347702, -0.0529172 , -0.22168708, -0.15680937, -0.09698187,
        -0.10448692, -0.06220056, -0.03244976, -0.12771527,  0.00452599,
        -0.07252748, -0.0429742 , -0.06919395, -0.00367271, -0.13863452,
        -0.12039381,  0.09287223, -0.03928319, -0.11336961, -0.19319117,
         0.02350768,  0.00135433, -0.14715043, -0.05201471, -0.04258549,
        -0.12962723, -0.09186316, -0.04772934, -0.24409214,  0.0468238 ,
        -0.05299866, -0.0198905 , -0.15209375, -0.20822036, -0.12253334,
        -0.0717214 , -0.04861174, -0.02500593, -0.16511169, -0.06622099,
        -0.11528802, -0.10152913, -0.11391822, -0.12865056, -0.11210068,
        -0.09144408, -0.09201709, -0.12350839, -0.01915782,  0.00542661,
        -0.11955995, -0.21821778, -0.10201026, -0.11581796, -0.1777885 ,
        -0.07523859, -0.07772364,  0.11204267, -0.07175659, -0.10236379,
        -0.14520909, -0.1453909 ,  0.01831085, -0.07519741,  0.03157995,
         0.11918013, -0.18820907, -0.1231261 , -0.00247788, -0.13909334,
        -0.1262049 , -0.01684617,  0.00861237, -0.15218765, -0.22569583,
         0.04696587], dtype=float32), 'kernel': Array([[ 0.05042215,  0.14467065,  0.06769109, ..., -0.0219874 ,
          0.14627545,  0.09719898],
        [-0.08511008,  0.1799768 , -0.15583299, ...,  0.23922575,
          0.16059265,  0.09106401],
        [-0.10261157,  0.00801401, -0.10441482, ...,  0.10403925,
         -0.07159147, -0.06645902],
        ...,
        [-0.10822354,  0.10337086,  0.09246803, ..., -0.01123108,
         -0.05496544,  0.03907425],
        [ 0.03384935,  0.20609573,  0.08933968, ..., -0.06466332,
          0.00591543, -0.11664706],
        [-0.00776256,  0.18949926, -0.06587264, ...,  0.03207757,
         -0.12069302,  0.17882621]], dtype=float32)}, 'hidden_4': {'bias': Array([ 4.57423925e-02, -1.03388518e-01,  6.65426329e-02,  1.41966432e-01,
         2.12203115e-02, -1.47840008e-01, -1.05041221e-01, -3.62440161e-02,
        -9.70784426e-02, -1.32970348e-01, -1.08606696e-01, -4.19018976e-02,
        -6.17074408e-02, -1.12463869e-01,  1.95866272e-01,  1.91793762e-04,
        -6.40539899e-02,  1.62620265e-02, -1.08566336e-01,  8.37873444e-02,
         5.50866760e-02,  1.38405506e-02, -6.59391806e-02, -3.88115481e-03,
         7.78070986e-02,  1.56095847e-01,  1.75118580e-01,  4.49013598e-02,
        -1.18882529e-01, -5.75506762e-02,  1.22792609e-01, -4.17027203e-03,
        -6.98669255e-02, -3.38071547e-02, -8.90173987e-02, -5.59437536e-02,
         7.22559541e-02,  1.62790790e-01, -1.22286759e-01, -1.12314060e-01,
         5.75169511e-02, -1.03323027e-01,  7.27362931e-02, -3.45588140e-02,
         1.27317742e-01,  8.07196125e-02,  6.65711239e-02,  2.71348823e-02,
        -4.86270012e-03,  5.42172901e-02,  2.53097769e-02,  1.88720495e-01,
         1.62689891e-02, -1.82490405e-02,  6.97599798e-02,  2.32525468e-02,
        -3.51473466e-02, -4.59690690e-02, -1.09776827e-02,  1.15650147e-02,
         6.54791621e-03, -1.30156040e-01, -5.50956801e-02,  2.36222111e-02,
         2.70645265e-02, -1.40906408e-01, -1.77528970e-02, -5.48690967e-02,
         3.03847366e-03, -6.23760000e-03,  1.54197857e-01, -1.04829066e-01,
        -1.20159790e-01, -1.52900834e-02,  6.80754939e-03, -9.69041735e-02,
         1.47896364e-01, -1.03303678e-01,  4.03720997e-02, -5.72675131e-02,
        -9.07571241e-02,  9.54184402e-03, -3.56671913e-03, -7.63031468e-02,
        -1.21887103e-01,  2.56839171e-02,  1.00176461e-01, -1.10843033e-01,
         4.47379462e-02, -1.32603124e-01, -3.08223981e-02,  9.73472074e-02,
         8.49193428e-03,  1.50659531e-01,  1.85482487e-01, -1.17133595e-01,
         1.19854454e-02, -1.20574795e-01,  6.80932254e-02,  6.25707954e-02,
        -8.87544304e-02,  1.92959625e-02, -1.23968162e-02, -2.35046651e-02,
        -7.72990361e-02, -3.20571922e-02, -8.69267955e-02, -8.74933079e-02,
         6.96025044e-03, -1.51619855e-02, -1.33122131e-01,  1.76819295e-01,
        -7.54855797e-02,  1.48241997e-01,  8.99288729e-02, -3.10524367e-02,
        -1.19566312e-02,  8.47210288e-02, -5.77715226e-02,  7.39420280e-02,
        -3.17521393e-02, -5.81092201e-02,  3.95376794e-02, -3.43595333e-02,
        -1.59067474e-02, -8.13437328e-02, -6.74461275e-02,  1.35470331e-01,
         7.84807950e-02,  9.95432138e-02, -1.50626853e-01,  1.57312095e-01,
        -1.82031151e-02, -8.63450542e-02,  1.96303893e-02, -1.08656228e-01,
        -1.07125677e-01,  1.41331013e-02, -7.69198537e-02,  1.30230784e-02,
         8.04647133e-02,  3.29685546e-02, -1.17389672e-01, -9.77285877e-02,
        -5.82302846e-02, -7.62378871e-02,  1.56058684e-01, -1.18132040e-01,
         8.13202262e-02, -1.26530319e-01,  3.04413158e-02,  1.88180625e-01,
         1.19616993e-01, -1.41978383e-01,  1.10449441e-01, -5.36711812e-02,
        -1.09000646e-01,  7.20939860e-02, -7.31287291e-03,  3.22925113e-02,
        -6.10473379e-03, -1.27174422e-01, -1.28530972e-02, -1.36460409e-01,
         5.51922992e-02, -8.20955411e-02,  8.88804272e-02,  7.66225457e-02,
         2.42709033e-02,  2.38621701e-02, -4.95566167e-02,  6.27505779e-02,
         2.37954948e-02, -1.17252752e-01,  1.07458547e-01,  6.39749989e-02,
        -6.18379228e-02,  5.78244962e-02,  5.47986617e-03,  8.10409933e-02,
        -1.66593716e-02, -3.91400158e-02, -7.58690238e-02,  3.19083012e-03,
         6.83301091e-02,  6.01315945e-02,  1.78940862e-01, -7.54244626e-02,
        -7.95567855e-02,  1.52126476e-01,  6.89936951e-02, -3.48411463e-02,
        -9.26360786e-02, -1.90514456e-02, -1.38143986e-01, -6.06235713e-02,
        -4.12591882e-02, -7.55510852e-02, -1.17725186e-01,  7.03107566e-02,
        -3.34001146e-02, -1.04723163e-01, -1.53628066e-01, -1.16663523e-01,
        -4.56064567e-02, -5.05132377e-02,  2.07604170e-02, -2.42500361e-02,
        -8.36367309e-02, -9.14549232e-02, -3.72999422e-02,  4.24200967e-02,
         7.70621374e-02, -3.59796286e-02, -7.91620929e-03, -9.66852382e-02,
        -1.25387430e-01, -8.52857530e-03,  6.21845536e-02, -2.73251422e-02,
        -9.47867557e-02,  1.74706988e-02,  1.81738272e-01,  6.10808134e-02,
        -1.57559719e-02,  7.47806802e-02, -9.91199836e-02, -4.66553830e-02,
        -5.18794805e-02, -7.22690672e-02, -1.94383357e-02, -1.52493358e-01,
         1.79241866e-01, -7.39385560e-02,  5.22696897e-02,  3.60718518e-02,
        -1.15195401e-01, -1.63911521e-01, -5.37694339e-03, -1.12081893e-01,
        -1.29423216e-01,  1.02548376e-02,  1.37844458e-01, -4.68153954e-02,
        -8.67270157e-02, -9.88142714e-02, -9.36128423e-02,  8.41854699e-03,
        -7.90350735e-02,  1.56382658e-02,  2.07192171e-02, -7.79720396e-02,
        -4.92159352e-02,  1.82640418e-01,  9.44793150e-02, -6.03748858e-02],      dtype=float32), 'kernel': Array([[-0.02252581,  0.05346839,  0.0764463 , ..., -0.08014686,
         -0.00936079, -0.04889667],
        [-0.06920318, -0.1916704 , -0.00249626, ...,  0.07444764,
         -0.10690996,  0.01179823],
        [ 0.13706529, -0.05347674,  0.00578834, ..., -0.12871644,
          0.09723885,  0.06953761],
        ...,
        [ 0.15006042,  0.0592906 ,  0.05187764, ..., -0.06620561,
          0.00411313, -0.03341548],
        [ 0.01195295, -0.13241361, -0.06027019, ..., -0.21389215,
          0.12065901,  0.04629788],
        [ 0.09365667, -0.10805927, -0.0166118 , ..., -0.02060708,
          0.04907411, -0.0178045 ]], dtype=float32)}, 'hidden_5': {'bias': Array([0.18412174], dtype=float32), 'kernel': Array([[ 5.88721083e-03],
        [-1.94984332e-01],
        [ 5.30565996e-03],
        [ 9.41432565e-02],
        [-5.34164719e-04],
        [-1.79675654e-01],
        [-2.33291060e-01],
        [-4.54475358e-02],
        [-2.41425112e-01],
        [-2.10863948e-01],
        [-2.39491507e-01],
        [-2.51332790e-01],
        [-2.02525720e-01],
        [-1.90127134e-01],
        [ 1.55817449e-01],
        [ 1.37302955e-03],
        [-2.26148620e-01],
        [-1.20973885e-02],
        [-2.16918871e-01],
        [ 5.65413907e-02],
        [-1.01723196e-03],
        [ 9.05022994e-02],
        [-2.33776435e-01],
        [-1.86960436e-02],
        [ 3.04903965e-02],
        [ 7.87579566e-02],
        [ 1.05624534e-01],
        [-1.25112578e-01],
        [-1.32558092e-01],
        [-2.46686399e-01],
        [ 4.15201001e-02],
        [-1.30646139e-01],
        [-1.55905917e-01],
        [-1.87206328e-01],
        [-1.57159895e-01],
        [-1.36760874e-02],
        [ 2.77252542e-03],
        [ 8.69864523e-02],
        [-2.34452292e-01],
        [-2.19093546e-01],
        [ 1.35890019e-04],
        [-1.36124507e-01],
        [ 1.04515657e-01],
        [-2.44169086e-01],
        [ 5.26574291e-02],
        [ 6.61103427e-02],
        [ 5.53569807e-05],
        [ 1.23582559e-03],
        [ 2.97047272e-02],
        [ 1.99336465e-03],
        [-7.11760391e-03],
        [ 1.18090756e-01],
        [ 1.78183522e-03],
        [-1.69151500e-01],
        [-3.71926086e-04],
        [ 3.24342633e-04],
        [-2.08665684e-01],
        [-2.52100348e-01],
        [ 4.80913121e-04],
        [-9.60623920e-02],
        [-1.96936470e-03],
        [-1.57878950e-01],
        [-2.06584603e-01],
        [-2.70550279e-03],
        [ 1.06247724e-03],
        [-1.66956738e-01],
        [-9.34890658e-02],
        [-2.12776929e-01],
        [-1.96158756e-02],
        [ 3.34451930e-03],
        [ 7.55859986e-02],
        [-2.00937629e-01],
        [-1.63794324e-01],
        [-2.15512011e-02],
        [ 2.82264478e-03],
        [-1.48269370e-01],
        [ 1.27300322e-01],
        [-1.64606258e-01],
        [-1.31894439e-01],
        [-2.26396382e-01],
        [-1.28932729e-01],
        [ 2.59669661e-03],
        [ 2.07602629e-04],
        [-1.68418974e-01],
        [-1.73939079e-01],
        [ 1.89338869e-03],
        [ 3.36659923e-02],
        [-1.62408531e-01],
        [-8.67664465e-04],
        [-2.43616000e-01],
        [ 3.49302264e-03],
        [ 7.95886964e-02],
        [-5.79559505e-02],
        [ 8.63137990e-02],
        [ 1.45458236e-01],
        [-1.80818886e-01],
        [-6.69886842e-02],
        [-1.67376488e-01],
        [-1.11264095e-03],
        [ 3.76338442e-03],
        [-2.53703564e-01],
        [-2.12234957e-03],
        [-8.28065425e-02],
        [-1.78395107e-01],
        [-2.32066721e-01],
        [-1.80632442e-01],
        [-1.63628206e-01],
        [-2.41965830e-01],
        [-1.12934217e-01],
        [-1.16762053e-02],
        [-1.32794261e-01],
        [ 9.95706022e-02],
        [-2.15032190e-01],
        [ 5.09965159e-02],
        [ 3.26128416e-02],
        [-1.96370721e-01],
        [-1.58200953e-02],
        [ 9.92304236e-02],
        [-3.34816752e-04],
        [ 4.52466635e-03],
        [-2.20559895e-01],
        [-1.57841265e-01],
        [ 3.71273927e-04],
        [ 1.15962330e-05],
        [-1.98815957e-01],
        [-2.06927940e-01],
        [-2.29734182e-01],
        [ 5.28354049e-02],
        [-3.27555016e-02],
        [ 6.54511005e-02],
        [-1.71096161e-01],
        [ 4.58712764e-02],
        [-6.19534440e-02],
        [-2.35646114e-01],
        [ 1.11975148e-03],
        [-1.93294734e-01],
        [ 8.86964053e-03],
        [ 3.21917410e-04],
        [-2.50090122e-01],
        [ 8.71088938e-04],
        [ 3.75735946e-02],
        [ 8.01795535e-03],
        [-1.90453783e-01],
        [-2.43615389e-01],
        [ 2.30339763e-04],
        [-2.22764656e-01],
        [ 6.16013072e-02],
        [-1.95793748e-01],
        [-3.65914963e-03],
        [-1.47144765e-01],
        [ 4.65973001e-03],
        [ 1.13829076e-01],
        [-2.99421418e-02],
        [-1.74993068e-01],
        [ 4.53514419e-02],
        [-1.88914657e-01],
        [-2.00444043e-01],
        [-1.47341145e-03],
        [-1.89831369e-02],
        [-6.42382191e-04],
        [-4.56253067e-02],
        [-2.16951177e-01],
        [-4.21651825e-03],
        [-1.74789041e-01],
        [ 8.13827151e-04],
        [-2.23627940e-01],
        [ 4.05774191e-02],
        [ 5.21981623e-04],
        [-1.39476240e-01],
        [-9.55474228e-02],
        [-2.27485657e-01],
        [-1.38742281e-02],
        [ 5.43686678e-04],
        [-1.82342380e-01],
        [ 3.53916213e-02],
        [ 5.94758727e-02],
        [ 7.29993553e-05],
        [ 7.67336115e-02],
        [ 2.30265642e-03],
        [ 2.04815343e-02],
        [-4.61184643e-02],
        [-1.85493201e-01],
        [-2.25894868e-01],
        [-1.20467925e-03],
        [ 9.85852480e-02],
        [ 1.83429511e-03],
        [ 1.42232418e-01],
        [-2.04646856e-01],
        [-2.14900702e-01],
        [ 6.33598939e-02],
        [ 1.46355676e-02],
        [-2.28131369e-01],
        [-1.95800841e-01],
        [-2.52421916e-01],
        [-1.65587649e-01],
        [-1.57033369e-01],
        [-9.66261551e-02],
        [-2.23421708e-01],
        [-2.35780403e-01],
        [-9.17608209e-04],
        [-2.10737333e-01],
        [-2.04007819e-01],
        [-1.99308544e-01],
        [-1.97158694e-01],
        [-4.84909825e-02],
        [-1.86810419e-01],
        [-5.01092989e-03],
        [-1.62832484e-01],
        [-2.35589668e-01],
        [-1.92749605e-01],
        [-6.22514519e-04],
        [ 3.54853179e-03],
        [ 9.45237800e-02],
        [-2.30129182e-01],
        [ 9.14054166e-04],
        [-2.35765398e-01],
        [-1.67346463e-01],
        [ 3.98520334e-03],
        [ 7.27474838e-02],
        [ 2.64080078e-03],
        [-1.94291964e-01],
        [ 1.10040186e-03],
        [ 1.17374435e-01],
        [-2.66288500e-03],
        [ 6.97243668e-04],
        [ 9.90690431e-04],
        [-1.60702124e-01],
        [-6.03927039e-02],
        [-1.53203696e-01],
        [-2.43600667e-01],
        [-5.46192692e-04],
        [-1.67129055e-01],
        [ 1.21135108e-01],
        [-2.42242411e-01],
        [ 6.06004037e-02],
        [ 4.82569390e-04],
        [-1.86240286e-01],
        [-1.44202083e-01],
        [ 6.04221448e-02],
        [-1.69931799e-01],
        [-1.72532469e-01],
        [ 8.13086703e-03],
        [ 8.41537565e-02],
        [-1.68547824e-01],
        [-2.34287933e-01],
        [-2.13401332e-01],
        [-2.29099214e-01],
        [-3.78636498e-04],
        [-1.09800577e-01],
        [ 1.12330392e-02],
        [ 3.05882859e-05],
        [-2.16708302e-01],
        [-2.05796450e-01],
        [ 1.08460404e-01],
        [ 8.06403230e-04],
        [-2.46188745e-01]], dtype=float32)}}}                                                                                                                               ]' with dtype object is not a valid JAX array type. Only arrays of numeric types are supported by JAX.
